['removed token due to low token ratio added to the lp pool:  ', 'A1EdC3b4aJtV6b7HwS8DqUictUiinqjNffUN5KzAEfAv']
['removed token due to low token ratio added to the lp pool:  ', 'BXMhqqgssfTLcjAGnbsgVfQYfsFg2hkS3kTeDdTcjYV2']
['removed token due to low token ratio added to the lp pool:  ', '22KAHj7WvZwRa1YQW2aXRHEHBC394rDqCqrwbKHAVHuk']
['removed token due to low token ratio added to the lp pool:  ', 'G1KcxrV3NCMZLZ97bRB9mbzoDBy1w5adPkMUSXf9wwBC']
['removed token due to low token ratio added to the lp pool:  ', '9hptbPBJrDjtyYogLj5YwpGM5S3BMDzquVy3Sra3LkQs']
['removed token due to low token ratio added to the lp pool:  ', 'HCanPfqgpY4b714AX61bJYFiqnxszxKCyTXsh59cPHks']
['removed token due to low token ratio added to the lp pool:  ', 'GzVf6MhxX7hWbHtjiJHf1JLdxgBK57UeALfja6tnbQ7M']
['removed token due to low initial liquidity :  ', 'F9Mat1t2ZNHf886qpLd4RtUKBJytPL5ndhSuphZ31g3U']
['removed token due to low token ratio added to the lp pool:  ', '86oPYLn45V3BbnxGmA79pj1keJBZZHRJ3dWijkR638Fw']
['removed token due to low token ratio added to the lp pool:  ', '2ZphWWnuEpbQZaV3WENvhSLrQV4c2tSNmJPexwwAxDEk']
['removed token due to low token ratio added to the lp pool:  ', 'CMrwGq9H6BbaTXrsLVcn5BmXn5mjoCbgWStD1sijiPXS']
['removed token due to low token ratio added to the lp pool:  ', 'Gx4U6qonTbSAqfva5WGhz7RhaTASBkHW5iFuapZVHcDC']
['Removed a token due to metadata mismatch', 'HtYSJg1o4NwScHCEkXSEGZkcnHuRtTAm6B4kXmtKydtj']
['Removed a token due to metadata mismatch', 'H4SwkHjV2qoqH8yw9XuzEZMw6VdL5KehZpSeFZs951bQ']
['removed token due to very low amount of  tokens sent to lp pool ', '3rkHC98y7WWstztCdaBEY5owXw2dzihRZRUixqeAQvre']
['removed token due to low initial liquidity :  ', 'HEXK9dNo9XWhL6H5hVzZ69rg3dEEQz8mSAy72n4eZGNp']
['liquidty removed', 'AgzaQoDdDwhQWzaMFTWJbYNHf24y5bMEvhaURugY1DNB']
['removed token due to low initial liquidity :  ', '6MRHnmN3fq7Qb1LSkaULtRDMpGw8r18bHbvgXk4Wibvr']
['removed token due to low initial liquidity :  ', '37EPrWLQhMfjiXRsjz3sEoXdgDwNfJLYWza25e7gMqZt']
['removed token due to low token ratio added to the lp pool:  ', 'FZcsoj7UGDN6jBGqymFaduVcKDUA9QWXWgxf7mZXP89W']
['Removed a token due to metadata mismatch', '2rjM5TTa6rYBrTHQUD1bvVq6bcEWEJdsiCcCAyja7GGn']
['Removed a token due to metadata mismatch', '67mrBBvQuu95gD5YawhZjtbiEvgGfLm4xWL2JtC9y7DJ']
['removed token due to low initial liquidity :  ', 'SiMneMmCANzanZfd6WsAGB388sHxzhgAkuNAU6GbwsB']
['removed token due to low token ratio added to the lp pool:  ', 'Hr62SsJxTFfaFLCdQZdSaeiRat8Y9mnNTP14Kr6ygXz5']
['liquidty removed', 'CiGofG89AntfwAFGPCNZ5mYAiEWFUxxArnabWRJMBFQy']
['Removed a token due to metadata mismatch', '9khiFwwHfWYuNWhS7zt5b4wpAdsudrtmARRaqBcf8t8f']
['removed token due to low initial liquidity :  ', 'EtGYaqzeHR9xJ6ksrxZdvmKCsfKQM2QgDW1yJFG3meHU']
['removed token due to low token ratio added to the lp pool:  ', 'EPFGZtn6HX6pxiu23um2JeGjDZEoUFwvCqMCcMAWECbx']
['removed token due to low initial liquidity :  ', '2xuDNYEeDySRKGNUrexABPgEbdxGu4UzzPmTiWuCD5et']
['liquidty removed', 'F1nNMpLpgtQ4MbVCYq4koHuZQrLt4xQUUijC5z24LgYM']
["removed token since it's expiration time has passed ", '8A7wkQ2w8NdJnfYNfnJkFgRotKdUGwGpRnVf1qwojmFf']
['liquidty removed', 'FhL4mJzWMpUk8gUtfYRRMJEjHVCbNqmmYxCiitYwnrtm']
['Removed a token due to metadata mismatch', '8UBB9WCRHhakCbCXav4CnxMsYc7kZeBEu87WjJorLNWK']
['liquidty removed', '2Dj1Ur6AZKcE7K3H7sBnRRibDhNWeF8E7iBUCDM2GFre']
['Removed a token due to metadata mismatch', 'J99SnoxS72PMaL6ndy8Ps5S8eDRULFoa5nHBBhNmuijz']
["removed token since it's expiration time has passed ", 'F9Uzf4Sq6du3RHftnmbUpVYH7n5MzMgi5brkFUrgAkeS']
["removed token since it's expiration time has passed ", 'FoiAVgxD8fzpmju9wiM2fY3ax1YhMzmyqUWrX3LWbedo']
['Removed a token due to metadata mismatch', '7ttB15khV7dNYn3GkwnuUgGoA5a3SwFawgJCwx8ZZQnQ']
['liquidty removed', '5yYeKB6sv8WSpGPT2ttHPyVsYwgMPmYu87YtmYjfG2br']
['Removed a token due to metadata mismatch', '3whwcCNZgzF3ivc43EKEcENUFgxCBmFd47zrDL5q5Fnb']
['removed token due to low initial liquidity :  ', 'EB6quZy1HGayLBGzvfoXr79hNyZQZiyi7ct7dQWjuLzE']
['removed token due to low initial liquidity :  ', '3C57Wdg2qt28e7hLKiiVM6cav6ZUbr7vuZUH7Z17WUvz']
['Removed a token due to metadata mismatch', 'B4dDUYMXeZ8U8VmTqxY5QJJZzLtZuh6ce38bz1cAy1Ky']
['Removed a token due to metadata mismatch', 'H2sWr6cKhtQHDwaMSkb7Nc5GEmMJnfHe4VAutHwq3NXP']
["removed token since it's expiration time has passed ", 'BFmy6PUAhoEHzFNERdkuwkHJ4JoDrkaDiXx9okipcgBY']
["removed token since it's expiration time has passed ", 'BrkFPTH249bq2d2runYU3X1EZs6hJjTJxMbBnfNamGCn']
['removed token due to low initial liquidity :  ', 'BcteURCSVaJ7s64UyUvsSk5Q4ahw99xNfcmpow26fDx5']
['removed token due to low initial liquidity :  ', 'CpdLBGwTQoZtAYcQxHpqPx5L6Bpk6Kpk2fx989gYoWuT']
['Removed a token due to metadata mismatch', 'HaRFZ9fhxgTDsTaxa6mf8QNdCTCQYWEZbj8WfqHZV3Nq']
['removed token due to low initial liquidity :  ', '97ScLvyQ3pbYm5UsaqzygmpB48VywpCTY1vC4pgUSWf6']
['removed token due to low initial liquidity :  ', 'AqSgbSHVip3xbx4nXobfTGG9V21XryEn4XMZD6Fd3Nek']
['liquidty removed', '8RnHCzmL5igH5jrB8fQhUvGrevVtL5oz6PQSTF1vtu8z']
['removed token due to low initial liquidity :  ', '2T9386RAjTySgpURdaXU6SPfjxAfxiyT7odyGkX2rRHo']
['removed token due to low initial liquidity :  ', 'J4r8ErFAvGnyFLYJBsHhKHmZLHi4nTCU5Css9W4mf8a5']
['removed token due to low token ratio added to the lp pool:  ', '9Hg7R7WK1zr776wLcCpiTfvKaJvxMEP1zfWGAZKEbBNE']
['removed token due to low initial liquidity :  ', '3iJPjJkgE7gRxUSGouGfNz6wDeiQVrJd5L4dipCQ2aMy']
['Removed a token due to metadata mismatch', 'DzgkcvaBHwt5kSCjZjqofbnNR9rs2PEdcS24QwThfZQj']
['error fetching burn tx...most likely removed liquidty ', '3BpYufDSd42KE5kwbgJW5MEgcgfkR9VrxEzb8mwhzsJx']
['removed token due to low initial liquidity :  ', '8V9HZ8rKavc5u3CVndpFg18s9aqgv1BipJH2nEPozrg5']
['removed token due to low initial liquidity :  ', 'CRXZtH2MK3waLCZh4HDhzkbsbgkqnnWv3JZzAJxF4eR3']
['liquidty removed', 'JCURya7KVmtGxFis6YeKSzPgWoYtcT6xUbEss4KmgssL']
['Removed a token due to metadata mismatch', 'G84xxRTHK3E9S566Pg7Giu4M2zqi7C91vyhAWxJgxq85']
['Removed a token due to metadata mismatch', 'Bwp45eNymEnW2vBB3fjYAAE2TdJWZLpMRbzS4UQRXC1p']
['Removed a token due to metadata mismatch', 'Arc4u91tYfAQmx7HQKy4hu7s21NRjo2K7yeSFjvA1vzm']
['Removed a token due to metadata mismatch', '5Cb5roPkP43WGDCtuuZBoSMguGWnjWjb7QgWM51pcwSe']
['Removed a token due to metadata mismatch', '9M151oWaXMBvJdgFz74YCnqmj6vgpk9K4CjqQHXphZ81']
['Removed a token due to metadata mismatch', '2Q2ksc9jXsdvohu21SNkjviD76zQS3drkWSEtmRhd8Zk']
['liquidty removed', 'aUP6q2ZSwdKuMVMCqz9MoqJQkU8f7jiMmtfrTKdEkzY']
["removed token since it's expiration time has passed ", 'Bo14zPoP5nwexRcK8YGvBpTYiaFh3fLDgtDLrStKWTgk']
['Removed a token due to metadata mismatch', 'rL97CbDvN8P823z3YbR5yszB6ed1u8ryZ9Nnv6ALyvX']
['Removed a token due to metadata mismatch', 'DRe2vCePBHdsfam38WP1Z4akAanSGT5EFDMkZrMDDyQJ']
['Command failed. ', 'So11111111111111111111111111111111111111111']
['removed token due to low initial liquidity :  ', 'AVePLt993ZPQSVgnxYPkRAiMqujyLGqDGNxAPumAvUuq']
['removed token due to low initial liquidity :  ', '2TyWaebBZTH3Grzukfi7BC43MNzrkwShicBBGccpDg4x']
['removed token due to low initial liquidity :  ', 'J1DrHTcdhbiUJ94g2Y2GuZ3NX1FQYQ7DzFBRQLyWEE2s']
['removed token due to low token ratio added to the lp pool:  ', 'KoinuddRLh81Hg5XnEX3txp2BUaxiic49hJ6u7e8YMp']
['Removed a token due to metadata mismatch', '8Gnr6NVEEk1KeUh6PjgnYiTjjbMtd1u2kKgHZFqjZAFd']
['removed token due to low initial liquidity :  ', 'HPeffBhrPHXR3zwqvXdf5T6yr8au71Xhk6ZNi2U4bu2o']
['removed token due to low initial liquidity :  ', 'ANmvRReZLAcsdvGQNJQL1CJVKdzjuF44MUaYoejDD8ER']
['Removed a token due to metadata mismatch', '9vQfoZ1KuwwotWQ2N5EAAStG81VPPSQcZ7wmPfBGMui7']
['Removed a token due to metadata mismatch', '4JntvpX8ZydrZMTUUZacxKWURYoQvTfHyRZusNaDTrPb']
['removed token due to low token ratio added to the lp pool:  ', '4rh5Ef3bbbQUazkjZrquMkk1HcJFoi9uwdEffXcWuAqm']
['Removed a token due to metadata mismatch', '5cj4R7tZotZSXK3GssK6BbBcnBBKS5oarRUq1UfPVKSH']
['Removed a token due to metadata mismatch', '5MBBsoCVddAuF8XixvCcXNbHAw6WfpZ8WyTKMmczxxRN']
['removed token due to low initial liquidity :  ', 'CJ6Y88pZ3JJcb5u39m11ABYqU6hEAwAd2VY4zUgsrweg']
['Removed a token due to metadata mismatch', 'surixGayQ4juaW1CYKCa9ePcqJrMwgX26cw3p7UNwCD']
['removed token due to low initial liquidity :  ', 'Ed6DwNoKTvEcMrS4BbVgdjLUZCMZVUNM6GEF5QaQGLrg']
["removed token since it's expiration time has passed ", '87Rfs2GzBoEz2pNVoL51NDPUbRZC44TpcCsm5TwsWWyR']
['Removed a token due to metadata mismatch', '51nYLVCXU7e9SMDEZNLgbzTvxuknkSoS64H5JMckgxaQ']
['liquidty removed', 'Ert3vbLEY6qSvYfvUTghzHEih6tcxKTV129SMRBsS2Jj']
["removed token since it's expiration time has passed ", 'HDBaUhHTeqztiL7Yf6QVQwnFGdb1mZ6UEWBCfRtY3TDs']
['Removed a token due to metadata mismatch', '5QLNeXGgaQ8anNRwiFhx9cPpa1AGQ8xQFjnwPWohkiLy']
['removed token due to low token ratio added to the lp pool:  ', '5ZP49h6tUgoWgxZyBC9fXykNyQPTyFVXuNw7nhLwbjxJ']
["removed token since it's expiration time has passed ", '3BhEMVc2qoCokmgEhBCQEBJ5A5d7qd6dYuGyFHctSqvM']
['Removed a token due to metadata mismatch', '2CJLuafVgW8owqiSaGy7o3vckBaSXUEExQiF21f63uTC']
['Removed a token due to metadata mismatch', 'Qqhysydivwddx1JcMS3rxDYSDtGkHujXtDFC7UpY55W']
['Removed a token due to metadata mismatch', '72AveYCVUKFdvxi26GrqqMJpsSaUVb26BEj29oCygjJc']
['removed token due to very low amount of  tokens sent to lp pool ', 'HdsEtPFQYe3Dtfj3F6cZnsGP8MVX4nZVUPgsd8DYoThX']
['liquidty removed', 'C6oqfiDjqHVDYSPE7vafz2xMtfbm8wyZwbzE9tz1JUoW']
['removed token due to low token ratio added to the lp pool:  ', 'HRVue2jg2rSwJZQN1dNbJsZQvCjvGRz8suudLWAhCW1Z']
["removed token since it's expiration time has passed ", '892axQKFZ1daigr7cn6UVi3iShEmCEcKPu6E7yJYDCCv']
['Removed a token due to metadata mismatch', '8P7moF3fWAUaDSfw9YGW3GbVbt5D8wQqsfNbUXogdWpv']
["removed token since it's expiration time has passed ", '8bMpPA6L9i3Uq1UqxrbCRqNbeGhDskBpELM534XiTx7z']
['removed token due to low token ratio added to the lp pool:  ', 'BPy77C4hsrYMaipJhMJHsbvbqhXyyHDb8KMCAebFdJem']
['removed token due to low initial liquidity :  ', 'Ap5okkGr57wgoTdkcLKKsSMYd67EqTGKPXWxrmXhxwiD']
["removed token since it's expiration time has passed ", '5MvcEwqjbDcPtpvP447T19GqktV6kMxmAYapntVv6gzG']
['Removed a token due to metadata mismatch', '3CwfgW6LZw7eeBpb29zPDTGYwuHpfYfLcWGR1aAxTmVY']
['Removed a token due to metadata mismatch', '8SEfsU39ruZpUkLTB5z9jq3wxw92oUerJxZFKbeLMiVg']
['removed token due to low initial liquidity :  ', 'HB2pjBPuquh1XGEVC1GCKepdh4daoJnkJiHFmaorfBWu']
['removed token due to low token ratio added to the lp pool:  ', '9k8pKcqLq3xhHkwdEDYaRtLRnqT8RxTujgKXtjk96d21']
['removed token due to low token ratio added to the lp pool:  ', '9cQ7Ae9kLHygFUwhdHYwCcjfFVZVNeZv2tPYcDxiYQ69']
['removed token due to low token ratio added to the lp pool:  ', '2a4ivkqJNeHMi949R1NkgnMyLk7j4sPGRhvkhMdGVQ6W']
['removed token due to low token ratio added to the lp pool:  ', 'DzL9ix2qxQ1YGhhtAR8T8YmWp1m47AozWVFgFgTJQJnp']
['removed token due to low token ratio added to the lp pool:  ', '4Zdj52hTkmYUVHpt4xdJzXvKWTuFgLjLWvAKiXZxWpT3']
['removed token due to low token ratio added to the lp pool:  ', '2DUpPp3z7YbNDXvch2dUG3rTHofitsFZkdmJHt9StXwi']
['removed token due to low token ratio added to the lp pool:  ', '6abDarsLeTH3aYKrJpa8V97GoDEaMfiMJg7J5jChVqur']
['removed token due to low token ratio added to the lp pool:  ', '2upMa29FDKq4PgX4fykkKMhm4fvDAS6DaJ3EsGTELiGo']
['removed token due to low token ratio added to the lp pool:  ', '8E1B4xmap3eYDR1wKiLkZa8N1pbzX97PCEa3rjGGN8fj']
['removed token due to low token ratio added to the lp pool:  ', 'HkE3yE87ggVSzwdbYW5xahMsnafA1z49cgEsUeaLe18Q']
['Command failed. ', 'FshGCLAi7yF4aMkLCEKjLD1guHijT9fEGsjGtczt3kU8']
['removed token due to low token ratio added to the lp pool:  ', 'AhhjGmBSWdHRJLNDYNwf5RGxfeagwiXoWHZMgwRi2fK4']
['Removed a token due to metadata mismatch', 'EVTjECRZs5NK1uvnPaAn8nMRHfoRXQPKxYtNEt7oRvQb']
['removed token due to low token ratio added to the lp pool:  ', '2DA1XKGEFLDHcbiS685sgtgAQLzAnE5FkN7TKc7B7FwQ']
['removed token due to low initial liquidity :  ', 'EsFVBYNPcoFcGxJoK74vAd1ZeZSy2F32TuDtvTjhW12K']
['liquidty removed', 'A8onFZKZ9bHchNnNEFc6McUCRCudhASf5gmcjVgAroks']
['removed token due to low token ratio added to the lp pool:  ', '2PCegSVAesdb8ffZViieXUC3gH2wku7ieXRteB8Az7o6']
['removed token due to low token ratio added to the lp pool:  ', '2buvegShG3j5ztUusZjSQERgm9WDznPbp48pMJ9z4YgB']
['removed token due to low token ratio added to the lp pool:  ', 'GHn9tWohJiq57fHrTyJNqi6bxE2NF4q5iZ6H7irVHrFT']
["removed token since it's expiration time has passed ", 'FuwgnAKD5vF9naXQpHdK3A3bFgtdJViySQfijRfSMhtL']
['liquidty removed', 'ALhmMpbGQsEUzHrXnwpAQyA1zJHVtu5zayQZoCe68okC']
['removed token due to low initial liquidity :  ', 'GYE3wqZtGfFHQJ6PAqaRmjrdFWdj5Nm29N8rRWAaXkzY']
['Removed a token due to metadata mismatch', 'E7zFWep78R5CZCEESDSiNYny3D4XGManJWhQQjf4CR7c']
['Removed a token due to metadata mismatch', 'DJ1cCzVJKsjLmJkspKC9gefTMGU8bwrkam9zVd19JQLd']
['Removed a token due to metadata mismatch', '2ZA2sRqhdPNTWudTNHQzSHmmXaSWAnq5UT6QTamzuLbA']
['Removed a token due to metadata mismatch', '9nPdsG1recYY8EPHcWQ7xxbqKMgpe4R2PCjKZWHL9zkr']
['removed token due to low token ratio added to the lp pool:  ', 'AHedTryCVZAJN5VtAjw9zVfgeGZEzR1ZhapmyiCxNYdn']
['liquidty removed', '67zneeEALkZ85LdCKz3JrwwgRx8pj6XnazX8Xj3r8AMx']
['liquidty removed', '2bvk7E6A94FYYubQ8L1fKAQMPgMDWjJhj4DuKWZRnpqS']
['removed token due to low token ratio added to the lp pool:  ', 'HjUL5dAj8SykzmUHZuMdKEQVKptrA9AwgDvZhJHXVhbm']
["removed token since it's expiration time has passed ", '7NTU1XMYuZg5QfMk5FSBHKmbAFWcZVAaQGp6KMSr4k7e']
['removed token due to low token ratio added to the lp pool:  ', 'BTLRjSv9Mx2YsbYFZC2jLytZDHk4bqNDeJFqGpVWnbMy']
['removed token due to low token ratio added to the lp pool:  ', '3QgFmvQi6GydDHF94PqMQcKL1pFRWH8yRR7h6LF7GhNn']
["removed token since it's expiration time has passed ", '2eCwTTUs1UriPdhdZ5UyDZ6ySrsURr9ftbbrxgxuPvas']
['removed token due to low initial liquidity :  ', 'FZ5bi3cbsAfkjiR8tyy1S6qXAqoFNckAkWTeqW56DziX']
['Command failed. ', 'DcPiPx2EevGuhBwQM8QKYKKaTUDy81ZnZ4kKywcDeusA']
['removed token due to low token ratio added to the lp pool:  ', '2Ygev8raKC24UPYWm2jSWi7eqZmU35g4fjDTsKoF3eXR']
["removed token since it's expiration time has passed ", '4xRCxDoHhDqSrYSdZSf5Fgb3rjCcMLD4Y4u7mh12ZguL']
['removed token due to low initial liquidity :  ', 'W3HPFHeWk1E8QQww8k7jLdrdVvnbTNGMSjH7xgjYQzo']
['removed token due to low initial liquidity :  ', 'W3HPFHeWk1E8QQww8k7jLdrdVvnbTNGMSjH7xgjYQzo']
['Removed a token due to metadata mismatch', '3jRstJFSintpWQPrxq7fyd5zwXRXqVc6WiaGCePPaxqp']
['Removed a token due to metadata mismatch', '8Bv1eAo5DNfQA8Av5VfK4fcMU4BQMqBQ6Q3ZaSPcTuns']
['removed token due to low initial liquidity :  ', 'Gfn6wq7pp64Q9FNvu6Nn7M4M8F1Rx2wUDP9XEhT6Sc87']
['removed token due to low initial liquidity :  ', '9rfNASefhQWK1vVAKDwCLJLfHcrtvdSMrRPKdwJiY71d']
["removed token since it's expiration time has passed ", '3B9QTa4pMqiBDFHkp33LMRzQQPxZrWDhGQPBUJDVGZb9']
['removed token due to low token ratio added to the lp pool:  ', '4SXXJCazvyDB2wa7QpNbgeefQxykRcNMzkRbaHMCN7BH']
["removed token since it's expiration time has passed ", '2AJaNmADfhnVrkrXsdwcoxPybq8vgKXyAEMrCDHih8UY']
["removed token since it's expiration time has passed ", '9hTZKCMSnveMXPcQj1fgpKMxvi2Ap7w3Nu2mAR6bnWDc']
['removed token due to low token ratio added to the lp pool:  ', '6SMnyuzbhMMoJEN1GTKja45LFyaFg71EyXyeK9JmVrC2']
['removed token due to low token ratio added to the lp pool:  ', '6SMnyuzbhMMoJEN1GTKja45LFyaFg71EyXyeK9JmVrC2']
['Removed a token due to metadata mismatch', '5sxcoXHxnxVT8sa1TrS1mktZFVon1uudenSbJS1JfeYh']
['removed token due to low initial liquidity :  ', '8f11FPbHLQBDFr8AgxB3NUpRGoTWibW1MvsSc8mGvEus']
['Removed a token due to metadata mismatch', 'DebNDWNt2KZkC7GPts958RiedSU3Nd4ujPS1Pm51jKCm']
['removed token due to low token ratio added to the lp pool:  ', '3R9T3bX8j5U7b2Guw6B2JDRpoDAMwMqD8DtC44VWavne']
['removed token due to low initial liquidity :  ', '2wUAsUUZxFSkWGV4TdR3mUsgEHK4Lnkhw81ZKQJZgRPv']
['removed token due to low token ratio added to the lp pool:  ', '89nUJbLjmuw1eGa6br4zcDEE6xwE3WZuhTpoSRSPVqxc']
['removed token due to low initial liquidity :  ', 'BuLLLJyGjVcwLHqYfBCbzdbpMLcGH29ZWHPCEDpPhh3Q']
['removed token due to low token ratio added to the lp pool:  ', 'FSQcXnCkiMHBojULVedTbjHxfQkDEbJbrjKT6vNUFpvd']
['removed token due to low token ratio added to the lp pool:  ', 'FSQcXnCkiMHBojULVedTbjHxfQkDEbJbrjKT6vNUFpvd']
['removed token due to low token ratio added to the lp pool:  ', 'fa8e665KUxaLPijF2nJhFsRUmpnVtcFCAJNwmqX6upf']
['removed token due to low token ratio added to the lp pool:  ', 'nianmgsfEfvC6YT17bXGQmJS89jWiCjswA1CCdXPHo8']
['removed token due to very low amount of  tokens sent to lp pool ', '3AsWt6uH2Pkg62pwSk3BrXpMxWWc5QqZ9NafiR5Q5piz']
['Removed a token due to metadata mismatch', 'Dg51XoC5f5rZY2QnDupa9igsfdwYZ4CbV4TXHST9kKWA']
['removed token due to low token ratio added to the lp pool:  ', 'CM27rxzAKAXfHJ8drmAH9rZjTZNwbG2WnHPRKJib87sv']
['removed token due to low token ratio added to the lp pool:  ', 'FGfoPReRUjhjcWiqNZ7Ny5gwSh8DhiEdSETUjE7KbwpQ']
['removed token due to low token ratio added to the lp pool:  ', 'GHMvPRyq39HhiLwGo8wtaaVxR3AuYPd4EdgkrFZqXtic']
['removed token due to low token ratio added to the lp pool:  ', 'oXHHxESHu1sT852c5GutudH9jxPypBnQFkCELSDmePA']
['liquidty removed', 'J2LjXcmcc9HVcS6J7H5Xao9YVDzkFeF9yuVk7M8tk4Jv']
['removed token due to low initial liquidity :  ', '7dE5qBdhaC8X4QLP7HB2r15D3AHHoNXv9APJL59gEbDm']
['removed token due to low token ratio added to the lp pool:  ', '6b8ytxUQQLYKc8MvN8uswwTktiaiDEDSuYVB1TNSXxJ9']
['removed token due to low token ratio added to the lp pool:  ', 'wfSYvJKkE3et1oV3rZLgmhtmh4GFndY6D8sAoTz8dXg']
['removed token due to low initial liquidity :  ', 'EybyVDxigTRtXDk9i15fE5W8u2ABEJfsBuJWm9yXPnkY']
['removed token due to low token ratio added to the lp pool:  ', '6bn5KpULPpjJkStsVdWRLgQ9JSFkzqbGGhDHgAPHRxEq']
['removed token due to low initial liquidity :  ', 'AfdeGgKJUgHZxZZjivWKebjVosfzU8WYcpdxXuuSsXzP']
['removed token due to low token ratio added to the lp pool:  ', '9712cJHhtrgBBb3PVEKgj8Sjm7e9Ztdyn62iSinfRL2g']
['removed token due to low token ratio added to the lp pool:  ', '7SShQvWmL7251JDwuXJJMeiwFWQfy5uhQnUYasgfaD35']
['removed token due to low token ratio added to the lp pool:  ', '5fyqEC3te2GDPgmpFGwYrakLZA1hLgqsu4dMBW11KBsb']
['removed token due to low initial liquidity :  ', '2MfQb7gWLEb84XuDd8HA2MTvCDnr16EMHvHZitacvNDR']
['removed token due to low token ratio added to the lp pool:  ', 'B1Dzyw58y6ksC1uAbCUwZDQHRvaRFkBKHy8zwwPfqN3H']
["removed token since it's expiration time has passed ", '7UNNKuiR3kedVcrgjTSCLHofBqHcQ3H8WAnKu7gCViZh']
['liquidty removed', '9YosSJKrumKsL7YZtQorAYtT51B8Rv91zuENEuRtf6NZ']
['liquidty removed', 'FwvrVqbAM1e37uL18ei39xCSqVfvNMz2jrVcgT4Ctr7J']
['removed token due to low token ratio added to the lp pool:  ', 'ENVV77nArkZrAXajb5whSHwsEqkRQ72YGVRWk8hfiH2Z']
['removed token due to low initial liquidity :  ', '9GkPDsU2vhcc2xZCHTmQZnTgtyF7WJBYj3WQPehGa13A']
['liquidty removed', 'C7gyii9TBt3PvUTDS6HkoH3LvHLj7pgyghSc76bh2eza']
["removed token since it's expiration time has passed ", '9beBS6pyoGdZ2epo2WgiHxJzJUWX5FbvxrdmXFzFWYk9']
['removed token due to low token ratio added to the lp pool:  ', '5mVWJr2LDxgiKFZurgDLQELhD2et5hYKYD8LV8rnUGKG']
['removed token due to low token ratio added to the lp pool:  ', 'AoddLQbztehnmeJMav9Lr69WrZSHeGXR9stcBxu4oqAo']
['removed token due to low token ratio added to the lp pool:  ', '9MMSUcpEf7uQSkYweYBNfMYqkpc45qxPDiwMVUToyewj']
['removed token due to low token ratio added to the lp pool:  ', '98vXksTebcWtgPCjfwYaxba5sVfEZhq7tzsLpC2wfiHG']
['removed token due to low token ratio added to the lp pool:  ', 'DJbr3mMp8n88ozoZx8ukJiUeZznC3DqL9DXyNViRdGRj']
['removed token due to low token ratio added to the lp pool:  ', 'AxnVzV8fHhbBHKkTSB8WuteKuviNxD1a1cAn6P4TKRQj']
["removed token since it's expiration time has passed ", 'FbLrRXKysv59tCuKpXhAHCnBigmxfYMVUYmKqkTNZcea']
["removed token since it's expiration time has passed ", 'Bk9rHQZfrSNTQx7xRTgDUBVvuGkYzkWJBrL7PhhriVEV']
["removed token since it's expiration time has passed ", 'HccYWh1TDwungTH73fAJHN4gcw8g2cTvvpjcu4fAAbCo']
["removed token since it's expiration time has passed ", '5Nf2WK7N9pg1Lsgxs7iKeM5cenYShYzso9nm4eFB2ChH']
['removed token due to low token ratio added to the lp pool:  ', '5ukFPuJcmSAGSCUGSmfwzAmzwcWRUydQXqGM45xESSJd']
['liquidty removed', '4dPs78vjeddjS6LTgdprswmXLxkFse7dcDT8AGT5gYAE']
['liquidty removed', '7ZuFfgn92QdcaNwghdaXoW3NJ6bRfZHDw3S9iKXGWuz6']
['removed token due to low token ratio added to the lp pool:  ', 'DDUz5Rs5DjeMX82qyVNobrzbMBpgkENX9UkTPgy2d4qX']
['removed token due to low initial liquidity :  ', '8Yvq5z1hbTBfC7obT2jeCt5WPm7u5eWuZzyiDqwB5weo']
['removed token due to low token ratio added to the lp pool:  ', '62U5zYJadvquCqvtqxaWfZmpLU8iT59J8z3BEfVc3Q92']
['removed token due to low token ratio added to the lp pool:  ', 'Gx3UcaVuWyi2gEyKi51TuCiTnjJpWBRk2Yv6xaK1Ux6i']
['removed token due to low token ratio added to the lp pool:  ', 'DnzaCfdddSSupX4Kv7YNmoxaNEGTvHBbbF8W91zyHUKX']
["removed token since it's expiration time has passed ", 'CNk9dFg1jkMS99bmnGiA5UYe8LFkSDuh36govJMYT697']
["removed token since it's expiration time has passed ", '5mnHdbie5NVK7xcaqm91Q1JHDrBro3jocx5whcDf6M7z']
['removed token due to low token ratio added to the lp pool:  ', 'ESEQmvHEceDURdmebK9DDaVgzAGPYHUxzZ8xwkFha8fb']
["removed token since it's expiration time has passed ", '6YxzxfhL5m46R7tzcfihWu9q2VC2Fif7GevGxQBcSfVS']
['removed token due to low initial liquidity :  ', '8z1cnxVmMhEj7Uhi91WvsGRJ8Z2qTvdZYmKiQNd669wA']
["removed token since it's expiration time has passed ", '9Gr7EpWcauoUKL9pRFiNCZPW3vi3tP4TXV2FwuaPX4N7']
['removed token due to low token ratio added to the lp pool:  ', 'mpNPEj3qTb4B97h99MHmZALsoCDiEkGEJikXxDcBuFw']
['removed token due to low token ratio added to the lp pool:  ', 'mpNPEj3qTb4B97h99MHmZALsoCDiEkGEJikXxDcBuFw']
['removed token due to low token ratio added to the lp pool:  ', 'DWSHzHkuNsBHcuj6DuYf2VtCVXLYzqk44ehg4KMx9Mqy']
["removed token since it's expiration time has passed ", '2n7Xqa1oE8XSbsR55Qc1HNnNeeNisdxjryCbpN9SsLGB']
['removed token due to low initial liquidity :  ', '98vGhuACRiNhv4fX5PngC4sTn1RF7ctZwiUQEGyad37o']
['liquidty removed', '6AEbFWdkPWeRic5U7KXFvm4u8a2RXFKmjYZCvz8DkA8q']
['removed token due to low token ratio added to the lp pool:  ', 'EY5gQA8WWPmEixSRMufrM3QfYcX2YdMHXR9ZzjMr8HLk']
["removed token since it's expiration time has passed ", 'HTtgKMMiLu9bETg4CSeu9JaWzjWT3DCccTJ3P6hoaArB']
['liquidty removed', '7pcS1jTKT19dcokxPD981FtMjTagG3jodAsA5mWN4Mak']
['liquidty removed', '8EJ1StSziQZh5MYztaGNJFcRfFekRkudq1DqUcqhBe57']
['removed token due to low token ratio added to the lp pool:  ', 'BpCcznJh2LZd4Rw2jdD8G9jr11M79JqwYR6DrxbZPMw2']
['liquidty removed', '68g2rUMgWoCfJ2u9Tij1QziV5CSMGoVg4A1pLKCrXDT6']
["removed token since it's expiration time has passed ", '2gKkj72tCpymJb8sfwzU3V3QykgceE9zSyz3WdsRREtX']
['removed token due to low token ratio added to the lp pool:  ', 'FdRm48Lu83BgtdxgMzQHoBdfVnv9pWEAuHDt3a7qxiA7']
['removed token due to low token ratio added to the lp pool:  ', 'ATKb12x6rVTVdBdsyqtm3jP5T6eDvuCzEfgDSN8vprPX']
['liquidty removed', '5JVtfn6HZMRuGzzohHkG7vcotLWxYcgGBG5s4pRmjurb']
['removed token due to low initial liquidity :  ', 'ACXjgu1SPhgDD381y1EiiwvW85nx7vq5VgzoPQGC7Q41']
['removed token due to low token ratio added to the lp pool:  ', 'HUXRn8KqyPLryE98pJN1NxZWMT5cCBvc4FzNnVPSMs8q']
['removed token due to low token ratio added to the lp pool:  ', 'rvmBsUnX9yRehTL5RBp1Unp1Gwajh1H6cX4n3MUGbZv']
['removed token due to very low amount of  tokens sent to lp pool ', '8gCwodSGtKEPijpbtjP7eYvV1h2XpeUGZBV6BCHskysf']
['removed token due to low initial liquidity :  ', '5AqkcsJMd4fsRNMjDXPZZmcVezybyNpyQRMMTqvYTiSD']
['removed token due to low token ratio added to the lp pool:  ', '9iCAT5nPx87hDiEXmQUsphnAUue6wEE5gvSCBHoJeoDe']
['liquidty removed', '6MwBWFSYDSifZDfWfvXq4uZWQcYDzrM6eUf517BH87qq']
['removed token due to low initial liquidity :  ', '9VQ79UGyjK1uBPm2bfT62umqW8oK8bHesBzE4a3GhkHS']
['removed token due to low token ratio added to the lp pool:  ', 'AD1pWoJrLgdiZqJ44hq7hxnT8wQ5WY1wrGFQqGYhpj2F']
['removed token due to low initial liquidity :  ', '6bqntwvEob9VCGEtzVTyvaJuhvyWWdTSx3NoQ8xLBXjn']
['removed token due to low token ratio added to the lp pool:  ', 'EzPLXZ7C4cRrBZqj2AsZ2918n86krhdS6PjsLZG7W9rX']
['removed token due to low token ratio added to the lp pool:  ', '2ZuRp1vMJpHeV4U2zxPABo4LpcAHfKSBgrHm5Q2B8PGT']
['removed token due to low initial liquidity :  ', 'AG2x3Qz5uyNwDeHxdksi1Tb6HcaMb5Y9oXfRbcb3phKt']
['liquidty removed', '6wKks429Hvo97UcVkCnfPDKHS2n46Z5c2zCvt7Z9MDEd']
['liquidty removed', '6HdLQqDsexi1JNiG59K1emaX3utLuXXX8pvp5787zpPN']
['removed token due to low token ratio added to the lp pool:  ', '7cM7pChpfha8fGsCWw65pLpDHuhZFwgXvKregwafGJuw']
['removed token due to low token ratio added to the lp pool:  ', 'bvDc8Fabqi6MQf3psi5CwpzFfUo5cHQpfG2dAmC9uVf']
['removed token due to low token ratio added to the lp pool:  ', '5dM3QSjUqnGMTNqMNK6x7owKL8R2ftNZMhMi4NkAi8dJ']
["removed token since it's expiration time has passed ", '4dpfPaoM76o2fsPEsH1R2DtGKAzUBQhjq2V29LdLaUDh']
['liquidty removed', 'ALVqhfYFMjj4UXR5mooVLFUTj7sKqSSwFcBysXC5HhK3']
["removed token since it's expiration time has passed ", 'Aiq5z5FDiYVNTGJvA9MJujgjS4RVaKeroMTqB3aoM4va']
['removed token due to low token ratio added to the lp pool:  ', 'BGThz6Az3Mbnrze2AdnGNvTymuV5hgGF6YLGP4HiQauP']
['removed token due to low token ratio added to the lp pool:  ', 'FVzhvsq1uL8uk8g27iHuBK67fpzpnMHnKHiuFMqWiynG']
['liquidty removed', 'Abr8zkZDjjiL5E5zS4UmgUQ2WepWNwz7voYTYQAwnBEJ']
['liquidty removed', '3L8gL3sJ79LGQokWN8qPGwMNLYFBgSwkujb3bMZTPrLV']
["removed token since it's expiration time has passed ", 'FktNZJnytZtWAq2qi7YFPjXq7rYZivQpDjAGJpf5YDAw']
['removed token due to low token ratio added to the lp pool:  ', '3HYU9LHoM773zrs2MzuDWDhVNm9uGLgRDSNL9MpheYEz']
['removed token due to low initial liquidity :  ', '6y514b6aWH1tnw6YHG5h1JVG9ETPDqeZcXi9RMsvxMEd']
['removed token due to low initial liquidity :  ', '8JY4iPzz8srDWksHGTMShfQnb81Dh3ELvpbTJ8bBDbvD']
['removed token due to low token ratio added to the lp pool:  ', '5XKTY8QuboNiqLgyFaniP1tGh1c41Yqez8om5SsyRw8K']
['removed token due to low token ratio added to the lp pool:  ', '89EX84XWZTowJznpQYq3cjBw8vY6y2FwnxtNTBQ4cuwi']
['removed token due to low initial liquidity :  ', 'EwhWv6hFVSqYQEU3iWyRmTBDk6xc8b1GGt85nXMcvhxo']
['liquidty removed', 'FvvaZ3Xhwz6Nir56QpmHjDZTFC2CZsLXf9CJ1Vqx6NfN']
["removed token since it's expiration time has passed ", '3ArwGtCvR5L2uUL8YDUTwXkU62HovroxxKD51nzYvzqf']
['removed token due to low token ratio added to the lp pool:  ', '51r55parzsEDrbZTQdDo5EFU2jrV4tt3rhSTRfRee6ow']
['liquidty removed', 't6aQmD9UtWmzksvLTi98uVh9CaXZS6f9JsoZnnwJd7r']
["removed token since it's expiration time has passed ", '6F5QaV8EAMEhuvTgvBgLKRak94eZ8UjGPvCAudNv9dVn']
['removed token due to low token ratio added to the lp pool:  ', 'KvrfD7NVXWGMyRPuR2xkiebt86oKfp5ZUvXpnjhgQZ7']
['removed token due to low token ratio added to the lp pool:  ', '7nK4CYDXxMuSiYTyGsvNhGDktKSXSQjL7b6m5t6sb4fW']
['removed token due to low token ratio added to the lp pool:  ', '2KARtLGDEW2dGLo654aS87PgShqqRiREQJBuafuuRf9N']
['removed token due to low token ratio added to the lp pool:  ', 'Duy7xm4kaVrTzB9BoXwg3sjPvATYYnfJYijaT8twoZZM']
["removed token since it's expiration time has passed ", '7TvVmLLgLi1jVdNEBL7jzdyC7Lez4jLEEmwbp57eVejY']
["removed token since it's expiration time has passed ", 'BeK2ci1rjTJGR1x8dHXWWvbj9pYWBbCHD8JcwksFzPzm']
['removed token due to very low amount of  tokens sent to lp pool ', '7LiJ1cpD1LsYs1wJE3HRrbD2SYvoE67inedTzqtbdrdX']
['removed token due to low token ratio added to the lp pool:  ', 'Bh7FyT13AP9Q2uHLGzRNQP8kcGd4apM6NBTGG2JS9oc8']
['liquidty removed', 'xJNpkEht7ShfVV9gxEx7VYFA846orQR34j3WWFAi5Nn']
['removed token due to low token ratio added to the lp pool:  ', '3d5b3ZUjwd5RkdAGKLo79EjUKL2MRzx2oMXaqVVUNJAr']
["removed token since it's expiration time has passed ", '59zyhuDCyeFtdwQLkeEsgXm8RdzgQHp1T5x6oNsXseRL']
["removed token since it's expiration time has passed ", '4jHg6TSxvSajUfftxQkGm8gGX5jZouNHBKHUdb5F2kvC']
['removed token due to low token ratio added to the lp pool:  ', 'Et8g3tCvCNaf4SqR9M2MfFeQkNwkQ41i3L5wURF7iQtA']
["removed token since it's expiration time has passed ", 'GsMmSE5c31TdkZS1exEdS6jJ1PKc121zzzxFVyfFZXKJ']
['removed token due to low token ratio added to the lp pool:  ', '9VYFKNuYUFs9QtEFNo5wjpC47VtVZRQFaEuLxcnybGKs']
['removed token due to low token ratio added to the lp pool:  ', 'DHZpFYiWTgA3GGmjXy8v8zRu87UArKpYfJ9oRtXXqdLd']
["removed token since it's expiration time has passed ", 'AMk6ZBvv4PTdE6NKeuo63ACqefX9knv2smvt5WCvmzjT']
["removed token since it's expiration time has passed ", '53BVscaEZ5JAEgixfimhgoahMLq4UoCsxkaXLtNZ1iVR']
['removed token due to low token ratio added to the lp pool:  ', 'HEoU75xzNFn4yUYeSH2Wo2jtH77dT1NQXf8k2SqTrU21']
['removed token due to low token ratio added to the lp pool:  ', '7KFFtCm8ZR5NLKLnA1qgh2QU6Cdix232wLs3vfnJvHUd']
["removed token since it's expiration time has passed ", 'HcYaQ1MREe75CtBJnxAZ1jPihc7LzKXmJExEdv6p2ruY']
['removed token due to low token ratio added to the lp pool:  ', 'EpdPkT4gYMN63TC3uAynMxhPnwV2HpPkECKy8Hg7kFJF']
['removed token due to low token ratio added to the lp pool:  ', 'EpdPkT4gYMN63TC3uAynMxhPnwV2HpPkECKy8Hg7kFJF']
['removed token due to low token ratio added to the lp pool:  ', '5fcPBdsQheQashfnG6YrCF8CyMgAUuH4rR21PHkc2U6t']
['liquidty removed', '5ggMqbgACYHT4qFqFRBtqLFtQa8qJg4rXXTMWZ9Tec1U']
['liquidty removed', 'so7p1xrMa2CeGxsmznyZGWeT9VENoBN4zukSoPxPAFS']
['liquidty removed', '6tkHxv3Md6n1TPLLb3sdiGAdWzzbjFB47mTsbLtKkPXk']
["removed token since it's expiration time has passed ", '4sjNb7BDjMsjUBvf6LES24J6nMXg29TiXwySQdHeA1am']
["removed token since it's expiration time has passed ", 'DqqoaWtp1a4YbzRuEf5KAbmfrYAHDY5vhweEnLrP3zsu']
['removed token due to low token ratio added to the lp pool:  ', '2QEKcg74QeKk7tkxAMcAdZf2FyQ5LoV3dsYSpLUPHtVa']
["removed token since it's expiration time has passed ", 'AFaCNxuTcVP7RBxqGiRP5UPqF9Ebx9Jz2827DEwcqxEU']
['removed token due to low initial liquidity :  ', '9MddfTBKoSGE7tn21Bzgwam1xEabyi3fXT4amstywgXD']
['liquidty removed', 'dJxnaHMwwn2YGYoNf6jLkjkgdT67y9TN2NprSNWW9do']
['liquidty removed', '8oEqMpZYNQSBzWnsGcPkr4pvMCz5U824iHxjaaCf8voV']
['removed token due to low token ratio added to the lp pool:  ', '7G6z92VJVaf86mtZMyB27vwPuBhH1xrtLQupqwLh865z']
["removed token since it's expiration time has passed ", '4ApadMWA4gA9NcaniUhSUApZPyoynyCemk5grqRkPRJM']
['removed token due to low token ratio added to the lp pool:  ', '9Jp1ZqemcG2PwKnLk8MpYZfybtdHJ98VZXKaEBCUBBHH']
['removed token due to low token ratio added to the lp pool:  ', 'AQPvqfHu5AD1yvMpn6FWMUiVZqgrMKiwB2xNJiSyWABP']
['liquidty removed', '9XtT2RFPD74AydiCGuY8Rh6rKijnqvrNp1FhFMwqTvBc']
['removed token due to low token ratio added to the lp pool:  ', '5sh8qSFM5brDKqns9PxKe2HCrMepuDbcAwHnPptX9uFa']
['removed token due to low token ratio added to the lp pool:  ', '9W8DopvkCqW2Tb1AiRjrDKt3L3qvYA8oC9bfdNnoErCT']
['removed token due to low token ratio added to the lp pool:  ', 'DNr7agBWLucLKVGjjNxJt4uGUc7YYR8HZYEQoQVdBdXJ']
['removed token due to low initial liquidity :  ', '4pcKgJitesYtmzLUquhfLmpoRvD85Tf2Byr9DhRxrHPb']
['removed token due to low token ratio added to the lp pool:  ', 'Aw6NNrDpocHdrvbGPmWZRfCni3XmE7juAfavvzx23YpL']
['Command failed. ', 'H3S3HJjYrUmpRAr299kpVjkAcSNBXsBSLr4q3CwT6aPg']
['removed token due to low token ratio added to the lp pool:  ', 'LgcDfRynN44SX5UyhUYNs78H8nstKqYz9kMDcHCFCi9']
['removed token due to low token ratio added to the lp pool:  ', 'CxFZEzC5kWqdZpiWuyJvvnNR293ZxAw8RsYdypCLd4hE']
['Command failed. ', 'AQHprbQHb74KnY9eHvxEw8Kc6R7V9NDZegYJStWwZpSd']
['Command failed. ', 'AQHprbQHb74KnY9eHvxEw8Kc6R7V9NDZegYJStWwZpSd']
['Command failed. ', 'AQHprbQHb74KnY9eHvxEw8Kc6R7V9NDZegYJStWwZpSd']
['Command failed. ', 'AQHprbQHb74KnY9eHvxEw8Kc6R7V9NDZegYJStWwZpSd']
['Command failed. ', 'AQHprbQHb74KnY9eHvxEw8Kc6R7V9NDZegYJStWwZpSd']
['Command failed. ', 'AQHprbQHb74KnY9eHvxEw8Kc6R7V9NDZegYJStWwZpSd']
['Command failed. ', 'AQHprbQHb74KnY9eHvxEw8Kc6R7V9NDZegYJStWwZpSd']
['Command failed. ', 'AQHprbQHb74KnY9eHvxEw8Kc6R7V9NDZegYJStWwZpSd']
['Command failed. ', 'AQHprbQHb74KnY9eHvxEw8Kc6R7V9NDZegYJStWwZpSd']
['Command failed. ', 'AQHprbQHb74KnY9eHvxEw8Kc6R7V9NDZegYJStWwZpSd']
['removed token due to low token ratio added to the lp pool:  ', 'H6XihNLAReQrMyYEmQtH2JRDssGQ6eXSREkN7pWE2tQ1']
['Command failed. ', 'AQHprbQHb74KnY9eHvxEw8Kc6R7V9NDZegYJStWwZpSd']
['removed token due to low token ratio added to the lp pool:  ', 'H6XihNLAReQrMyYEmQtH2JRDssGQ6eXSREkN7pWE2tQ1']
['Command failed. ', 'AQHprbQHb74KnY9eHvxEw8Kc6R7V9NDZegYJStWwZpSd']
['removed token due to low token ratio added to the lp pool:  ', 'H6XihNLAReQrMyYEmQtH2JRDssGQ6eXSREkN7pWE2tQ1']
['removed token due to low token ratio added to the lp pool:  ', 'H6XihNLAReQrMyYEmQtH2JRDssGQ6eXSREkN7pWE2tQ1']
['removed token due to low initial liquidity :  ', 'JCfvWDeKRGAuss937j2Xra5WsPLwteZQHTSnN35zomzM']
['removed token due to low token ratio added to the lp pool:  ', '9cPd7BBtAzpuMBkvLK6Zo6RcMJ4BFSJCGzJ67XWS7qvW']
['removed token due to low token ratio added to the lp pool:  ', '6v16wAsqfjAhBpSThHUBrsKiuwddGyvnTrToU6wVJ3Xi']
['removed token due to low initial liquidity :  ', '5k35VfZ7KhP2JXvMq2aYcApmfuJMffaj9AMThuN2cPoU']
['removed token due to low token ratio added to the lp pool:  ', '4HEQTXRrgXZuZX3TcmCGFchfqHos2NrvwMBGm4R1mjLC']
['removed token due to low token ratio added to the lp pool:  ', 'AY8yNH3TcbterdCzp4SkzBMREsevyfenSez8odPUcdUN']
['removed token due to low token ratio added to the lp pool:  ', 'AbSL3YoBMubC3jicyHfFwexCv4eTTXvP4FE3UBwFD7JC']
['liquidty removed', 'ELDMEd2vue9ys2952QxfAciXvdUGRAtfLk5PA8xntuS9']
['liquidty removed', 'DTYrq3icdt8MBeGSCeXRtCo9C4N3aq6RLHmcyJKAJ7GJ']
['liquidty removed', 'AxKbQuP14xdvVjqSVfYpKoNtx41np6M6qippzbgJ4Q4L']
['removed token due to low token ratio added to the lp pool:  ', 'CkTfVWpSozBaMFi19X3KaikknUrYjVLHaCjUiXKjZrxU']
['liquidty removed', '5QKMrhXXf2zSUyqJwAfRXttVfC6XXUAi6rez4DaY3HHr']
['liquidty removed', '51Rbp5mDNV4GmuZ2e5VSVAwxyhsLNzdUJnitRmkKmkcc']
['removed token due to low initial liquidity :  ', '8hqg4zQqs387GyGZk8vyADV8f5WZHFMU2tSGFoAonsXc']
['removed token due to low token ratio added to the lp pool:  ', '4UmhJcHT3WAKByMi6FETmAX2VDYwSku9Ka1wjvQbA6xW']
['removed token due to low token ratio added to the lp pool:  ', 'uLeQ6SQKAvizUASNBNFpLGqqQtj8MMd8m9tynThEWbs']
['removed token due to low token ratio added to the lp pool:  ', 'G8JTLmQ2WD3tUdsna9MjPuHzYSnp2fbce9uFT5EnBDPp']
["removed token since it's expiration time has passed ", 'FWaZf7TJAFyX1RNhNQy1KfBwWCgVrVuVnciKu4ahnyWL']
['removed token due to low token ratio added to the lp pool:  ', 'jmoHshwQun8KFftzAisSKEvkmA2XwAjgSLzdeNY6qrY']
["removed token since it's expiration time has passed ", '8LJiuryUBPwJaTNQNQsdDQWQpTrh6UtWjVB2T1acHEBf']
["removed token since it's expiration time has passed ", 'EjRU1UM6QfzFAyQtk9UaRFt7bfKcSsqSp9uoSDBRHQoH']
["removed token since it's expiration time has passed ", '47aUnn2NVXhvLrDYnJ6x1GfE7zcuKPWtHqJMapfhkfKD']
["removed token since it's expiration time has passed ", '3fYxZWrpTF97tMDzqf1bja4gH9kYjygwtv5moYpUYwSM']
['liquidty removed', 'ECVCBzkpVt6QfjTLRUzbijAUHkeo3PZtUT6tB6tiLoet']
['liquidty removed', '9yuc7pbm1oYmPCVpyaTkMBW3qG1se5Hy6PoDXZgxidj1']
["removed token since it's expiration time has passed ", '8QRv1mbeUQUNCcJ9RfyLJTJvnpMZz5okU2AGvEGdCWCn']
['removed token due to low token ratio added to the lp pool:  ', 'HN31Xn7qGv9D7qu43KvjLE433DTzGX6sPm98ecH6pybS']
['removed token due to low token ratio added to the lp pool:  ', '3JoTWT5Ed3jVPoLpd4HPqTcX7zB39fVswMWdrqEKRQRS']
['removed token due to low token ratio added to the lp pool:  ', 'F7jeY4MBPTrZY7MFCeN1GzicuXHPmSarvVjZo3vsYn9p']
['liquidty removed', '3kUF5dVArVsC2RKNMqkfXi1wbmeCdCFS4h2p9jp7xGTF']
["removed token since it's expiration time has passed ", 'DgyZDQ7hi5NGLGPMvtdDs4dZuqztNJz3CxZD29yCi17G']
['removed token due to low token ratio added to the lp pool:  ', 'GEFeKZQHeJWtbLBbPBoiAYgPXW5tAAJeb4Cbh857H7vC']
['removed token due to low token ratio added to the lp pool:  ', '2gTWKcVQDRBS8Fda7SEXWHAZCg4FcnDFzSdaWbQCEAzb']
["removed token since it's expiration time has passed ", '5cd73XWLhyGeiwn1QTqtnC5QM9mAutPMXr9G86Efvzqm']
["removed token since it's expiration time has passed ", '96PJe36GThdieNTFKc6zg5te1N6oc85TasXaYwuYXeDr']
['removed token due to low token ratio added to the lp pool:  ', 'mSoLzYCxHdYgdzU16g5QSh3i5K3z3KZK7ytfqcJm7So']
["removed token since it's expiration time has passed ", 'EdaBfBXcwzFqT1LoqMQu9kLKW6V3JuNj9biys54hhQph']
["removed token since it's expiration time has passed ", 'LD6Zov1qBWV7ekSi2pi5GxexSxnPobTbooBPzJvjkn5']
["removed token since it's expiration time has passed ", 'Hscrv85vsUk7eLvCJ5ReqsXsQrLrde7PLMwCeRjExCqa']
['removed token due to low token ratio added to the lp pool:  ', 'F8wq5guaQso7v6gNwWmGgRDhqfewjDSSEk8UwfEw3Q1H']
["removed token since it's expiration time has passed ", '61QomqaRWvrhFYAR3Bg6oatQLyz67um7YCW3wR8s4boU']
["removed token since it's expiration time has passed ", 'E2xvWYTxEg92CunjBmN7dXdxdrz2p2p45PQNq9YyufPm']
['liquidty removed', '9ZwSD4sf3BY4zfjxtyPXrMfYpnc7g8Y2Drqkkxjne4Dc']
["removed token since it's expiration time has passed ", '3gNVqdGzQu9SerGhbp28tcJ7jwKN8p8uYrYMNDdynvv8']
['removed token due to low token ratio added to the lp pool:  ', 'De2gz7dYzPb4ia313gsoJTtRNAVukKRDJPGk49jFZVod']
['removed token due to low token ratio added to the lp pool:  ', '2QQtMZn1AxkeL486ZiuyLb97HHL1ChBpyuhDmgzPYU1X']
["removed token since it's expiration time has passed ", 'DJ2K3yuH2RE1eLegvtdCjzZEG8PdGkRpn98UUjFBjQNf']
["removed token since it's expiration time has passed ", 'F9QaMF27bSDC85FncXTBJECA5PRHEN2MwsvikvqvQd7B']
['liquidty removed', 'BAJje1fwnk7zeuotHByeTaesyXaBQmUjHA2hwq9UUgrS']
['removed token due to low token ratio added to the lp pool:  ', 'pfEQMjsigdFguCvpmNGkdSNUirwV7334dymB7mryrPu']
['removed token due to low initial liquidity :  ', '9AgitrgphCBHrKNphcc2WBRNUEXcSqCKn2Vg1PFFoESH']
['removed token due to low token ratio added to the lp pool:  ', 'HdnjpvgUt4QeabwqVbVAtRyKPrcsXovTQCE5D8FV5grb']
['removed token due to low token ratio added to the lp pool:  ', '343KKri7JvB17s4mEHoWEeiwEnFhMPGphYwmSNQqzDJV']
['removed token due to low token ratio added to the lp pool:  ', 'HhoSXXn5zY52r9ZyB3yEB5ey5DAraDKv57N7VZkGNr3i']
['removed token due to low token ratio added to the lp pool:  ', '8qGRdYPyAwvfHeC7F7zyzVa79zF9Ym3TrYtRXaNHASn2']
['removed token due to low token ratio added to the lp pool:  ', 'NX7sAbUmG6RiJDphgpPxtCNZPPEwBNyR4m28m6kK1pK']
['liquidty removed', '2LvbgzqSRN9yu6p7puX8f8L8Ji4NTKJEeJyohcYaEp6S']
['removed token due to low token ratio added to the lp pool:  ', '5LqYcNxoacBBJNovX1Xfz6W5HUmpQWQ4J8vG34P7uzdQ']
['removed token due to low initial liquidity :  ', 'DvCWWg6QRniv3zFbR1dy7aCzyGPvq2QLUEA2AqFMdaoj']
['liquidty removed', '6beS11MmhZkFgfj5HV7iZ6GBN7U6sReJdxvj1EERAeP2']
['liquidty removed', 'C6UQNipo1iv9LpABuUGD7n2A8SbEG1jfaxzsKYLjTb2F']
['removed token due to low initial liquidity :  ', '9f1maV85VTisJGPPtUjFdWZg6jcJaUK13se1T6QWeF65']
['liquidty removed', '9yXQDnbbbTXhJLST14GGdWHsqDm81fZ3nK1pXZEU2vf8']
['removed token due to low token ratio added to the lp pool:  ', 'EhJD6f3MjcqkDdyHZX4bdxJqxmhuHuy9Jn1jzEuDpnsA']
['removed token due to low token ratio added to the lp pool:  ', 'BZEc99TZdrcnKJd6PkD9NFow7ecfMADsn4Sb878jE73x']
['removed token due to low initial liquidity :  ', 'G1GtFw7e7xjncMgWm9PMkZqY8UxQwD19ooViF6iXbMgC']
['removed token due to low initial liquidity :  ', 'CBgh2gcz8tmLkimx6pkfk68oEbNmpyaFytawyu4N8UZU']
['removed token due to low initial liquidity :  ', '2C1YQgqtpA3bzTJFUmFaTxEjwurUM3cTvzACuSsWrkxY']
['liquidty removed', 'D4LfLcVLXwZSxWztcX5EwTL2SRBnTX8gNbU5StceRxJx']
['liquidty removed', 'BQYDWggiG6JGP61GfyeMrQVCWUeWpwXWof2xkmHJXgyN']
['liquidty removed', 'CZqxBMQGdZfYk2Q1DWuSitdNWJvvCyF49H8BRv72NkuL']
['removed token due to low token ratio added to the lp pool:  ', '6amXkBbBbVQzuxyeg2fzcFG1HJhLbBaPkaL9MqQYWGCx']
["removed token since it's expiration time has passed ", 'PMsi9EyshsQbRAMBFDoj3UFWRtFuf5xzFXtdvJdrUr5']
["removed token since it's expiration time has passed ", '5KPeRukqQwawk3ruiRsURkxxQ9QbYZfw1cRGYXAZFM8f']
['removed token due to low token ratio added to the lp pool:  ', '3XzU1kCmnEfUwFRqAqQy5X4kJPt3PezksZexyZSJv2am']
['removed token due to low token ratio added to the lp pool:  ', '3XzU1kCmnEfUwFRqAqQy5X4kJPt3PezksZexyZSJv2am']
['removed token due to low token ratio added to the lp pool:  ', 'DEA8JqYLQ25ng8efTwj48VBbnphNowMENZRUDzs4GeJD']
["removed token since it's expiration time has passed ", 'CxHNbNkx2MqNpN5SrSgbR6MGzP9ga68NVVc7HvxYRDcD']
["removed token since it's expiration time has passed ", 'DXDhZSqdP992C8EYQQRFjbCTvrr5csbsGmoE35vJfCte']
['liquidty removed', '2J8GWcJ1n9meJswcwEys8R4VpJ8QGwbpj9oaEM8rR4Es']
['removed token due to low token ratio added to the lp pool:  ', '2e1J6XXdkMcXfwLpvTq7LZQk9yeJWFb6Eknhya6hb41J']
['liquidty removed', '6oT4CGRaEvXVzBfFqoXfmX6dcioPDHccwmv2zHe8XfXW']
["removed token since it's expiration time has passed ", 'G7RTN3rCjvXiKuZJ69TZYvSfRsHCPpTZxkD7aPXJaRVw']
['removed token due to very low amount of  tokens sent to lp pool ', '8kDPpwMmubwBHD3T2FbMf2MVKakuw2BQwWQVK2Mji79o']
["removed token since it's expiration time has passed ", 'ALxVAq13nUkqXeWgsBb1xvogQLVXwUto3H6iBTg1ZsXJ']
['liquidty removed', 'HnT1yxzMyPESTGPrGdatgHGWj14LFvcFGyiMhvfH8vgq']
["removed token since it's expiration time has passed ", '3QdiN2Mq818jCxTQiHcs5YRbbu7aimuBB7HJB1jQxba5']
['liquidty removed', '8H5teu4MuqBdVQiEERki8nZ5Xfx3jLWRRrHWab53V9SY']
['removed token due to low token ratio added to the lp pool:  ', '7qAgJz1mFKU3FDiLDDWNu375nSM1UaLH6sMgUCLmHTzj']
['removed token due to low initial liquidity :  ', '9sSrDq4SzPuzmLHFzWmRZ3KwBN3XStkc9uFsGwe1Vnza']
["removed token since it's expiration time has passed ", 'FwR9tLQsaKarqorj4mGnWaqfuMrYNuo5WekPPXVTN3Wq']
['removed token due to low token ratio added to the lp pool:  ', '7WPY33HfjbMS5PB7x7GK4Hby92zRpnBq43oU1hSaLQAP']
['removed token due to low token ratio added to the lp pool:  ', '6YkZPgj3Eya2MoPvteoJ99LcBqNJzFuzq1JzQUsAwqXR']
['removed token due to low token ratio added to the lp pool:  ', '2QhmdcMWq4Ktu1y4tGPT9GXwrYKdMqMTMeX6EuxZB9cF']
['liquidty removed', 'DCFX93C2fqmrs8kAYRPLgL7CXRCkXwS7Voigpu3Yy4Hn']
['Command failed. ', '3oBjW8Z3azaDEw1d42LP6MxVXpBjrQC5UAgs3NdpfVhf']
['Command failed. ', '3oBjW8Z3azaDEw1d42LP6MxVXpBjrQC5UAgs3NdpfVhf']
['Command failed. ', '3oBjW8Z3azaDEw1d42LP6MxVXpBjrQC5UAgs3NdpfVhf']
['Command failed. ', '3oBjW8Z3azaDEw1d42LP6MxVXpBjrQC5UAgs3NdpfVhf']
['Command failed. ', '3oBjW8Z3azaDEw1d42LP6MxVXpBjrQC5UAgs3NdpfVhf']
['Command failed. ', '3oBjW8Z3azaDEw1d42LP6MxVXpBjrQC5UAgs3NdpfVhf']
['Command failed. ', '3oBjW8Z3azaDEw1d42LP6MxVXpBjrQC5UAgs3NdpfVhf']
['Command failed. ', '3oBjW8Z3azaDEw1d42LP6MxVXpBjrQC5UAgs3NdpfVhf']
['Command failed. ', '3oBjW8Z3azaDEw1d42LP6MxVXpBjrQC5UAgs3NdpfVhf']
['Command failed. ', '3oBjW8Z3azaDEw1d42LP6MxVXpBjrQC5UAgs3NdpfVhf']
['Command failed. ', '3oBjW8Z3azaDEw1d42LP6MxVXpBjrQC5UAgs3NdpfVhf']
['Command failed. ', '3oBjW8Z3azaDEw1d42LP6MxVXpBjrQC5UAgs3NdpfVhf']
['Command failed. ', '3oBjW8Z3azaDEw1d42LP6MxVXpBjrQC5UAgs3NdpfVhf']
['Command failed. ', '3oBjW8Z3azaDEw1d42LP6MxVXpBjrQC5UAgs3NdpfVhf']
['Command failed. ', '3oBjW8Z3azaDEw1d42LP6MxVXpBjrQC5UAgs3NdpfVhf']
['Command failed. ', '3oBjW8Z3azaDEw1d42LP6MxVXpBjrQC5UAgs3NdpfVhf']
['Command failed. ', '3oBjW8Z3azaDEw1d42LP6MxVXpBjrQC5UAgs3NdpfVhf']
['Command failed. ', '3oBjW8Z3azaDEw1d42LP6MxVXpBjrQC5UAgs3NdpfVhf']
['Command failed. ', '3oBjW8Z3azaDEw1d42LP6MxVXpBjrQC5UAgs3NdpfVhf']
['Command failed. ', '3oBjW8Z3azaDEw1d42LP6MxVXpBjrQC5UAgs3NdpfVhf']
['Command failed. ', '3oBjW8Z3azaDEw1d42LP6MxVXpBjrQC5UAgs3NdpfVhf']
['Command failed. ', '3oBjW8Z3azaDEw1d42LP6MxVXpBjrQC5UAgs3NdpfVhf']
['Command failed. ', '3oBjW8Z3azaDEw1d42LP6MxVXpBjrQC5UAgs3NdpfVhf']
['Command failed. ', '3oBjW8Z3azaDEw1d42LP6MxVXpBjrQC5UAgs3NdpfVhf']
['Command failed. ', '3oBjW8Z3azaDEw1d42LP6MxVXpBjrQC5UAgs3NdpfVhf']
['Command failed. ', '3oBjW8Z3azaDEw1d42LP6MxVXpBjrQC5UAgs3NdpfVhf']
['Command failed. ', '3oBjW8Z3azaDEw1d42LP6MxVXpBjrQC5UAgs3NdpfVhf']
['Command failed. ', '3oBjW8Z3azaDEw1d42LP6MxVXpBjrQC5UAgs3NdpfVhf']
['Command failed. ', '3oBjW8Z3azaDEw1d42LP6MxVXpBjrQC5UAgs3NdpfVhf']
['Command failed. ', '3oBjW8Z3azaDEw1d42LP6MxVXpBjrQC5UAgs3NdpfVhf']
['removed token due to low initial liquidity :  ', 'HqPxUZ6N5hsYsow389Rdt6SpBvrkMtyHHM5HzeNeN2br']
['Command failed. ', '3oBjW8Z3azaDEw1d42LP6MxVXpBjrQC5UAgs3NdpfVhf']
['removed token due to low initial liquidity :  ', 'HqPxUZ6N5hsYsow389Rdt6SpBvrkMtyHHM5HzeNeN2br']
['removed token due to low initial liquidity :  ', 'HqPxUZ6N5hsYsow389Rdt6SpBvrkMtyHHM5HzeNeN2br']
['removed token due to low token ratio added to the lp pool:  ', 'CnJienrtAD7PdwgR5s1cREmsq4kodHtSsPrSX9HUshwb']
['removed token due to low token ratio added to the lp pool:  ', '9nkCLd6tAKcuoF4KRaAUD3MosPcAu857Lo2dbceQ8S6K']
["removed token since it's expiration time has passed ", '9Vo1W6cSiEytWEP84AXgnGFedH1JA4manUZyQhcjLRBA']
['liquidty removed', '8KEWfEjtyt5AzH93v5xccmEcT2qDZ4omzdJ9VdyvhEM1']
['liquidty removed', 'HhrTbA7UxTqpuwrw4neqKQdbd9TEYwupJFnioeo6KHiA']
['liquidty removed', '13SXCsxsguoE3hJd37zibYzYmHRgwruqsXtq8TycqrLK']
['removed token due to low token ratio added to the lp pool:  ', '8jYXh8A72zM7DBn7AUeN5euk1NLMP3hN1n258TDTk2YF']
['removed token due to low initial liquidity :  ', 'Ez5vGvkoy86FQ1c5X7TDzPfnN2sbmQKWehAqAF8bQQ5T']
['liquidty removed', 'B9Hr9VDBsW6X5GvV5Mon93oMKQC9YNy9pWMjjbtcFKdJ']
['removed token due to low token ratio added to the lp pool:  ', '13S2VvhHyiLvUhRbcCypWNv7SXoNNENFaBSMd3W3srgG']
["removed token since it's expiration time has passed ", 'Bx3sg6GTgix7ozDWxXHL5vwwTEbZWbVWJKuwcKh4L11E']
['removed token due to low token ratio added to the lp pool:  ', '9QbNMZwG4xpWGzqjKWUkV6oauhw3Dh9QjwpppZq7Re2e']
["removed token since it's expiration time has passed ", 'EMYrMj8LLb7gFNusTzDR4tUt9gQqACTTLiEqA3g8NcuL']
["removed token since it's expiration time has passed ", 'GdFBZchJ7zymWh722Q43DGTNfJ7yA1RtWTJWmR7VNfmq']
['removed token due to low token ratio added to the lp pool:  ', '41V9UDVJxALyqkKkCkvPjCNQLd9M7SL9y7DZmQTwksV6']
['removed token due to low token ratio added to the lp pool:  ', 'APVnqE5FztZYq7DzhaF6UCnm6Fq68AYdEP7cr6rAZN5k']
['removed token due to low initial liquidity :  ', '2pSVqxqkRfuZGVZgEbgarqRvVffa88e1bvwQCopLbcS2']
['removed token due to low initial liquidity :  ', 'FuxJKtKFpwZiAaJ9sjck4V76DXXG1MMf4PB5tLxfeEJe']
['removed token due to low initial liquidity :  ', 'GFTX8g3iZYbEHK5hGtnL5JYyDSUdEqr52KS5qsZHyLHH']
['removed token due to low initial liquidity :  ', 'esveHQrp8kZwJBtiBZ3Ax4SVZdu1cf9vitqEojSBPYL']
['removed token due to low token ratio added to the lp pool:  ', '61d5PeSvbo93Tf346z1hvuoGBPArLjHrpJN9r9xqVmc4']
['removed token due to low token ratio added to the lp pool:  ', 'BkVmy1SiCJzY5Ht72gN5qNwND1xGDMReEYqEyZx1R9tB']
['removed token due to low token ratio added to the lp pool:  ', '5KTYqQ8ZghrTcyP6HZ622vqkyrdG3fwur4STazdajMJU']
['removed token due to low initial liquidity :  ', 'Amy3PhLZkPECG2pw9nR2Won8NuXbjGhi2hRPSy4hy2zk']
['removed token due to low token ratio added to the lp pool:  ', 'E5hiYjfQ25nbLgUP8jFywPjY5uTtKpjHrHNEsf1x6ptx']
['removed token due to low initial liquidity :  ', 'EWh1TLSmJpB8TYaQsTCEieFmv3g1PPcFP1H6KhFtnLho']
['liquidty removed', '6BsBPhzkYQPY1bytkQTxJJ3g9yL4ERV9UB8KxeJSrQaT']
['removed token due to low token ratio added to the lp pool:  ', 'C9PdYovbF1tv3KHdib8CisNvmYeu5jMFCxaoyR5Z3ep5']
["removed token since it's expiration time has passed ", '5wGPST1xLSEcaCgveoPvHvkCcEspkN8NMSrueo85jqAB']
['removed token due to low initial liquidity :  ', 'CyNNnLFVTXCxDfqvagzgjiGM2PJTvCQgi48ECQ7tgQqN']
['removed token due to low token ratio added to the lp pool:  ', '35dCNbrXVv8aBFNcG9JaFfz3wAU3bedsNKebVWzKVgFh']
['removed token due to low token ratio added to the lp pool:  ', 'HrJPPE4DWpPFtsaByuon1ufF1rU4c9HNChiLSAEj4XYF']
['removed token due to low initial liquidity :  ', 'Dz9yaeRdm6AwWD1kbiD6SAWPPhfXCiyA8kvqKHr9YFSA']
["removed token since it's expiration time has passed ", '6bfRS8CCSK5SJSz17r7eVkUy3nSGy9HiTuqaWDjW5rkH']
['removed token due to low token ratio added to the lp pool:  ', '3ArKQB5Hjy5ZZpAntnyjrqLbeRa39a1tnwdYp2GZsrTD']
["removed token since it's expiration time has passed ", '5tnoTp6wxruvr1NksBrNv4JcpqmAsVkSnTQuxkQjgi9U']
['removed token due to low initial liquidity :  ', 'Gmec67gqiJFD3zsfMRB6fRFmBuv1zj7y5psBLeVtEywS']
['removed token due to low token ratio added to the lp pool:  ', 'EAyacoRYAzTuYdscHWepyGUdWd6pySpbpZJJQJHoegjM']
['removed token due to low initial liquidity :  ', 'DzZD7hNmbZMhwioUGbj3EzTpHqcZaevxC2v5wq4WVtz4']
['liquidty removed', '6bN6cr3GurYMdhTWkqujAR6V7o7yX32yNEbNXfGa4sJn']
['removed token due to low initial liquidity :  ', 'En3S7nKiadERW83fHJCTibMbzF5rEamQNoWMP9tok5W5']
['removed token due to low initial liquidity :  ', 'Bj4Mt6zChsBoigTbUVA8eZsvzJarLzMU4d1Wui1KPEiY']
['removed token due to low token ratio added to the lp pool:  ', 'CU8R5URHs2q7CGt76JmJDkyV3NW1HByoypNSe9f4PGKe']
['removed token due to low initial liquidity :  ', 'B1Bk1HFt3a1RZEjRwXurxnEPqH3uxjRcji6KMJTXF5Ls']
['removed token due to low token ratio added to the lp pool:  ', '5BUTracU4qv1Qk4kLjkftVKwhyAVdgBY11jfs5raHWgt']
['removed token due to low token ratio added to the lp pool:  ', 'HAd1DyCKB4P94vUNvw821DAeRwvi3XM97uuCBaLcWMPW']
['removed token due to low token ratio added to the lp pool:  ', '2oEGMnaPkJgXSmJ6gDKnSHXuycxpqrqLHw4D6VxDii7X']
['removed token due to low token ratio added to the lp pool:  ', 'C3W5F7mJU6vdJQbPnws2Gz7SjwywhEa2VakQoxJFRPtQ']
['removed token due to low initial liquidity :  ', 'G3n7bHdqMfgu8xpHQGiPf3z5Z5i4MzbaegkcrgZP1cdt']
['removed token due to low initial liquidity :  ', '7PHFYxtNvRPKfTq7w8rEWmnG8mo49EEsdZSEro6eFh1t']
["removed token since it's expiration time has passed ", '7m2ywyr2tQUY9efeTHMQah45iUuospSyPHodmVAzzG9a']
['removed token due to low token ratio added to the lp pool:  ', 'Bf86mucE7mLusGhWLnyewQSinPbeZFShnqFXjAjhfQ4q']
["removed token since it's expiration time has passed ", 'BssUtdcXVEyEZq9PrKSN7qW2xGMou3cTdH6N282mhQna']
["removed token since it's expiration time has passed ", 'FwTpPNs6pSvGvez5G6HE7nFNv4N66amw2kuJmWAyQNoG']
["removed token since it's expiration time has passed ", 'GhxpnqaEq6SwVSzSeaZYgVLAD1oSWr5UMUQt2WopPZMt']
['removed token due to low token ratio added to the lp pool:  ', 'J1TyomfWEyw9CzCDwpscD8JMLTv2wPwkmjnZt5wCiYH7']
["removed token since it's expiration time has passed ", 'EEmrB3kNF9hj7rgyyQfVp7Bg7SXDq7YHuPKYVRJaaHB5']
["removed token since it's expiration time has passed ", 'J9rjAdDUqM4G7RNeViERhxjq1ShXAUtuVGgfnYQsVMSk']
["removed token since it's expiration time has passed ", 'A9swdi1SzaUF52xw7dBWSUuGLUUtfnPEDV2APZU1FBtP']
['removed token due to low token ratio added to the lp pool:  ', 'DGJucVBsvhhVNEArpeStejBNdaUZ68BJehFWNzP2MKoP']
['liquidty removed', '7S6D7vHiti242vNbrxdGyF3PtRUCF2NPJFFpDdN74dJo']
['removed token due to low initial liquidity :  ', 'DiGsxrBZGzywJTLjxGXprEmFzeHNqg6DkwxPrzNqgtPq']
['liquidty removed', '8RLK6GiW2irPNzXuiwohBfSKdtFVyaH9PEFzQQHdT3xL']
["removed token since it's expiration time has passed ", 'CUzPSEyK6d9DVSDXhk1keZWXsTCryEJtJLkvUHfMfRje']
['removed token due to low token ratio added to the lp pool:  ', '8ee3kkmUomUw8y9yiVTE4WFUSJUdEVyeaXYUTQtMjfJs']
['liquidty removed', 'EbKmEHHCuhnJwWKw4n61AWMeod3vUU1nerzeHpwAmpYc']
["removed token since it's expiration time has passed ", 'CBofZCy3qanzdGwGZLzdTvomGoL1BdUX4iGRfDq2M1T2']
['removed token due to low token ratio added to the lp pool:  ', '3ByDeiYthXkJdHZHvMMTXYf7Tm1gJkMsHpsNCBEaQD2k']
["removed token since it's expiration time has passed ", 'AAi9nYYw9RSEu39hubAQC88BNN7PfAxUn7rWeBBHcwJv']
['removed token due to low token ratio added to the lp pool:  ', 'Bx9KfArGmwViRab4RcJVJJxCZn4AmoqUK4TP8H2PaVZS']
["removed token since it's expiration time has passed ", 'D57T8PNz3BhXZCgSNzZbJ9pAKgiPUKL8W4PLxxTpUUM2']
["removed token since it's expiration time has passed ", '4T4YKspxmvGQES8kdvtG3xm1PimfqfKJymmEJf8mq4mk']
["removed token since it's expiration time has passed ", '65x31RttpXsk79RUqZ354RAJEHTyGuym9vdjaUWiRr1k']
['removed token due to low token ratio added to the lp pool:  ', '3D9N7L5VP1ZLPwRFBdvSPNstnAenJv332Ei3FC4iYm5H']
['removed token due to low token ratio added to the lp pool:  ', 'A5ie1V3kERjZvUNZESxrcgSYtcPLZCVerdg8K35EPzsb']
['error fetching burn tx...most likely removed liquidty ', '4CSkx3NMqGZ3EEorH9h8veBU8HEs6N4RTX6QNN6qH7Hf']
['low amount of liquidty burned..removing token ', '4CSkx3NMqGZ3EEorH9h8veBU8HEs6N4RTX6QNN6qH7Hf']
['error fetching burn tx...most likely removed liquidty ', '4CSkx3NMqGZ3EEorH9h8veBU8HEs6N4RTX6QNN6qH7Hf']
['low amount of liquidty burned..removing token ', '4CSkx3NMqGZ3EEorH9h8veBU8HEs6N4RTX6QNN6qH7Hf']
['removed token due to low token ratio added to the lp pool:  ', '8tWRg4vraM3WabLDQhH44MLiHEKT93JgXWhf19PcbQdp']
['removed token due to low token ratio added to the lp pool:  ', 'HKqXpQa97oP4d7nDPuR7vQ8cJuGUxsNVH6SEUPRKMwsz']
['removed token due to low initial liquidity :  ', 'BENQGUaW8tMtBxQefkxLi6hRcf9BoX2jnD3w8WTWtt9L']
['removed token due to low token ratio added to the lp pool:  ', '5iZYMVHHoeCpVJXEJ8wX7qCuhf9yjyXMAewyYf72Lkgk']
['removed token due to very low amount of  tokens sent to lp pool ', '5knLKQxLnRcL5eTDusXB6BYrqXokAZg8TAMn76CYV5x3']
['liquidty removed', 'AhTTDdWqwMJu3h8e6ugxbQTcjw1m8t3oSq9zq2FfEFoW']
['removed token due to low token ratio added to the lp pool:  ', 'H3QopfY2VzfNkSu1LqAbadmuNtr4ttcExszNQMe3oVe7']
['liquidty removed', 'E7vTGNPF8NA5HxhZsG2UUJFARi4KnJM5nhTwfAQVBsWc']
['removed token due to low initial liquidity :  ', 'FozYwAcDdxcgQ7FRpWcgB4cXumTCzTeKfTM2jeEGoUui']
['liquidty removed', 'FyHNmHcpe3kuqGwYRtRzjvqhKNsEvMHQ9N48QpScWuPG']
["removed token since it's expiration time has passed ", '8yJuKveXgKr1uQ4MJFBZ2Dr86FH8DsvKkbsnzaaUSeE4']
["removed token since it's expiration time has passed ", '9hb827PzbpYKyhBWGropeffZrAZF5LSTvCCrGaMEhcnp']
["removed token since it's expiration time has passed ", 'DRi26KaGw7UeovF1mChodgt3iodzvVxJFQ3YUprzskSj']
['liquidty removed', 'CTknnJ21oGVhSxN2KR7omRQnth36jd7Nu6DBs43TZuch']
["removed token since it's expiration time has passed ", '8y2BY4e9r14eskRT3PANa5vR6WSNy7iwQktTwBi278vn']
["removed token since it's expiration time has passed ", 'UXBzZTEVGi8h3nAeVEFKFRA5AZeiFLnDhHnwbqq8W3y']
['removed token due to low initial liquidity :  ', '4XR5FGCmk1GKNuW6oq3GxV3GeTqsiAvtTdox3ste2hi2']
["removed token since it's expiration time has passed ", 'C8CwN1xrHcMctX9dmBsRsseewqJ76xcX2UXsNCdWZwZW']
["removed token since it's expiration time has passed ", 'EDkvc9oxQ3SVdLCc2wF3avMDUntkjK7zy9MmEWgGN1zj']
["removed token since it's expiration time has passed ", '8zNsKtUsP68hZWHSMempMbAv1Z4xhAapSMh7EuWX3kZW']
['liquidty removed', 'GU5wC5QQSUgFtbB6KVjbUQn7FsQfaMrEZd8JshYedx52']
['removed token due to low token ratio added to the lp pool:  ', '4J19Hpin8BWE5DKMjTLLT7ANETPcixFt8x59Qc9Uk3uz']
['removed token due to low token ratio added to the lp pool:  ', '4J19Hpin8BWE5DKMjTLLT7ANETPcixFt8x59Qc9Uk3uz']
['removed token due to low token ratio added to the lp pool:  ', '8UsK7qthsaRuS57WNaTDqA78fmdE2ABPS2yQPRe6zgbH']
['liquidty removed', '8fc95FCoV8xHxNhuFNu3EGsXaJRLe7MFRLcaBFt1Uqdb']
['removed token due to low token ratio added to the lp pool:  ', 'SmCrBK2VYSzFwBTkHV5ML1iFnNZL6nxpHVkDGuG96Co']
["removed token since it's expiration time has passed ", 'E13g98qqFgqtXDCx4b4hMvwf7SPWZeJdiSTvuKv8x9Up']
["removed token since it's expiration time has passed ", '9QkPM5kLNxnR97LDWW4fbaXktyjRrrpkX2graMcYTHn2']
['removed token due to low token ratio added to the lp pool:  ', '9sRVSMaLjz48chSb8gMvxRDsbQHtDyf4FLhyuWoYN7u']
['removed token due to low token ratio added to the lp pool:  ', '5Ksxq2Sz5MDqSp97nycYoHsxZyyaxK6hzvdZsqGetuft']
['removed token due to low initial liquidity :  ', 'CMdCp59JtWFGKjrZS9tnhnrRBdqjnYFVDakAypA9aaGZ']
['removed token due to low initial liquidity :  ', '33uwwZdthStdwor4cwKmPWVMurDxwmCoW6hpcn2WieWN']
['removed token due to low token ratio added to the lp pool:  ', 'BkyU3V4MsWUa5UZLpmnRXBoQyDpRktcDqBVJ1DSJ3PdE']
['removed token due to low initial liquidity :  ', 'E6BqFfvLZnjLw86CS68wCudvfWhFpXiLrJmr5cCdbRqs']
['removed token due to very low amount of  tokens sent to lp pool ', '7z4eejf2s4L7HKR42Yz5E6NAq4urPDesxHiENkENjpJd']
['liquidty removed', 'EkCnPkGJJWt8FSwLMZX5CrTn6j1pzMW4cY81tN4V4864']
['liquidty removed', 'Ahw9c4aVyqndKz7t1w1MFNKDAikabPYLZJiDcHaD7LYP']
['removed token due to low token ratio added to the lp pool:  ', '7CU6zVqqwPDz62JV1sVrdripYyLJapNEreNrCNhb542M']
['liquidty removed', '6R2aCgXGCmA9oreCFsyGD5ieKqpRGywcYHAKcb8P8mVD']
['liquidty removed', 'At6pjnUsSpJEbGcNSSVTyCJ75D98rYG7zsPXTR4XW9FW']
['removed token due to low token ratio added to the lp pool:  ', '2U13wXATEvTLLwNAvkXkBWEaRgm14SkBTxea5L9RNYPL']
['liquidty removed', '5xy6q91gkbSwSdXjbJNmCdd7wkPeC5FQgEac3Xj91Egw']
['removed token due to low token ratio added to the lp pool:  ', '6ZFJoZhmXojPs9ZUQyTVGQfHGQ3aDDVYDEnZSqVCNyk7']
['removed token due to low token ratio added to the lp pool:  ', 'FSoL3fb7cJB7abNkYnh8H8g8bGwWsGQSyzfZ5xMXAZZg']
["removed token since it's expiration time has passed ", '461ErTNg5bax2h5MdqqfZqg6nWJdcSDYZQEgEnD8qkvN']
['removed token due to low token ratio added to the lp pool:  ', 'BzVhnRNn1eZ5nMgUAauNDCgJp7EowDhom1NMwzu8sLg4']
['liquidty removed', 'Ckbo1yL4QWQ7APYvV1wfBSJu59T53Qh7jbeV6tZVdvB9']
['liquidty removed', 'n1QxZvaJW5JmDL134TDbuayv3tZnn2hhDai8AzrbvzW']
["removed token since it's expiration time has passed ", 'EyfsFfy6MmmRThHm8MC7gpUPr1ZinrCtSLBrBiCteUwP']
['removed token due to low initial liquidity :  ', 'CdoKP5j5AFBJoar2MHAKa4ifLvMsbpg6SHoWGsEUJacL']
['liquidty removed', '4KrCbJcxPGhRSfNwY5b6NcjaJwVHhSVGrzMZUm5cyaxr']
["removed token since it's expiration time has passed ", '3mVuNkJzT2Zoh6AGbrAE3exVDeceBuG8LwgRSZYWPC7p']
["removed token since it's expiration time has passed ", 'FGjAPyZhEb2BdniGmJy3pod9s2EF8UqJ8tf1vqBhwFcC']
["removed token since it's expiration time has passed ", '5Q2gCd2d1zXNcGq7bEGjd2SrcETHaGyQ7eja1JxF4RB2']
['liquidty removed', '3Tm715PPPh6WSx6NEd29SnnVpvCYzspQo6tmVeRyk7Hp']
['liquidty removed', '5WmYvomRRMzZycwMAowHdYw5PHg9EpfkwUzJysVCoCRV']
['liquidty removed', '5tyEGqL1WXnucLee4SDN8xq1hGVUF9zXUxrx6RbRnJ6E']
['liquidty removed', '98Vtxaw5KtyUv95XJnabYjaQrfpNnd2gPPQGTT4QwSrn']
["removed token since it's expiration time has passed ", 'CNDKGXff2FKDuJ64nQnjQLEKZYMM19t1n5DjVCfQfAZD']
['removed token due to low token ratio added to the lp pool:  ', '2esYDdhMNHRpSfVPoeb6cAApGGSRoDWAswuEYAwUR3yZ']
['removed token due to low token ratio added to the lp pool:  ', 'Eggm7gVezZJgErhZUghYZGHuUVwESyP8xxqiXH1jfmE5']
["removed token since it's expiration time has passed ", '3LCCXxtxvBNcH1BE2L2htBK3XE37akdmKZChMnaLHgrj']
["removed token since it's expiration time has passed ", '2Cjf5wTxw2fpvs7SkGNufa93nKkvS4qGyH21aekHdcxQ']
["removed token since it's expiration time has passed ", 'Ap4EyisY3wBeS8Sp9pmvEjse8gJBht5e2CLRFyWRy7Xi']
['removed token due to low token ratio added to the lp pool:  ', 'H1daMPGtYZAhrVqzZo62bEJSHxiKZxJizwBYTn2Mvs8j']
['removed token due to low initial liquidity :  ', '5tZTCm9PvsFgg8nNAHMHoM1FfciEPV7gudEr4RCN3iN7']
["removed token since it's expiration time has passed ", '3fstBHiQnL4fZrFBTKwKKV8npBnxFa9wgQSESagckwch']
['liquidty removed', 'F54cTHfUNaA5uTJAKsKetY7aZ53bJs6F1fxSRgXKCa9E']
['removed token due to low token ratio added to the lp pool:  ', 'ET9EVGeK4kv6T7UcxKd2Jr6FASWwXCZCGbwiMUYa1UuG']
['liquidty removed', '5wSxVxXQrpH3nei84UFjJLy31ZsJb8fJfvWQJKtiRuEu']
["removed token since it's expiration time has passed ", '4Ddp8VjpxpdJkHXSxewTQQsmePsfxB4X751UFnE5okSd']
['removed token due to low token ratio added to the lp pool:  ', 'BjEgEVYJr8eSQ2HTW88AgkSfG71SroAHwGu5Un5YU5kj']
['removed token due to low initial liquidity :  ', 'CP8gotg3R6ZMG1VefzN5xL6ZJyzEM8K1rYiqeDqQqBRL']
['removed token due to low token ratio added to the lp pool:  ', '5js74bhbGVBMfZspXrXstu3aW2RuVzaUPQpVQ168dvj9']
['removed token due to low initial liquidity :  ', '2Ui5CCEKbcoqhxP2KRu4XMzUvePDdjuvNJZi886582Ub']
['removed token due to low initial liquidity :  ', '8ZgTxX4AwfqXmS42jKa7PaQFKQNLDiqsrb89tXpJRNJ5']
['removed token due to low token ratio added to the lp pool:  ', '7JTXYkbjQrMwyRNhho66NHrGU1c3ohmWzQPXPTtjzfd9']
['removed token due to low token ratio added to the lp pool:  ', 'ASr4BNVYq3y1V7MvcXtJvZH7wmUSzBnYPKMmN15GqsaT']
['removed token due to low initial liquidity :  ', '9Ai1Juud86QKFByVeKXnSLUbEghqA5bFwzTcY5DhWtMi']
['removed token due to low initial liquidity :  ', 'FYQjXJdJYjchELwTeMLYTTAC35wokoTzayVxfP39z6pw']
['removed token due to low token ratio added to the lp pool:  ', 'DsDzhxBaua5z6VHfDC59iqmrQBydWbs8ep1X5gFGYg7J']
['removed token due to low token ratio added to the lp pool:  ', 'BExM5cvLT6iphBXdbhtQBQU8uj5eNzPMSQ2K955u6q28']
['removed token due to low token ratio added to the lp pool:  ', 'A7MCr5xySPDnFmhFJHSxUx6e1PU97eBG6GoHevZvYNh4']
['removed token due to low token ratio added to the lp pool:  ', '8KKzL9BGrMLTZiroS1jwmzyWBeQpw7Ri7R1FsSv7hBYK']
['removed token due to low token ratio added to the lp pool:  ', 'Bg9wopYU2W3zhCS42WE4hhwYYKBaxBNNUiAfert4P2cc']
['removed token due to low initial liquidity :  ', 'Gom3HHmUrVKd1GtDUeL8FwzFr5y43YZKxsh1y9ttYQvM']
['removed token due to low initial liquidity :  ', '8nofDVZUps6C7RF8DaK293ih9fV5o5vtpDhQDteVAZt5']
['removed token due to low token ratio added to the lp pool:  ', 'Ae6ckY286seb8B4Z9BK9XZdZmaNSeYtWjMhPyDnJRNYd']
['removed token due to low token ratio added to the lp pool:  ', '7NNFgK1pfXGzMaN6hzgJGDuDU2qdooE6ubBr7G9HNKrz']
['removed token due to low token ratio added to the lp pool:  ', '5BcS6rshzXH5EbVgxoH1u8QKa613bRxyfHFvgEb9ue73']
['removed token due to low initial liquidity :  ', 'HvQQMnfkZiBY6FuQyncvS4MXz95SLRL812ked5F7Xr1Y']
['removed token due to low initial liquidity :  ', '4S8WzbdraekqTj4ynzRiwvsoHJGAC3x2izwUvFFamyXr']
['removed token due to low token ratio added to the lp pool:  ', 'B7j5njuVHkxWaw9LoJazh8cDDjT3FGBU27DspTeppRgQ']
['removed token due to low token ratio added to the lp pool:  ', 'DAzi9J7uq2NMbxjQnPuw348Kh7ao29TysxjwfGxR3Jjj']
['removed token due to low token ratio added to the lp pool:  ', 'BhTm2EMrn1dYK2U2e5DuQAt9qtSkEV7d82sAzRTnT7MX']
['removed token due to low initial liquidity :  ', '82iafsq4xzkUEUMkC3x8VpJ3qS8qMLzhQzv725yqxhEG']
['removed token due to low token ratio added to the lp pool:  ', 'JDqHQ6Sh5Rq5Ma3v8NgP7chQHh9hpHBBHnuu6xVavKg3']
['removed token due to low token ratio added to the lp pool:  ', '7fRf2CSsRHVaThMpfbutYRmLX91WovJsrq45oUraFrjq']
['removed token due to low token ratio added to the lp pool:  ', '43SWDadUdVWGCFtDLnYusWPCSkVFKcKLfzBtmLVPHq2P']
['removed token due to low token ratio added to the lp pool:  ', 'HYQKEkA1Tj88Bd9VRfqJnMLuB7QyuASh2sZJ7zfA9DsK']
['removed token due to low initial liquidity :  ', '2CH9rSeuLvjhN2g4AENC4RWYSxU922NXkatpUGdzM38V']
['removed token due to low token ratio added to the lp pool:  ', '4w1mLg6oqUbxbLgn7oYQ4UvABYuhawSkerPeYneRsBup']
['removed token due to low token ratio added to the lp pool:  ', 'ASmETAC5CJD1rhjfPTEksttjEAjpffSJmF5knstYMBYk']
['removed token due to low token ratio added to the lp pool:  ', '4Q4EjXMFzJCXDM3nMywVwQx5tTUBPwg88SRZM7rLugYP']
['removed token due to low token ratio added to the lp pool:  ', 'DAxhqh61GXFgXGH6Kv4CWMFKJEwGbodGazfKZDBPZiEv']
['removed token due to low token ratio added to the lp pool:  ', 'AHj8PMXxcWLafKH8WKigqo1GzFvoUXJAdnKxDoJTjBbL']
['liquidty removed', '4S4FDyxumxzpbG22nxphoyhG85vsfcUdYdfGffCG7BBY']
['liquidty removed', 'tpLMB4TKeecQbVgmeNKEyNairgAdbiEjEJHoeEBHDCM']
['removed token due to low token ratio added to the lp pool:  ', 'DGhMrifeqtorp6aKDTkdvtHAU53Nkzy8n6A2A5EB3Dpw']
['removed token due to low token ratio added to the lp pool:  ', 'EvnR9sGDBUCuECREL1BA1MH17r2v5TNGF7gbN7qPurzS']
['removed token due to low token ratio added to the lp pool:  ', '2e8NYD3Qb2LkAvDFvtRpC2Ah8pDmtdNGWqq2utM6xqdp']
['removed token due to low token ratio added to the lp pool:  ', '7wp2jyFharwaioadYaJvPDWtdZgaFhqZtkMJ7ZaFiAdA']
['removed token due to low token ratio added to the lp pool:  ', 'G26d5nGiWhxZ1u6NcNnqF3K9NtefqCuG2z44mzs25MBE']
['removed token due to low token ratio added to the lp pool:  ', '4tSmL2tJyr4c4v8SwKaHXWSy9EnpwegtiuKjg5cFJgG6']
['removed token due to low token ratio added to the lp pool:  ', 'Cge8ShTWxzAs1sPirH4BGvKgEwA4z7r6UTEVy5NFTS8u']
['removed token due to low token ratio added to the lp pool:  ', 'CmsFzkqUqt5pcyV1jfCs1s9q9Pn7XrncHY1dP7LbreaH']
['removed token due to low initial liquidity :  ', 'GVm1vbSGKgbKuydVCSUERg3QmkQ61zTWXpaCDVYqR41g']
['removed token due to low token ratio added to the lp pool:  ', 'FgfLKpPd229ConQ4xmSXsMTGUgzunHrMvbzoqdfCbr8w']
['removed token due to low token ratio added to the lp pool:  ', '5goCgNCJyRkm7LJmhyujjtkC4pF3JwFEQXx2Nq3VBgFM']
['removed token due to low token ratio added to the lp pool:  ', '4hTkCyuaKU9bcWN1mDye6RpJpA8ucU1K4GDC92FcemUQ']
['liquidty removed', 'ENyHb54RzWhVzxTXpCx1zEBQ2SbjJEiPwE9M8PZPDeQn']
['removed token due to low token ratio added to the lp pool:  ', '9HxmioPMRxaF8tUYW9hMMp1Dzb25t9SVcMiuwySDhKY6']
['removed token due to low token ratio added to the lp pool:  ', '9HxmioPMRxaF8tUYW9hMMp1Dzb25t9SVcMiuwySDhKY6']
['liquidty removed', '2n2erbqcP6dCmhx3PVaHdo438zopXyXE34rWbiXSBQck']
['removed token due to low token ratio added to the lp pool:  ', 'HZZHAdnZovhKC9zuXnhZT8WdnDcKJH3ZBxj3gFXEkwk6']
['removed token due to low initial liquidity :  ', '8fX4eMk6e4vvSa7i92UwhhZrgZC3nZ8kkoijUk5cLRZu']
['removed token due to low token ratio added to the lp pool:  ', '5yHjaxCSttzKJuQwigZGE4WzkpBjCk9WjbRqk3LYZi5K']
['removed token due to low token ratio added to the lp pool:  ', 'EnpSDqXB9Sy5uYNFaqoCF7XnKwhFySXxEKu1GPoBQHc4']
['removed token due to low token ratio added to the lp pool:  ', '6Ps5SoJ2JA1gbw6HNKZ8iSBu3Bo3YgMsMFmP7Ryd4ADE']
['removed token due to low token ratio added to the lp pool:  ', 'FWgxjizx2jMYpD8wacH5ZTEVCT6SBYAE3P7w4TpGEqxm']
["removed token since it's expiration time has passed ", 'BMxZQUJJjjw1PRyanMXc6LRJc189131E4mKwZWRa9HXQ']
['liquidty removed', '3isLrHvKQGgCD3TehjhXCK9Zs6qkBVk5u2AnN2xRUa1s']
['removed token due to low token ratio added to the lp pool:  ', 'CX7hAW9iA2gJ55w19r24eeNRkLHCp39PpB1v6S6HFh87']
["removed token since it's expiration time has passed ", 'EUTB7ctLQMv9q73CA1uEmCZSURHe3PMGECRBNmPFyWDE']
["removed token since it's expiration time has passed ", 'FuPEhv3p1CewF1tUcoYzPcqixP8jD5ztagzfPEgfRRCS']
['liquidty removed', 'BFrcWqfrfWY8dn5curkWysKivxG6688iZtdG5dkj1XCM']
["removed token since it's expiration time has passed ", '9MXHWAVgwetK5GzYkftci37nkfodubjydRPmsD5WRsaH']
['removed token due to low initial liquidity :  ', 'CTKaVyaDX17SbsmmAaYcKARMBKwAK6VcWhsNnC3YHvyB']
['removed token due to low initial liquidity :  ', 'CTKaVyaDX17SbsmmAaYcKARMBKwAK6VcWhsNnC3YHvyB']
["removed token since it's expiration time has passed ", 'HCczKN3L5kQCzu5gPWfmnNARg4pkZo6y29ecvq6r3TVg']
['removed token due to low token ratio added to the lp pool:  ', 'EoNyjekhJ4hV34rFMYkRL5DVQn347yX2voFRo4NP67TK']
["removed token since it's expiration time has passed ", '7H8bMchbM3u63d5BKLYtAGyzanC1QsnNBfAuKirZ7rHD']
['removed token due to low token ratio added to the lp pool:  ', 'hatC8Jy2xUrDhX8G48bvzHV95bs5BdUxseCPsBLfka5']
['removed token due to low token ratio added to the lp pool:  ', 'ErVEPdePFFzwJpPe7KuBYfzpYW6EeckeaEqXoAjmR2rx']
['removed token due to low token ratio added to the lp pool:  ', '354i4bR6o2MBc8rhe6m2ssaZuCSdU87neCofyqvHpCD1']
["removed token since it's expiration time has passed ", '8PvLt1T3D6uW8WD8VTdRR1rVdmRQrak8hDWgSLVYEyXT']
["removed token since it's expiration time has passed ", '64hJKsDEahnH3mxTwp9bbMpt2rQCA79dvJ2Li7wHSwZ7']
['liquidty removed', '4ouWK4JM7HywUd6FT6CGmsNDP2iAsJQ8FSxPE1BvUzGf']
['liquidty removed', 'G8yHZWoqz3VEF5bLWpxhfLiitST7q4k2VuTpPLfVtCb3']
['removed token due to low initial liquidity :  ', '7CNQV2WF8iK2AtVLa9eXfaLuJA3xdQLzev4BgjHeEJqG']
['removed token due to low initial liquidity :  ', 'GwggCmHEB8XroFSVNYLxhMKDURkthrbpG1c73sQWCTqT']
['removed token due to low initial liquidity :  ', '6NHjZkrNLfttTo7AafV8uYSJp4F5uFiqSDpSWTP2ei8J']
['removed token due to low token ratio added to the lp pool:  ', 'DYWMcbPvse6XBqBdqjCEdP4V8FkGKFF3JXfMXJnG3K99']
['removed token due to low token ratio added to the lp pool:  ', 'DY66vcue3AsvPWpiD6x7uUCAjHcyqRAEUewCiJgQVD4S']
['removed token due to low token ratio added to the lp pool:  ', 'soraYFAXibgrodeSKGTSnCAHuNpNQsjE2Kwz8jQqJut']
['removed token due to low initial liquidity :  ', '7mxst1GDqVgJADTZC41kASsUZpzyWyfu4xawQ2PTKmeN']
['removed token due to low initial liquidity :  ', '42CzzDwGrG1JPjLG6sQwKgwfGyPmCT3pozozsmwm5zQo']
['removed token due to low token ratio added to the lp pool:  ', '5jsUaE6jWuQo9tieEvGLm9eQpD9yprfoWnqjeUtdZ4Mp']
['removed token due to low token ratio added to the lp pool:  ', 'GLABAbUyuUWgsju3BDTtfnDoJoboyKDoiUhxFYjouMgP']
['liquidty removed', 'DFjF5jKe26p9ZCuwGXeePw6TSEgw6Fp6GW5LM6pZ93PH']
['removed token due to low token ratio added to the lp pool:  ', 'HhJbJnGfx5Zf1wrcPXVqMFZXDBoAr6LKXpfg1tdAb1LW']
['removed token due to low token ratio added to the lp pool:  ', 'BUzEJ4neM9TBWJ4Vz3vVpEDRp15nwNiHFU35T5i6QvWm']
['removed token due to low token ratio added to the lp pool:  ', '6FsytVbuqunoopiiEZ2P5eCRoJjtAxodvEd9u3kRn2Qv']
['removed token due to low token ratio added to the lp pool:  ', '5qhGa4Qo2aLefgFY8c18uFndXJZCAtk7LGueJv2u5Pck']
['removed token due to low token ratio added to the lp pool:  ', '5g79Mfs8D85o2MGPorydm6tNEGNnd6eTpJpcewxxyJ45']
['removed token due to low token ratio added to the lp pool:  ', 'VvP23myHpU6ocFmSKBPCdj4vUGQ8BrT7QaSjSfqGKkW']
['removed token due to low token ratio added to the lp pool:  ', '5E2aaer9GCTU5GgrYzsfxK8Gw5uxgyjMkWiev6MUUc5W']
['removed token due to low initial liquidity :  ', 'AJVAngaA8JXiirK2NktpWc31wF21XbUqc7Wv3VUDqEnc']
['removed token due to low token ratio added to the lp pool:  ', '3t5LscACQoD2oP8uL76wuPN5yS2qqrasMyXFY5RQQgdm']
['removed token due to very low amount of  tokens sent to lp pool ', 'GcuKzzYHD7gfSU1LuxFkYaESWdKqdJsRWwgrXkbn4cR8']
['removed token due to low token ratio added to the lp pool:  ', '9EKuao7UZcjBNnt8GknSxxb56gLNcoDvViN4gDBvuGwR']
['removed token due to low token ratio added to the lp pool:  ', 'De9hoABHzhsBnAk2ocruZu9T3rFqCkvrKv6Snkxr1fCU']
['liquidty removed', 'E4k7cKDSkJRhvLUixFU6oFhpboP1VPyJF3F4GofPxKxq']
['liquidty removed', 'AvRgB2pHuuWA2tWtt2GoLryPrEmR3u8VBRireQAn49MN']
['removed token due to low token ratio added to the lp pool:  ', 'E4XWgpoZFkGrwpniqF9BT5zztSu2AKWLHJ5Wgb4bBYK2']
['removed token due to low initial liquidity :  ', 'DR8NhjBXGAzj6AD72PoWe8n9ZNJHhUCXJ5d6voqQyEoJ']
['removed token due to low token ratio added to the lp pool:  ', 'HtyiuFVu2PKgVeXnChwAgbiG6bpyRLhyG8FKUqp9cbq7']
['removed token due to low token ratio added to the lp pool:  ', 'CRgpsCF3eN3bjZVLLxNU7YvCdCi3utiFFckSj36LQcFA']
['removed token due to low initial liquidity :  ', '5ZxbmtsnkLheLLZ7pmCB19ckVGZNPGSHYw9RyKsRveTV']
['removed token due to low initial liquidity :  ', 'p6C8JzqirrUhC2FXipJF3bnekuMaPmrHwGHoZkYx41S']
['removed token due to low initial liquidity :  ', 'CDdKn2sz5aHpk6YZ7dak6Y9mkNMCL6VW3uTD7d4nT5Vy']
['liquidty removed', 'A2UpP9vxheJLdRRzgxVtsRmoNQPAQq1i14xSd28tJBuj']
['liquidty removed', '7WueqemHEoxbhoZBkYZYYETQHGsgW9mmyU5zRtS1Dn4N']
['removed token due to low token ratio added to the lp pool:  ', 'Cj93VKe7MTVs9JwYKwhY4b6Fq1HJBcsdiA8cr4Lp3Fpr']
['removed token due to low token ratio added to the lp pool:  ', 'Cj93VKe7MTVs9JwYKwhY4b6Fq1HJBcsdiA8cr4Lp3Fpr']
['removed token due to low token ratio added to the lp pool:  ', '2fafVzmAXaTKg9Xdon8mrSnKbwg5SmMVKxcjDYBG3kKf']
['removed token due to low token ratio added to the lp pool:  ', '2fafVzmAXaTKg9Xdon8mrSnKbwg5SmMVKxcjDYBG3kKf']
['liquidty removed', '42WaaszwAHoupc3VtENYLGMCqBcuq9R8BWprq3ZsoZ83']
['removed token due to low initial liquidity :  ', '2BBqSJFFJkyVg6AnviNzmJSwc59DZrq1FLgLkoQ9UkKU']
['removed token due to low initial liquidity :  ', '2BBqSJFFJkyVg6AnviNzmJSwc59DZrq1FLgLkoQ9UkKU']
['liquidty removed', '7UjUBZXeL1YJhv6mk3BQ9ZDjnCfu9YaEjLipPNQhL3h']
['liquidty removed', '8ZS8cNgeB5zafuHznw7YYx2nfKg7Xddj6XYegd8Rxtj8']
['liquidty removed', '8ZX6jXhzerw7VrywGi7YGRc3PDX4q49AA6CBPCRLF8FC']
['liquidty removed', '8wv4AUG4b7KCRiN4qh1rfVW6cEr4Q4yyFSC6UmJPSqRo']
['liquidty removed', '5XKdMP6NswVHmGJZn6ff9qqmAANCk8fPCVxNmNAormvk']
["removed token since it's expiration time has passed ", 'F1yPkY4dxKYeSaweCoihNXPjgoSprJe1FdUiwsdV5LuD']
['removed token due to low token ratio added to the lp pool:  ', '9VgjPHtNRSnnDco5TADF1HAJrNrz56KTA8qrXjackJjc']
['removed token due to low token ratio added to the lp pool:  ', '9VgjPHtNRSnnDco5TADF1HAJrNrz56KTA8qrXjackJjc']
["removed token since it's expiration time has passed ", '8UxutZeRRN3GGJx9xtXqCcwxgMVoob4aMMkragcZiLAS']
['liquidty removed', 'CsSGMKTL1dqUULqZBALEatLG24gZN42gAy2QvYBFAQPZ']
['removed token due to low token ratio added to the lp pool:  ', 'A6JoPRdFk4bzaZi74tSS9Gbpp6cMF11NbjvK8CuyZRCm']
['removed token due to low initial liquidity :  ', 'EDdYa5FB3rL5wDyixqvbWQRUaHB77hDRe8xMsmDTYPfQ']
['removed token due to low token ratio added to the lp pool:  ', '4o5eRFWTtHWi7c8phGPwxWx97QgDkghfCx6J55RifvBs']
['removed token due to low token ratio added to the lp pool:  ', 'FRScgQX5kkZKnwu6ZqHAtRHfDW2b7g8HQMg6VG9yzX3w']
['liquidty removed', '8UX1ZqsQPoEtPknMZmXB8cSwsuZ4Wyv7aER86PXSVmLK']
['liquidty removed', 'GLAF4K7ZBsEqFiE1rcSifkvfXrdNby8AgUJ9ZS5wQ4Er']
['removed token due to low token ratio added to the lp pool:  ', 'B6tuXU2YNRYFaHgXxjuQ268Z3iXAoUaQWUrY1b6nNBMr']
['removed token due to low token ratio added to the lp pool:  ', '5faANUbGmgQ445MufEwvXyuPkdknyw6LcQUaZqDdoZwU']
['removed token due to low initial liquidity :  ', '9hfwXcx1otf2b17FGNSWeM27vVoc9MesTCDmVM2y9gYx']
['removed token due to low initial liquidity :  ', 'FcgVA5SYwEc8syxCYgDNnom8CV7Ui7jqkkc7VKMuzBQN']
['removed token due to low token ratio added to the lp pool:  ', 'BjgJntXbSB3mZZirUxbBt8bcUwPNimRp9aMRKPpcwSFJ']
['removed token due to low token ratio added to the lp pool:  ', 'EkUCKszjs6k8D1ek2rqsf5RnJEQnnfobJJSu3QxfVJCu']
['removed token due to low token ratio added to the lp pool:  ', 'BVR23BkUE1WmbNBxx6i7GgTC7agVUEEUvDnzRc5a69mf']
['removed token due to low token ratio added to the lp pool:  ', 'CMeQqLrFBWpnQQXrBi93g6czJsgRp4d2QwL9FFHPvjXt']
['removed token due to low token ratio added to the lp pool:  ', '9jsd1BSj8rJpV7Hdjj7AV54iLZyuKZNf4KMzw1JzN4Mw']
['removed token due to low token ratio added to the lp pool:  ', 'ABByMJRb7SVtF2pfyBQYpmUu6iHZFGaz2i8fABzu5wPp']
['removed token due to low token ratio added to the lp pool:  ', 'QDKHFH6JYhgQXoBPjZ5h2wWbHys4qukC27idnWZ9vDE']
['liquidty removed', '4wmSSARHuwZRdYzYwNAiBpsYQRnQpLMAffSz7xUqiqcV']
['removed token due to low initial liquidity :  ', 'Dn4mspBC7NmAtiwUjpe8YvWiLicQkvmxq5TWdB7bTh86']
['removed token due to low token ratio added to the lp pool:  ', 'FmcVERYMxqteFiJqMrub64cvHk4fk5qgwqP8e38Mf9K2']
['removed token due to low token ratio added to the lp pool:  ', '4S2HQcb5SPGVCXdkR2yXv98ZYR4v1b8asxscaLCUZgHo']
['removed token due to low initial liquidity :  ', '2YZoq8sSnKWczq1JSZf47pLNkgWguGidtVmNPyAr1ax4']
['removed token due to low token ratio added to the lp pool:  ', 'C3pwGZ8Rxr7hCPVLhdWE1iEXBeqA43cWSNU8wmvf8uk4']
['removed token due to low token ratio added to the lp pool:  ', '2AFsEzu8ctfBrpZEcZLaDT9CZamtJUzb6zr65AqhDNyh']
['removed token due to low token ratio added to the lp pool:  ', '6KjBcdhjhZehRrjTyBMDabM4R3P9ZDjXqVByL597edrp']
['removed token due to very low amount of  tokens sent to lp pool ', 'CFepMMsRuwV2TkcYAfgETXeq8esA7JQG8CjaRQ44xJ9N']
['removed token due to low initial liquidity :  ', '8viUmSdkWvNTZqMGYsUZqt3P9XscqfGNQJB87ToyxfM4']
['removed token due to low token ratio added to the lp pool:  ', '3L7x9mRKJsyJC981bd4aanJJBpnsebieWibY5rXtGF9C']
['removed token due to low token ratio added to the lp pool:  ', '6srkRdUD6fYvusQXDtip4tmngjB3ywEXyvBsbpGZQsaJ']
['Command failed 2 ', 'CDdesMYF6qXJ4T6kbYymQpzdiEfYzTQzmzz3BpxVtKfu']
['removed token due to low initial liquidity :  ', '3tij3x9vpj5Psj9AWjmMbQKPXSTUYiXwsuZ637Q2LXg5']
['removed token due to low token ratio added to the lp pool:  ', 'ApJG8kK4nRMKTo6MUwoS2c3CLiMNqT8HyKnkXgrHghKM']
['Command failed 2 ', 'AYW3GExZLKWnBKNQo2haZ1FsbiLQRYwreRssM9JtftHG']
['removed token due to low token ratio added to the lp pool:  ', '6fiaWwAm8E7Jpj2B7SEUnzbuXiFqg8s9UATRnTM9oKbK']
['removed token due to low token ratio added to the lp pool:  ', 'C5zMLSJ8X5GNfrgcc9fi8cY5ZV9jgTmxg1wL39gF44zB']
['removed token due to low token ratio added to the lp pool:  ', '9fiZeGfnNS8pcvFS2RuifdnSdk9baaBSmD9nqAX5zp1W']
['removed token due to low token ratio added to the lp pool:  ', '9JspbtWch6WRbkZFLQxdYPx95Tym36j1y2CrvR26ZjWv']
['removed token due to low token ratio added to the lp pool:  ', 'Biz5W4UyM7CnXcaJ6WsqctwoZU2FBS7Qozg48YFrcdma']
['removed token due to low initial liquidity :  ', '4w5ws7YKcHqo1cpkzBULgXVntiPtHQ3zXtyqpKAho9cW']
['removed token due to low initial liquidity :  ', 'H9qWqinC2q7kNNP9wcYR8AdhXRNhz5kYBE1QpXS2Siv9']
['removed token due to low token ratio added to the lp pool:  ', 'FAp2ukVDqckbg5uDkEEnz8zQHJQV1DfRH4tGsByuucXa']
['removed token due to low initial liquidity :  ', 'EgQCbhGyuZi8xgm96gYKNxasJBbuNF4SKxyRnCLK8jsW']
['removed token due to low initial liquidity :  ', '2fjE6add6furbLE2F93YbhNkLeLissVtQ7Bcq6kZLeWY']
['removed token due to very low amount of  tokens sent to lp pool ', '6ozNNUjvoh1zPCsQqAGqbjmVu63AAqLNckXEd85grwuD']
['removed token due to low token ratio added to the lp pool:  ', '496n3ZJ1uW3aDtXsF3CsLL7cayJgBzEoXGbGkmaskPd3']
['removed token due to low token ratio added to the lp pool:  ', 'BvDvC1JCbwVp2LuXyfxnFK2y7BpVCVEyd8AuDhDBHorf']
['liquidty removed', '9cFpJrsb6kz2qFw6THJ947PMMHbckC6M294oLAUpdFVm']
['removed token due to low token ratio added to the lp pool:  ', 'Qs9YLc22L7FRfzzRd9gwirpb8b7hNjy3tuZU1czNncm']
['removed token due to low token ratio added to the lp pool:  ', 'Hie6H4kahosCT4omnXWMfQDYaTPz8Exk9eiFu5P1NaZ1']
['removed token due to low initial liquidity :  ', '4uyD7mN7tL5xp48gb72QJsbNqqjTqKKnjQATR5sSqumN']
['removed token due to low token ratio added to the lp pool:  ', 'DZwH4DGaECAax1V8Yhzaa3CcNBF85VnkBmqgn4ebnsCU']
['removed token due to low token ratio added to the lp pool:  ', 'DqwBm4g9vaLigtc2FTt9zeBNSJm7uY4aHTipjspPbpVG']
['removed token due to low token ratio added to the lp pool:  ', 'AiRDone1jMD59jPqHgy5buWBnUoDjodFTXvTwAk5wwFR']
['liquidty removed', 'GRCabyw89nMLPdiBY3wp8XDVZxEfXvv4NTKuHfJkV8cx']
['liquidty removed', 'GRCabyw89nMLPdiBY3wp8XDVZxEfXvv4NTKuHfJkV8cx']
['liquidty removed', '149UnHmKwnTHLfjHgnL47XbVkpdChkVJeW5j9vMTtY3s']
['removed token due to low token ratio added to the lp pool:  ', 'DP5fe11YHYSsk2vsuVhHrgYwDG5tig82XEC25wsMsvzQ']
['removed token due to low initial liquidity :  ', '6u6Vhkxmt3LvSAeRwTE5xtvzEC9cYdxsp74RNJ9FEhBm']
['removed token due to very low amount of  tokens sent to lp pool ', 'BEAVeRTyt18dCZfLyAvnq6hTQ98CN8ud5PYsGvPP7f3T']
['removed token due to low token ratio added to the lp pool:  ', '9ZFwjCmb6Mm8E7m2Buffe3vdebxgrzsEYuk27wGMuvLp']
['removed token due to low token ratio added to the lp pool:  ', '2muzZ9nba317TjGrNbap74rekxAJUy3m5ndTvLd9LyF6']
['liquidty removed', '2oQoAw6Fu8ngScy8BkHMTz4ntbyBKCA69yNgESa4vTU6']
['removed token due to low initial liquidity :  ', 'Ej7u8xhL3SN9QHr3V5v1rubzaHUtJHMt5KN3MovM7xkk']
['liquidty removed', 'A8nFF399uzwxRtZmKdhNH7iVdXMZupqECPwvs4hK54Gw']
["removed token since it's expiration time has passed ", '8bdonP9pqPPT5WqVTQYGVYiEMa7ut1Md6fwbxQCd4tXm']
['removed token due to low token ratio added to the lp pool:  ', 'CVnpJfn34cRoNnN82YHc8CpyP7wBufPcwvVZLtpWTCpu']
['removed token due to low initial liquidity :  ', 'BYyCpNc58ALH8NPdWTxrXxpxs7Ute2QWXfN4gu5K2EAk']
["removed token since it's expiration time has passed ", '4NdjnL15kgEqF9DpKXrbw91xwvR78on2k7Xzg4SKwSER']
['removed token due to low token ratio added to the lp pool:  ', 'HAz8YHqwqEBZuFEjJFr5UvGPAngR5ox2odrHKJ6owtpv']
['removed token due to low token ratio added to the lp pool:  ', 'J7tyB9V8DskBgDZSehK6EwMdUmfNBfurgenJENtLD69z']
["removed token since it's expiration time has passed ", 'AH5Q9TDajsGx2gwxjFCFDuE9M5mttDwJn3rvYNgRuYSi']
['removed token due to low token ratio added to the lp pool:  ', '48CXPXBrL5HiSC4YSaPt5wXUGfPG9XHVTP9KiaoazHB7']
["removed token since it's expiration time has passed ", 'PAwdkVSZf1xB2ok4Cm5v4vihFWPkYopoF4DJifJeohx']
["removed token since it's expiration time has passed ", 'FXeFrNVEnVUh8DPKL3NTmMyz1JhcjiR7xQHCa4HrKBpN']
['removed token due to low token ratio added to the lp pool:  ', '5FfSZGCWRw4BjL2xtGsQGwUjcBvpd9LsG9NjCLaf5zdg']
['removed token due to low initial liquidity :  ', 'HJRGjD5yoFfmSbvZWBYfGdkL6N8e8q7yfqGYECkqmPe9']
['removed token due to low token ratio added to the lp pool:  ', '4uWSJm1tfDG87gXbhEacSwejgmUeM2kdD8W9SbDEj24G']
['removed token due to low token ratio added to the lp pool:  ', '383cvHdXFK5aQdKB4zYzECSPjH95AVDifbcDUXe82FB3']
["removed token since it's expiration time has passed ", '5RTHan4eVwwipcfxAJhiFuS49Pmh1vidNApJwX5t4py1']
['removed token due to low initial liquidity :  ', 'zg7BbpCe8ApNooPwCh9s43nFdKfg2BGUcbYEmWtqhXb']
['liquidty removed', 'Ebc6ZDKoXUEKyjMWRZuD2t3hZodwf5saS1nCtq5do2vY']
["removed token since it's expiration time has passed ", 'Ar5rjQ38avWVdFvbNDt2jHVdmFaEsHieLQty3BE9WPxU']
["removed token since it's expiration time has passed ", 'BV5Ymig7X1ooSHYouss2evttTBWvZTCDYBq9HxpqpiTb']
['removed token due to low token ratio added to the lp pool:  ', 'kxgquRWVvBcJjqNexy8BvvsarwQfiQdBv6wecZgGsKg']
['removed token due to low token ratio added to the lp pool:  ', '3wyhvtkMrGhUim5atKP5VXWhf5pG5Woz8XtazCnBCLUP']
["removed token since it's expiration time has passed ", 'DQ97J5zGd8dJPM3Uvw54u7WgPMEnnLsGprAvW5CSeVrX']
['removed token due to low initial liquidity :  ', '8FAfiXfVaHK7CiCVaVxt9wn5kKXcATERp8eDyUjw3Wbx']
['removed token due to low token ratio added to the lp pool:  ', '2BFEfKCiRzKTHw7SwgeW6C2SgrvK32J45Aa6jqESKx4e']
['removed token due to low initial liquidity :  ', '2UbENzVAaca4AaYshaErM4X3KLDYgtDmtJQiDvgLJ8DE']
["removed token since it's expiration time has passed ", 'mBgTNANiV9WafNEsEaLBUFf2nvV2f7dpmq8b7WzD1LT']
["removed token since it's expiration time has passed ", '3beYEZiBpGe27fFuoEXZ6x5pATwUnnKVcrR4c6ZJR9n1']
["removed token since it's expiration time has passed ", '2pPwYrN4N6GxnN9TF6Bx8WHzYUret4AxHwaMgZSeoWY3']
["removed token since it's expiration time has passed ", 'XeeZ29rF3vVYCcadoRZj2xEFo13SmKuMrSdvqUwwGnu']
["removed token since it's expiration time has passed ", 'Cjzw1beFF5fdcfX9MDwihsZDySJefsLB2a8tVZWFPkHq']
["removed token since it's expiration time has passed ", 'FfLEBj4t7M2ne6y5Qi47DCRbFz9rT3JY2JwNWPonNCfL']
['liquidty removed', '73Nk8fpDeCcNQg5p2va4Pv8u7oG2t8kezJ5WnURi33cD']
['removed token due to low token ratio added to the lp pool:  ', 'DDKUrYF8jk4XYHGr6KLB2eyyowpfLjon93YPjt5C4kLh']
["removed token since it's expiration time has passed ", 'CccsE72EQhTnoNhcLbJ2vKADXdXKB6iPq4mSZ1Tp9Zxv']
["removed token since it's expiration time has passed ", 'HUy2vM4oQ6nn36qv6tr4ZVZYYsFn3q7XdsENfECnesAA']
["removed token since it's expiration time has passed ", '3nf3Azn1mrCbinEB4G1q7oGS1i5m4zZ9nJHuSFGodeec']
["removed token since it's expiration time has passed ", '61GZw7G1cTpFHyEh9sM2yu5ufjsWcBWQDgx22Z2ErvxB']
['removed token due to low token ratio added to the lp pool:  ', 'EwkWaFjLfC4qs3kJmVL6eGtRgwtWCQ8yWMGWRUfzoJZY']
["removed token since it's expiration time has passed ", 'A2n7YL8vGqamT4CrjmkDKNkQokCW8ZXhyYxj4SpNssvN']
['removed token due to low token ratio added to the lp pool:  ', 'DYyWDr8PsEZE5KCU9E8CBT9PDvYDBf9uuMrPUzofAWfp']
["removed token since it's expiration time has passed ", 'HK2QE84c5rT4BFr686m2zCgD1R7cFaPcQ1iwf4AtcGjP']
["removed token since it's expiration time has passed ", '6n2hutejUVSkSjpGHzbyKKLTQcczE5VBHCWUkJGEWMaa']
["removed token since it's expiration time has passed ", 'EwoecB3wAJXp2SjknfovXfYRRN9eG3mWx7Xha47bcUcW']
['liquidty removed', 'GXtHis9rX3WgNRUyPV3hMJyusrwtDNBSL9qpbUK9yBo']
['removed token due to low token ratio added to the lp pool:  ', '9ZGud77ejNS718d6d4sbWhyyfkN3xNxhWdeAhhyPGWRv']
["removed token since it's expiration time has passed ", '7HNSCYunL1dGhEqt5u3YQW4uaHiqWRC39q86ARhrCC5e']
['removed token due to low initial liquidity :  ', '6WyQ6MxdvuepLu63KEkZzkScmoQD8Ektajeb96Xhc1cP']
['removed token due to low initial liquidity :  ', '9HKb55kFrmX4uwCmJgu25MnirHtnhtcE2HezXgEbPsNV']
['liquidty removed', 'G4aF7P8jmyinjSW9Q7omAfDbNAac7Vrc78h81QPcU7PX']
["removed token since it's expiration time has passed ", 'HARmbJPw8BJyeF57r4u8rMv6mjpgYrAVbyEhyd7LKjDF']
['liquidty removed', 'wxCtj6k3FvfXGnHcYcyTxmw4soPym3LJuYh2wCEonbf']
['liquidty removed', 'wxCtj6k3FvfXGnHcYcyTxmw4soPym3LJuYh2wCEonbf']
['liquidty removed', '25oLqCdjp8Z1qTjh1cNaaB829vF97kQn7qEpHAtuGqDF']
['removed token due to low initial liquidity :  ', 'FkqtY5zAH5aV1WzbGQ6QpNPrMBdvdykEsF1m8owYjaRQ']
["removed token since it's expiration time has passed ", 'DCWy8Um6uszYgooVxHybf24rFazXmxYeEZWryusSptH3']
["removed token since it's expiration time has passed ", '8NkiWmof4H5Y1d514kW8WnbFExwbTLoE3qcM3X78QeYK']
['removed token due to low token ratio added to the lp pool:  ', 'DJoPS5gJ3eY7r4HmGbYHJ85XDBzN8xFwdP1tgR4gLoUF']
["removed token since it's expiration time has passed ", '94oi6CicbZtyMDPF1jJBv4hrC56wmgA8xd7DUNjeCdQy']
["removed token since it's expiration time has passed ", 'DaxXJ4Sh3MwXv8WbMUtpiDiMzo1L5oJ2Fi6vjqmjVZEJ']
['removed token due to low token ratio added to the lp pool:  ', 'EDVZ6wfSRa8AUwMfA422BKaST4ExDgfkv3yYH4h7CR3a']
['removed token due to low token ratio added to the lp pool:  ', 'Ap2qSUd878dgUEfGHHEJYRsxb5jBU1FWQxX8ALKn6XyS']
["removed token since it's expiration time has passed ", '63EoYNt88nqskYa44TJcNxt7wX2aaMGsRStp5ZryQ8qq']
['removed token due to low token ratio added to the lp pool:  ', 'GfJWGRENvm4FEuWa1r2GG79Q7YCY2Cig2zZyUYHxJxBG']
['removed token due to low token ratio added to the lp pool:  ', 'H4cwzkkLa8thnkdvfF7FCwcEteDyB9BRmjMgnNACTsGo']
['removed token due to low token ratio added to the lp pool:  ', '4uZnat7qs2orVo3Um7jDyg15i9BoxTJFxkYKAUxBvyMb']
['removed token due to low token ratio added to the lp pool:  ', 'BJJfFgsemyHFSM5kccvWSJ5F7aMZPmaRTeaVxExfcHR5']
["removed token since it's expiration time has passed ", '4VyvYuuEhULbQgiLG8jp5YErMCvwqUg1UPqTjJo5g26X']
['removed token due to low token ratio added to the lp pool:  ', 'Ec2uU5uSD4tnCSG2KNuS8JmEpGvga62AnGxb3nT2gdmV']
['removed token due to low token ratio added to the lp pool:  ', 'AfFZaBTZHMUmLikqyp3GgYe6XC9m3Lyr1TbNWuqXHHgE']
['liquidty removed', '8LWFq1ypPxTvK4o1MGgDd3yni5dy4u2jSTpfCETXbpv7']
["removed token since it's expiration time has passed ", '79vLvnp86mK7MujC6Mm7n4CZE1cUXB181fqQMH9gBBuS']
['removed token due to low token ratio added to the lp pool:  ', '6HDo6eK1hLUt471vJ4XFcNjU6A3oZPs4rXs1haKrk2Ha']
["removed token since it's expiration time has passed ", 'AVnnWsm2ymcCTdDPQPyj3cY7piJyWR9YZpUBsox7Qaqt']
["removed token since it's expiration time has passed ", '4KFAaTN878yHKWjdrQFaeuSzQc5sL9ts8UWkinvBVRXD']
['removed token due to low token ratio added to the lp pool:  ', '64qVEHEx2u5kCjUxFg1tPV2YnYBSdD4zmTV1h56p5KgX']
['removed token due to low token ratio added to the lp pool:  ', '64qVEHEx2u5kCjUxFg1tPV2YnYBSdD4zmTV1h56p5KgX']
['removed token due to low initial liquidity :  ', 'AHabvszyXJZNViNy98Znad3EvVBVZHsQGE6aTHNpmkNm']
['liquidty removed', '7mLkEknHKxHgfJQTYj9q64rJ4AaBTwoFaYpP5rVKsVc7']
['removed token due to low initial liquidity :  ', 'zoRRoZwKARYroTKj8x95qHRexbrPKv2kiwkbo4Dhgbo']
['removed token due to low initial liquidity :  ', '9zAYUvjZy8ikbVns5YNecuZ4fHtFUB4ziNTN1YJqzeBC']
['removed token due to low token ratio added to the lp pool:  ', '5eaMS7YLFhq8Ddp37NgDyEUMGBsC4bGztzMi5xSQqbqj']
['removed token due to low initial liquidity :  ', '2UawNGHsYRvds9hAEdF5fyG91yA81DxvjXUx7hSUMtyE']
["removed token since it's expiration time has passed ", '8C7kLmV7TU8Vezr3Fxb2NvuoC1G5uwppxWJhYuBxh74N']
['removed token due to low token ratio added to the lp pool:  ', 'AD3hKXEvNcgP4ikL4PfHpfuFRkbZ75WFiTF3E3s3HGya']
['removed token due to low token ratio added to the lp pool:  ', 'BZSFm8VEQk8XHNVmSdM2vpHUbo8gVGNzundzUn16ZtfS']
['removed token due to low initial liquidity :  ', '3fyBVRBRSFUpVNtoTbkNcLWNBhZbwV46xK8qv3Qw7H84']
["removed token since it's expiration time has passed ", '5DGCZuTJkqhLN71biJ7Tt7mcTZDpYQWCSXv8Pa5Axt6e']
['removed token due to low token ratio added to the lp pool:  ', '27UWZekx1X8iSB5Lr6bnUjyJf8UWTdoacWa4ZWnLerEH']
["removed token since it's expiration time has passed ", '4oBU3m6Coz9mqe9v9t92imjUCNCed85szNq4BpKvupuU']
['liquidty removed', '67ACP9ER7YP62TMwzahk6ixeX596Hm5V87aZDitfq3rN']
['liquidty removed', '67ACP9ER7YP62TMwzahk6ixeX596Hm5V87aZDitfq3rN']
["removed token since it's expiration time has passed ", '97BGLxxA5jcNBbUE82VBtZGXeYY2koxrT2hAyF1yZ79e']
['removed token due to low token ratio added to the lp pool:  ', '68Ct9QBRfwtfEkUUDanLPfDZyUSzHh6GhxuMv57V2dKb']
["removed token since it's expiration time has passed ", '7xzxso5hHvLFqigpFRaoPdNBcoGN1Z5Aj4jyQdAo8zME']
['liquidty removed', '6S8duvMv3q9qhajHs8nX7ncobSF4teMGSs1zqJ2ah5ry']
["removed token since it's expiration time has passed ", 'A2vVNmpzc2b7hdd5eyQQDV3vXYjN6yv4SxPK4KiXvvX4']
["removed token since it's expiration time has passed ", '2s3S8avzQkRci4Namnb7gSKqfGBKjQao3oZwe7daMKWQ']
["removed token since it's expiration time has passed ", 'B87wQoexbGtEcCeyCnTbwBh6ixdYpuFjh2nmq3ti4cVT']
['removed token due to low token ratio added to the lp pool:  ', '5oyLXgvtRCDQFCjj2xvy4e2n78oVnSa9UMn4Cn6FPfEV']
['removed token due to low initial liquidity :  ', '7LpMJKhajbFEoNBL78ta789kx8bKSGW8eFtNJkKh5qgf']
['removed token due to low token ratio added to the lp pool:  ', 'AW1EvLhxSvShN7qRkYJAsTbWdj2B2eRUH5vtQDszFPF8']
['removed token due to low initial liquidity :  ', '7Bbf7HETft3zxXg23cxH4zoW7zXmEHNJJGTRcoxub6QU']
['liquidty removed', '7mNtHb7eHfgGThwcrKUHEvuNrmstzzUpnCTNUxYRyU3Z']
['removed token due to low token ratio added to the lp pool:  ', 'AHgrububsWgdDdJZYrj99DFqMtVA9DCy4WycA1gZJPpq']
['removed token due to low initial liquidity :  ', 'HoJZyrJQMsT6yhT1ddQwRxkJ7invh3PC8hEBQDXE9VhA']
['removed token due to low token ratio added to the lp pool:  ', '33jm166QrHkg9e81Tb25qZFSNFsR8tnnw2dtXQbz5t5k']
['removed token due to low token ratio added to the lp pool:  ', '7CTniyTXkrMqDb8gPryqo2pLjDhxfh8GiRZ9tPK3VrPU']
['removed token due to low initial liquidity :  ', 'CJiAisvsX3t6TyVGiX2q9WjD4L4dSieyw9ZQknx6qfw3']
['removed token due to low initial liquidity :  ', 'HwHkpZgUCQ8rhMMVz92z3jtLLyjqYBM2jcdwDPBAhe7t']
['liquidty removed', '9ByUGJ2GYArXk92AfGzHmoqoUzyRx96futpnSrr8fFPD']
['removed token due to low token ratio added to the lp pool:  ', '3JCpxzcxjHJYZF5dM3KXAo7enCbwzpVyoqHAxeaGykJd']
['removed token due to low token ratio added to the lp pool:  ', '3zX8KrfBWv2T2sk2TooYbwG9mG75cZDXSMrVxwb7nTuj']
['removed token due to low token ratio added to the lp pool:  ', '2Uo2GnEfoZctAuMcLEHbBrPEMq4JgUUE73ErsJhmVvUZ']
['removed token due to low token ratio added to the lp pool:  ', 'CQoogz6u7c6sdJFBTq49DsutzJ7ncHwTytdd8oUst18t']
['liquidty removed', 'Dy2p6X7Dg3fYByXspMbYWaHriEWaGf9wYRt9yiCkumbX']
['removed token due to low token ratio added to the lp pool:  ', 'AyGmDDR6FGMiy6XQ3v7qbtRjTBjCHpBBsUL7td2YaVgn']
['liquidty removed', 'GcuiP6nU33RvEmFnUnXCuRTATWVYJQxhtE2p8NWDTt7b']
["removed token since it's expiration time has passed ", 'Fp9kY2QKTay5cGtbKhx7pyiNNL9gnYC3re6MkFjQRzbn']
['liquidty removed', 'AK1P5SJ6WvrGoa4gNKiJEw5KyU2AWxdXNJP3YP1w8oUw']
['liquidty removed', '69cjWJTx5mwAYfCPDhfJRbrS8i2vazb221NZww3qMk67']
['liquidty removed', 'BJyqDatvFigfCJRoS8coFWggZ7YsM3rKHcwpkcssc4s4']
['removed token due to low token ratio added to the lp pool:  ', '4qTT435MYZfJm9LpimHhphrCoXdn73wGpqvNkAiaBwvP']
['removed token due to low initial liquidity :  ', 'FJyURW4bKp3ELJizApHBTYYzQ9h13fju5zmm533Dibzo']
["removed token since it's expiration time has passed ", '3KGrAaLUhaMcvWZuKc3b9PFX2kACfv4RNgU3JDuxLBAD']
['removed token due to low token ratio added to the lp pool:  ', '13MD8Arx5Bp7Q4xvPAkAuedjW7cGoQsTSzMLHyPDTpNT']
['removed token due to low token ratio added to the lp pool:  ', 'Gx7gMAKQAj956yXqeZ5YCYaSZui72tzdkCrV8iPzNvoD']
["removed token since it's expiration time has passed ", 'CHM6RLjSD8QrccD8h1GxujWa9zFMxXGXjRuvZieq8b3w']
["removed token since it's expiration time has passed ", '8a9pZ2GNZSpTRv9M3J7Ttab9oYxGjXxqp6rUg1N8BbfP']
['liquidty removed', '6yhjDaKyZT6HDHJ3agcDiaFqZqSTV3j97mqwkyBqfb9B']
['liquidty removed', '7k6hcqAVBVCa214JF7tz7jW4Mge8tD6vUJq2Car5J8Fn']
["removed token since it's expiration time has passed ", '9VdB7zEFbE1QyUN5za7BDksjWTfioAAtbsRkJ5xk1G9F']
['removed token due to low token ratio added to the lp pool:  ', '32gZfZHjV3T7WAGDvDS2iZw9obfEix2bNaqQRrWKH5SC']
["removed token since it's expiration time has passed ", 'BtXVzX4n4WyuyGjBYam55ngug7oi8K8DLTbWHuFuanNs']
['removed token due to very low amount of  tokens sent to lp pool ', 'C9mgSA9dsABb3cVUB8SDG8qeFtwvqzSMkyZRUVVfjDmA']
['removed token due to low initial liquidity :  ', 'GrnGTBrsqLfbtSLjYchzQVJad7toCK95Y8zQZLPo2Npd']
['liquidty removed', '9bkv7iNx6yEgbygjKtArFrdWBpdFaQiXsiUwCXeCmRwB']
['liquidty removed', '4cVvu13N7oSQkdyscQuLCzd74Tm2H5VXTTE1bTAWbzxF']
['liquidty removed', '5dz388J2G5S29m2MgC6FdyU19YtEgQHQ8ARfjPiDdL3p']
["removed token since it's expiration time has passed ", '9BoFkJeUDjYFHSxetxmjNGgwcezfYSgtcEJGSoK69vY7']
['removed token due to very low amount of  tokens sent to lp pool ', 'CFepMMsRuwV2TkcYAfgETXeq8esA7JQG8CjaRQ44xJ9N']
["removed token since it's expiration time has passed ", 'D6a8m9vGChJHwUZuSKVBfkEkNuj7o6LSSjGWCmWkkUHn']
['removed token due to low token ratio added to the lp pool:  ', '3GyEEa4BnwZjG5VGH8UU9gd4fVnkTVgTWdeENWhxrKev']
['removed token due to low token ratio added to the lp pool:  ', 'G7QXHTmiLdB9ybrGjUYhM93Qj5PnbndesuBoX8ngVC8F']
['removed token due to low token ratio added to the lp pool:  ', '27tRh52LkHTtpMfQdyprzz4v8Po8DVYAwsD8WRL4syL8']
['removed token due to low initial liquidity :  ', '2gxdub2Jn53h9Uy8DUm6w8o1PJCw5vXj3stMuU28QSGw']
['removed token due to low token ratio added to the lp pool:  ', 'FD26cPhVUr2jWncygdBsZSw8pTf7PfqrvJftnTBhLbjS']
["removed token since it's expiration time has passed ", 'Bz4maSLHpz3Kg263ZTXL4pRkJfnsWpHi15kZwjYZL7EC']
['liquidty removed', 'CspD6HHiSqUup9TdMvpznkZpt9jw35tZ6TPdtscYwBgD']
["removed token since it's expiration time has passed ", 'CNhqYGZvJkNvmFQCoovGzASTTM8Nuuyo2nPksxZhhQRZ']
['removed token due to low token ratio added to the lp pool:  ', '2FTTLeaVfVqzwFPaizAj5Hte4UhwsbC2SapHPrMZ2L5b']
['liquidty removed', '4ngsXLvQ4fnVAVeRvt12RhF6sccwF2w7dZz1jMK4Scfs']
['liquidty removed', 'GbiXWSPXAvzzbpPAkg3ecMuLxuiB7DbebLwitL4G2UhZ']
["removed token since it's expiration time has passed ", '585A6Y6gHyGEdk5ka7ViFQamHa1iQjeNDznX261Kwf8q']
['removed token due to low token ratio added to the lp pool:  ', 'EeNsf6CUZjuHnsQuSuqHpyFVeGMHmT9vRbU9tvzS1GuK']
["removed token since it's expiration time has passed ", '5WvTtGGSUfwhVhT8N9vXf6cYKATsoKY1Wzc49cMMjTNT']
['removed token due to low initial liquidity :  ', '8wyWzBrvhQrQZBCuUWVEpGBAHwjoSQy3Q2vqekYhdDCx']
['removed token due to low initial liquidity :  ', '8wyWzBrvhQrQZBCuUWVEpGBAHwjoSQy3Q2vqekYhdDCx']
['removed token due to low initial liquidity :  ', '7DDpBbpZ4RQQoFSsmNcyNah4EvXYa8DASYzx9kXR5Nid']
['removed token due to low token ratio added to the lp pool:  ', 'J1M6zaKNLehi8ruV1hGkHJKpPwzfL5zNk4r48jw21mbL']
['removed token due to low initial liquidity :  ', '4Mo25mV9xbnLdodvRTskDebrLAca8kPThRb5T9unHm9U']
['removed token due to low token ratio added to the lp pool:  ', '2Qt74vuJ9dmBarS8zvhp4vfA9MYg64cNPSdHi44Xs971']
['removed token due to low token ratio added to the lp pool:  ', 'Ex4vChTA3cJDAKJpEA7PXeWQy4zQYhqkRc84f2iC523e']
['removed token due to low token ratio added to the lp pool:  ', 'Fb8h4CnY1ctcsGUHhg8CMtQtJL12x1Coyjx9QcGR57LP']
['removed token due to low token ratio added to the lp pool:  ', '4WfRsHa4tArfKEeFQpU4fhGwKSzxFapHdkybL8Ax6bKH']
['removed token due to low initial liquidity :  ', '8HDGwjqPWBF59vsntyzmYXZgB4LtLmK48Fm2w273TrjW']
['liquidty removed', 'CKo4TwBADeCY1HANHQTGctmCu2mQAoS1SvVwViGAKm3i']
["removed token since it's expiration time has passed ", 'ERD9p2q7tDjuwUyYwcqQcShwQuGhNoZLFxfGw3HETdnB']
['removed token due to low token ratio added to the lp pool:  ', '27tkEVAik8E5uMZ6wTov1zeNM5HT91CszpzK8FCLKDzs']
['removed token due to low token ratio added to the lp pool:  ', '27tkEVAik8E5uMZ6wTov1zeNM5HT91CszpzK8FCLKDzs']
['removed token due to low token ratio added to the lp pool:  ', '3XHvQrCBLB7viMAttFD85L1rfrGWaGdXxsX4Sz8mCUEB']
['removed token due to low token ratio added to the lp pool:  ', '6qHe5ep1YymW3z6M7DbZhBKyZUVe5ke82g8sgPg2F2r9']
['removed token due to low token ratio added to the lp pool:  ', 'H7dcTDxuYZTuLYCWWBu1T1mSP7JPAFFpbc1Jm1oNq7fi']
['removed token due to low token ratio added to the lp pool:  ', '7HfDqN5aMf9JJ8zeG7MbQd4MH3GLpqu9yKN4VtZXRY5U']
['removed token due to low token ratio added to the lp pool:  ', 'HQrxGhuTVZE7QTgAmYUD1CHMKq8XHBBdCvvHvshL1SQt']
['removed token due to low token ratio added to the lp pool:  ', '45tRD2c5aGqF2rzUYCDh13xXvS7C6KDJRc4BTLdhiKXn']
['removed token due to low token ratio added to the lp pool:  ', 'AsRHZeJJP1Bwq28bKfdJgW8Mk1LV8UD4UTzSfSmeyXci']
['liquidty removed', '9cQZF3Jvw3PMVAPcEdP3ws8bruddkvwbC5KtYVxoQJzu']
['removed token due to low token ratio added to the lp pool:  ', '2mXN9Cu2v3BqHWDvtXkFZURhobfhq1J9U7tfPWy37DXe']
['liquidty removed', '7XZDQtSYi3VUoHXk8prL3LjFwukAn3qv4xqTyRj3JfHy']
['liquidty removed', 'DeA4dmYhL9nSKasBz67oKaPaahL74Jh6auwtuDSfjWez']
["removed token since it's expiration time has passed ", 'GCfHqNJMzkQZXSmMKysWjLr8LW9yqnwLYwgBeCVvqg4i']
['liquidty removed', 'UQu4yyyM1i7JFYirfvFfTk3AxZ7hCdtpbH9xpCziLtj']
['removed token due to low token ratio added to the lp pool:  ', 'BzyoqQRPVnuBnvfbCm7F4zQTkkhBL5BuWBH1ts3LXgpV']
["removed token since it's expiration time has passed ", '9rBbc7m7iPHrwLLdAMkwTxth8zePqFbyZbVbo7qsbhjh']
['removed token due to low token ratio added to the lp pool:  ', 'F4v3sSDbCL9NkTSnYYWw9Kj2X9gd2woVK4UQL3MkwqMC']
["removed token since it's expiration time has passed ", 'Es81aNsiktW66feLcrbi56N7k9j48m83YyyFTifFSBJJ']
['removed token due to low token ratio added to the lp pool:  ', '9X5prX7917KS1JEqbSDLih9WziW8GtPWDsppaj7RtU16']
['liquidty removed', 'FuUNeCqkNArmEhkicPwRTEmZgELqMKKmntK3HMCgdVyy']
['removed token due to low token ratio added to the lp pool:  ', '2s2t9y5iJncgZZP3YrwRWJ7JbU27DMAHZQNCqbHUVKwi']
['removed token due to low initial liquidity :  ', 'F9msjP6RZjF8kWF52gvYfSaG7LjTC25oNZ7ydFR64PFn']
['removed token due to low token ratio added to the lp pool:  ', '2rovWXz9ots82p1DyU81ir7qnQa48iMV8X1HFkTFT8rT']
["removed token since it's expiration time has passed ", 'AhbNXgnA6cPAGqwo8ms76TVaHfRBGVe9xqA1tKK5dsVb']
['removed token due to low token ratio added to the lp pool:  ', 'H37DeEHJEWKkGXQHoiXCFU1j1mMDzSwqzDAvbgK1Efc7']
['removed token due to low token ratio added to the lp pool:  ', '3PCjaPTU2YDPVpoNDXiwDzd37scNKyA1ktajwxqrC3Ad']
["removed token since it's expiration time has passed ", 'Bin2GFosDcLJzT6QGJHyMERcq1UYN5kQ2TsJS2DBjMFV']
['removed token due to low token ratio added to the lp pool:  ', 'GfYgHaHpFYprXo4YQLEGk7e6jUQHRUyuEXt5VFzBLk6']
['removed token due to low token ratio added to the lp pool:  ', 'GfYgHaHpFYprXo4YQLEGk7e6jUQHRUyuEXt5VFzBLk6']
['removed token due to low token ratio added to the lp pool:  ', 'BuksgcYowTJaQmY68Z4qVFwkHAdqcEQYuQiGLV63Miku']
['liquidty removed', 'Hmte2n1qxYk9cWW4TeDf3NcVWJjQQerRWveg2gof8QLF']
['removed token due to low token ratio added to the lp pool:  ', 'GXp77i1Ecpv17Ecooc2FR6SJAgCWZocn3vh2KLVNiNS3']
['liquidty removed', '46zpXfTQnt5ybJWkBSFjeMJDPvRuTVSBJqUWnq2jVdWu']
['removed token due to low initial liquidity :  ', 'E3YY1tQjUuMi2Qy5WeprzyVVNSnURXyWgTb9q8dhr4co']
["removed token since it's expiration time has passed ", 'J579HqP5PhadN3a4P8UVLNMqTkvZ2toHrSavg7zAjFLL']
["removed token since it's expiration time has passed ", '5DCiLHkyNCiZUF4NM913HrUxgRN5Q24vZMWyjoTqJfFz']
['removed token due to low token ratio added to the lp pool:  ', 'MtM4MDnBA977PMukcX6SNS5cTWTssyi6ZG9PrV2oXXc']
['removed token due to low token ratio added to the lp pool:  ', 'FWgSPM3f6xnCe3uuwphx19HjEeM1anxzL83RhGcit1ky']
["removed token since it's expiration time has passed ", '2F4WiEr3kPdMK1T8xskbDKj8saCmWwZC666wrAAD6jot']
['liquidty removed', '5mu9ctUdiUgq5Sgh4ajdAcvHJdJ1LVsguYSRHD4iVGfC']
['liquidty removed', '5mu9ctUdiUgq5Sgh4ajdAcvHJdJ1LVsguYSRHD4iVGfC']
['liquidty removed', '8QR8CbvQD8zfWJ3fYPiXrBaquHSUYzBFn7XuUX6eahVu']
["removed token since it's expiration time has passed ", 'BTZB2xvXmSSaDgn1o4S6h8Vo8wHzHt95qyK6fbp4jZmb']
["removed token since it's expiration time has passed ", '775put4N6UmksiMFAgpZ1RgbBn83Huk2NEMiESEjUE2u']
['removed token due to low token ratio added to the lp pool:  ', '5H8meAzcU1YTVFXgqmDpAByK6KKstK4djauimxJS8tC']
['liquidty removed', '5JzmvNnEGHhXDugLZopbmcdKmYz5T87XUbyBbHh27osp']
['liquidty removed', 'A4hp72K2swTYNxPaYLJp2YVREEerpRs6LJgGT2gWFKbw']
['removed token due to low token ratio added to the lp pool:  ', 'BSV2wRm4HkJrGQp9rBRKyUHSDsG7tvJFFH73otL89aMH']
["removed token since it's expiration time has passed ", 'FDUMgCiutLCCpeBFLQWUzj1xxcvXyYjqVu2RbGDCEQsN']
['removed token due to low token ratio added to the lp pool:  ', 'DuSKCbt86vYigfvy7Rn4WDCoUMEdqPyWDrPXjNMNRDpD']
['removed token due to low token ratio added to the lp pool:  ', 'HovPWETKz7x5QCs9szfAJMsR7D3HZZVFXUS5iRUSz9Dr']
['liquidty removed', 'DypLPSqUeRxYqjMx7p6WxJMBYxkUXbd9VYtjXcjDS683']
['liquidty removed', '6P8wWT39rKzT9fc1cQzqEgLdRZa3bY7LQjB6JafkHkjt']
["removed token since it's expiration time has passed ", '5uKrx2BmFg4ebVrPKwqAZE9PoYdgsL7QttKpNxmBwNLm']
['removed token due to low token ratio added to the lp pool:  ', '6QMWdrZLouFt1msmbyfEVi4wiLm1Kt5gKednq3qwDeQK']
['removed token due to low token ratio added to the lp pool:  ', '2chfUy2Fc2VAR9PnwWhGueKDi8A3MmctQh5N812NCWaK']
['liquidty removed', 'C2pr92PsXEegLVKk6zrqAdKajJEq81Jn9i38hyxSwDCj']
['liquidty removed', 'JkGxk9gNF2AAVuApcXxaUEeKDotrUKPirFoQNNp4V3P']
['removed token due to low initial liquidity :  ', '7vPCAngJ8UgtMbwzgraYcE2XPz58fUMwhmPKedKqh1q5']
['removed token due to low initial liquidity :  ', 'Hp6N1B1LsymdZu3qVfZCHfVAJ14LpzEFhGAKHA133gzE']
["removed token since it's expiration time has passed ", 'AbuZv6SdBm8Xnda9rWtxvxBxP8EV5x1vziTnF2W7MXgW']
['removed token due to low token ratio added to the lp pool:  ', 'EikDTyGrQAmJ3i1YgExpRw6LDzt2MWrPkqNKbvyHoQ2p']
['liquidty removed', 'FgjsnUwnzQf7Ed2satk1kac7CiRvYyTMoLBVJG42nXwh']
['liquidty removed', '3fn4PJQdLVuhaozTE6mkwEZpXoD9aFoTSe14N2Cs9JCz']
['removed token due to low initial liquidity :  ', 'epAMNb3vViP4K2cF1zafxJfDC16sKDP2SR7XwsW2RHp']
['removed token due to low initial liquidity :  ', 'epAMNb3vViP4K2cF1zafxJfDC16sKDP2SR7XwsW2RHp']
["removed token since it's expiration time has passed ", '9N4EkUFYcjqw6Zam46JoaJPgTUsFjunjr3JpC17yVaho']
["removed token since it's expiration time has passed ", '8j81hc3YySgfAvh9aJyDswk3By2yk5EXZBLWUsQpWrXg']
["removed token since it's expiration time has passed ", '5AFuWT9aAqquBceEqChpJk5rvjK9Eykaz2Zn8rw9ftkg']
['removed token due to low token ratio added to the lp pool:  ', 'CitmxoNBafaZgfDNcHAVU3NKreAAyLrm3oVXjScH77bw']
['removed token due to low initial liquidity :  ', 'CWZuAtxqZzT3xYpDSdav1CnukgLeWuvMzRjopuGVeFD6']
['removed token due to low token ratio added to the lp pool:  ', 'FQJPSmFzrdyGtmiHJsUCkxTs9RKQhy1LXY8RmseKHCok']
['removed token due to low token ratio added to the lp pool:  ', '7rfaAeirwkqrR7wAyPjQq1QgY79vgS1YrYewBQycgG6A']
['removed token due to low initial liquidity :  ', '3gzTfTWy4uSXYRw9YLPU9f9qt3urmuKM9ZDLHC13GrVh']
['removed token due to low token ratio added to the lp pool:  ', '3364Lpbox7EAszPHmyhe3pk9kYMXqsqcEybaK4GPEijC']
['removed token due to low initial liquidity :  ', '5dCENrT7BhjSCCvUFtLXUQDstpwiqMoJLS8xFHnvApu8']
['removed token due to low token ratio added to the lp pool:  ', '7iQNwpWKM1RQPnUPR7Hx9FnYzbgPAFie9m8fXmygehFo']
['removed token due to low token ratio added to the lp pool:  ', 'hMmQYJWUNWQs1UW31s8EDQ9ChfU5PeLr7ryCqdF34Zw']
['liquidty removed', '4BgHSKxmp9JcQ55LQyMWpzDYnbdbd8JNqA9sfGDVi5md']
['Unable to send: ', '2Lq7JRqqrVGxto5vfS43Dsxcs2XLfStBDNW7nEExMG9G']
['liquidty removed', '4BgHSKxmp9JcQ55LQyMWpzDYnbdbd8JNqA9sfGDVi5md']
['token sniped by dev: ', '2Lq7JRqqrVGxto5vfS43Dsxcs2XLfStBDNW7nEExMG9G']
['token sniped by dev: ', '2Lq7JRqqrVGxto5vfS43Dsxcs2XLfStBDNW7nEExMG9G']
['liquidty removed', '53Rc9kpYCVbRXn2WjtQctto21h3THkHDL8Su3ksnChJa']
['removed token due to low token ratio added to the lp pool:  ', 'pwKvmLJLQVb6JnNu4R48eg1MPWgNvxsse37Mb4A2Mar']
['removed token due to low token ratio added to the lp pool:  ', 'BhCsWCPbPiPDjKoALMD4fvNwYA55atHykrbfvw4wmKSU']
['removed token due to low token ratio added to the lp pool:  ', '3GPAVji4dW4driNiNtv5wg2YPJk28KDjYdU8t4WMpdJ7']
['removed token due to low token ratio added to the lp pool:  ', 'DkkhoKRw3Vu8wo4n2aMzKt3KUDHYsMGTz5FYNyKR7qEp']
['removed token due to low token ratio added to the lp pool:  ', 'dxrjqfzjxYsCR7bvaNVMSvt9pzByoC1W6VUHndjokNW']
["removed token since it's expiration time has passed ", 'FDcAdsSdpTeY85QtTRiHFRM3iWPqm6xdqaMKxhGepeLF']
['removed token due to low initial liquidity :  ', '9sRfjQJurTLjaTervDu8i2KPiD3jooBFxMUZbFhTdns2']
['removed token due to low initial liquidity :  ', '9sRfjQJurTLjaTervDu8i2KPiD3jooBFxMUZbFhTdns2']
['removed token due to low token ratio added to the lp pool:  ', '4o8Z6WFKsbe5hskprz83KgdC6BDJuPxSFtFA4nTUoHvz']
['Command failed 2 ', '5BwP6fQ6cGUgfDEWAp1CfUgnrXFk44Wb3ukWGY1LMwXz']
['removed token due to low initial liquidity :  ', 'BGLhVehuub2h2uFghQN7tKFaTofMYXgjMUiLfUxeVdcr']
["removed token since it's expiration time has passed ", '7eHtaSbxfPe35QShn2h6HptL4BQvtoC8RQTEkYdKqGSF']
['liquidty removed', '2Wv4RzCgUw9PffZhWuLCBn5qSTVetgWjd83ZXbkTtkn5']
['liquidty removed', '5WPzppLB9VtJ8D7rmbwh8S3q9MSAMq8cRDrRDXBQdZ2d']
["removed token since it's expiration time has passed ", '8egCoUckFR78EgXphZdoJhowuSMz9g1y8yu7eKQrHGHm']
['removed token due to low token ratio added to the lp pool:  ', 'CordWgQdMGrhpaefpYYQun8gRJb6FxwAGZByZKiNdFjw']
['Command failed 2 ', 'oE6cz1TdniRw79tfAv2JAGQybhB2pzEapacGFa7ou1C']
['removed token due to low initial liquidity :  ', '2r7nxyhYzfC3YxEpm2mDdCkdnkPuBFPujXro49jBnqRV']
['removed token due to low initial liquidity :  ', 'E1wJEPmWh9XWoYxEHiYRrsuC4VTX2jvqb87Kzk2UsBY2']
['removed token due to low initial liquidity :  ', '2uuUu3E2KTp9veqStgJE9kePsEEvp32NJN9L8Myfej9L']
['Command failed 2 ', 'Bg2pckwYyXcnWCrrRDy5RG66YoBpyyyPcNLcDPp86HRY']
['removed token due to low initial liquidity :  ', '4nX99nSKBhhxA42NKMQEm3M7f6mTPwsuAqVRUF6WmKcL']
['removed token due to low initial liquidity :  ', 'BHv39xwaRP8RgnMmoQfXPZ91z8mUBK82utCfLtgikyLr']
['removed token due to low initial liquidity :  ', 'DMHmoa5Kb6B2F5ZJcWrA4QaeE6zaSJp8eezKdCbaXLhW']
['Command failed 2 ', 'GmGoQ1tz3jbYZjhSu7w2Wp1rQdE1hAhu2QMEaDZHrf9t']
['removed token due to low initial liquidity :  ', 'Da1n9vjDvAy3Guu3uZ3CksHpWnvaAF6c6UbK7uyQw44p']
['removed token due to low token ratio added to the lp pool:  ', '3f7wfg9yHLtGKvy75MmqsVT1ueTFoqyySQbusrX1YAQ4']
['Command failed 2 ', '3hy1Zefe4LHm94BWCztbjSuf4uvgVM25KyJ2DHaDMmCN']
['removed token due to low token ratio added to the lp pool:  ', 'TokrmMT5KsXBiHD5ZVc8vNUwPekJ53KNKRgj8kuef2r']
['removed token due to low initial liquidity :  ', 'EVKPuYUjtuQUA5AFfvJRnZQU4mjzKofpKYcYvLZQieV7']
['removed token due to low initial liquidity :  ', 'HJk6M3c9BybixqS7LBCwsZ61cuLUVCzuMbAoEptge2bS']
['liquidty removed', 'AZH791kjyztZWFLgrszFtWMR8gsKcVcGhWC1TgVB8FTn']
['liquidty removed', 'eVaKx8JaaZW3Cu4KAmtSTjBQswvCoM6nnrmFHNBrQws']
['liquidty removed', 'DGxsYB81LkX1A5wFU8ME31yRSBb8xgpBcaiA7chPupr4']
['liquidty removed', '4qkhD2ops4yYRzEqjXEVeVTeikp49SN77y25aVrLFogo']
['liquidty removed', '6ghxJcGofTK7s6N7sTWuVZQmvw5F47aQMYmCYdL4anXq']
['liquidty removed', '6ghxJcGofTK7s6N7sTWuVZQmvw5F47aQMYmCYdL4anXq']
['liquidty removed', 'AVUmapwhdnTggd9dCUL46N8R5H5bVnr5gLhPeofsZK3C']
['liquidty removed', 'AVUmapwhdnTggd9dCUL46N8R5H5bVnr5gLhPeofsZK3C']
['removed token due to low initial liquidity :  ', '2yWjamqsKimpTBzWoLyhV2EeceVkShXSTbYkLhadrYt4']
['removed token due to low initial liquidity :  ', '2yWjamqsKimpTBzWoLyhV2EeceVkShXSTbYkLhadrYt4']
['removed token due to low token ratio added to the lp pool:  ', '7ALpj9rJdTnznD3hszALLsrWhtKXxVQpKdEXGgiA1eqm']
['removed token due to low token ratio added to the lp pool:  ', 'ApFaeUREEWPsy8BGpDrJ2S6tWmeUn8kdNTsAuX4d8Pyg']
['removed token due to low token ratio added to the lp pool:  ', '68rGL1ctNQpws3bNZikcfraetBWfaL2LwBfczGjPCDtr']
['removed token due to very low amount of  tokens sent to lp pool ', 'GcjECgrpk8DFVtrJhtPeDbXgWtcjU61NgnA24eyAW6VA']
['removed token due to low initial liquidity :  ', '4npCV5WSrnf4HJ65XLHnQpvRVTNeGdh8D1154muvUXVw']
['removed token due to low token ratio added to the lp pool:  ', 'HNZwEdnwu3FBHsU6xPD4wDTopHTogwnPnE51pJC4MQL2']
['removed token due to low initial liquidity :  ', '8vskGQJh7mN1haTWHp5mLhcii2Ab4jGauJMLFruRhUUu']
['removed token due to low token ratio added to the lp pool:  ', 'CRvWvwxosFCuusnNBYLTVvoJtzVbZ9zqqzE4HgPa4ZgK']
['removed token due to low token ratio added to the lp pool:  ', '8jw5PnbCMfJYmgnw2bK2TsznFs2GNrr6YqN9fQzdi1PR']
['removed token due to low token ratio added to the lp pool:  ', 'ALPHARsgWg8N3pDxHgYXvCuqq1B7f1BKAWuawYpqEjaZ']
['removed token due to low initial liquidity :  ', 'HtcvrwG5FaGFABm7Vvwo48iZ6JADaTncLRTcwkUowZ1a']
['removed token due to low initial liquidity :  ', 'H7fsfBoVv542d92BighCbkTY7sXgYqUJWJMLTh79he4S']
['removed token due to very low amount of  tokens sent to lp pool ', 'F9sE94niuHSfpVk6s4SsKz6sL1RXioJaum8xY3VsP7hq']
['removed token due to low token ratio added to the lp pool:  ', 'EeTRZLxRJGREjkfixY8cBVNDkEuGFiiLTQya4cNssY1z']
['Command failed 2 ', 'AhWaJumwXjCwnHZPStBdnHNRUuBZrP5M1bXrscRpDCe']
['removed token due to low token ratio added to the lp pool:  ', 'AAwCDKaD4pZqbn1yaSf5f6MaStgV65TjFwtdLLms8RoT']
['liquidty removed', 'DVXp3PF27Qk8oY878ceesLAbdzSwwtB3JoJTi8ptLNpk']
['removed token due to low token ratio added to the lp pool:  ', 'HHdJZhzeqAMQ3nsXPGfLPt6tGbQcrnnd1q5Dh9UYB9uU']
['removed token due to low token ratio added to the lp pool:  ', '2MHkVvn38zApuF7BComKcZ6KXgZqYPzu5mu3suAuQrYS']
['removed token due to low initial liquidity :  ', 'AhPNy6Y3kXN5yRbjuPNNGj2X8DfZ92borXecVijpARm1']
['removed token due to low token ratio added to the lp pool:  ', 'EqR6PCvjfNZUvjuX17jQHu6jzXnfc1ddS89FdUSkahST']
['removed token due to low token ratio added to the lp pool:  ', '7nvDcFh2QNEYb9osaUFY3BfpCd3Qrkvv18j81rwHhM7j']
['removed token due to low token ratio added to the lp pool:  ', '9nzSKw5QkXtDqG9w3Vbphbw1RWyJmp7MuQBNJmYca7jq']
['removed token due to low token ratio added to the lp pool:  ', '9qeAxd1DYEqe3xDZ2C1uBjLabE6c2wo79fboWbKfHZww']
['liquidty removed', 'AYycwanLkXoNNdrqRaXsmJ4mgkX8WJFbVhhaBQ1pfzY8']
['removed token due to low initial liquidity :  ', 'HwfXEn1KskhqcMuXa57jcNP9F53vbqmv6qgGmXAst1hD']
['removed token due to low token ratio added to the lp pool:  ', '6qTeKcSD2MCagzpzNVQ4vnDxed7G6nHG6F6q3MM6Lvsj']
['liquidty removed', 'bRDYppu7EXWMry8wDpasCyXk7nznr6a1SUyNAsMXvac']
['removed token due to low token ratio added to the lp pool:  ', 'uCzwg8ftrLtdSuYQjNbk8fqQ5AaZYwWokNiFZyxx3Dh']
['liquidty removed', 'H1ByMEGcxjCnVxT2oJnBmUd4T6fMZWW5uZ2Yy2pEkvxf']
['removed token due to low initial liquidity :  ', 'Cj1atkaQPAsHPKTULJv31n1FA52cT3qfZhoLifyN9ybk']
['removed token due to low token ratio added to the lp pool:  ', 'Ddyr4VWyvm5SUSJG3mFnFzJncCnNiVUGR1NrQJyH4Lng']
['removed token due to low token ratio added to the lp pool:  ', 'HT9dfCnHUeKjfvU4UWTf4rcwLjGcBfYUn65FmMMVBBri']
['removed token due to low initial liquidity :  ', 'CigiwYKCn4c46G2RWp3C1AvQQGajvPBNoxs1Mf2iVipd']
['liquidty removed', 'GoKpoD9WNqyntNnytnCm6XnakX1XC3TgXKFJjuZiikRC']
['removed token due to low initial liquidity :  ', 'doj3TrDsbz1Cf5WVZYHqyPVwzdmKvJK8XxjzzhmNp2c']
["removed token since it's expiration time has passed ", 'CtMSCfRLDRe5haaFLAjbxerLKkgr2N3GSPMqsxeUHf1i']
["removed token since it's expiration time has passed ", '8kn8jS422j43xnS1TLjEyDGL6wqQEL2Q5nhgjDsH7ZeS']
["removed token since it's expiration time has passed ", 'FPg67Nv67SdUkqZNW4fqoPi1RX4vPsjC2cM3E9idWyfv']
["removed token since it's expiration time has passed ", '9nKPyTWeLJNeLVwwDyx4jVqe7fYKtd3m5bSZZo7KkLbT']
["removed token since it's expiration time has passed ", '7XY5W9ecaANg5znsSfk8dCW6aVVpkXoFbnigvdNWQbaE']
["removed token since it's expiration time has passed ", 'BQnwsAy8b9MtKt5PzE39r5rFaMtvgXQvi1fjnio86LZp']
['liquidty removed', '2njDGknhRHb1KeHp6muxC5e7CDfKfTQd3pmGbp7EUMzF']
["removed token since it's expiration time has passed ", 'EM8QDmM25yb7nFsNCV9Yy66hQT9A4wvT2t7ykDT5tPoQ']
['removed token due to low token ratio added to the lp pool:  ', 'j7wYr8U2q7iTepPYaBJbN1MspNhqrN8aVWP8EzKUnUC']
['removed token due to low token ratio added to the lp pool:  ', 'j7wYr8U2q7iTepPYaBJbN1MspNhqrN8aVWP8EzKUnUC']
['liquidty removed', '3QwQR8HBgHD4XLs3mFhA94NZNgQsGcpHWcsSrcKH6cVb']
['removed token due to low token ratio added to the lp pool:  ', '9u1AAY21qTLyNBGzpTRRod2RCh94B9aqMGbZvHH6gDHG']
["removed token since it's expiration time has passed ", 'B89mHWtCnJxPViPmEKmmUqa4brAn4zB8x7HoE76gKoUx']
['removed token due to low token ratio added to the lp pool:  ', '3W8CKVJyvrNpFUrH8dDa9rkzetopnsvpS28txwDSFVuT']
["removed token since it's expiration time has passed ", 'Da2k6KpSHqQTHAN1rsbCC5tuRazzghRRd3TCauqacqw9']
['removed token due to low token ratio added to the lp pool:  ', 'R6MbhF5WH6P9aU84juwjSFZvxZBHcToUqguXxf9K3vY']
['removed token due to low token ratio added to the lp pool:  ', 'HmK7avzNSGTRb3RvvpFjd7MAe3WoGMrSmUkspykZQErb']
['removed token due to low token ratio added to the lp pool:  ', 'AyVbEwuQitNfuLtaqjLBjfDo6tpMazFdZcBsVwaJLoDE']
['liquidty removed', 'CMvhbPtiu2EJCUk9YNFuAfJ4V1GwLVRC9R8TaJXSrC4o']
['removed token due to low token ratio added to the lp pool:  ', 'cwyavfvvLZhGMzhX1QNYq5Ps8mQDhfuVJTTuVpUZev5']
['liquidty removed', 'JACUn7UCM9XAgQ2WUfHQ5yFziQZsYuXtFX91ANndcnw8']
['removed token due to low token ratio added to the lp pool:  ', 'aRYZkzPwqaqKFBcf85atUPSh6wj9tbvgow9hyKSg9Ae']
['removed token due to low token ratio added to the lp pool:  ', 'Bw5Gby7ExBiwaaNoTTd3fLmMjghaEe9VT64f18UNDiGE']
['removed token due to low token ratio added to the lp pool:  ', '8Jcx4QvD9atyHx6b8G47TDtRbr5x21dXH862jnsZ2BmT']
["removed token since it's expiration time has passed ", '8NkByfGSqurunr7XupjHesNSFonM3fPQs1v6Gaq9CuDo']
['error fetching burn tx...most likely removed liquidty ', 'GHSRMKfwecukwogjVjJqCmY7T2crq4dw4myh4LTc7m3U']
['removed token due to low token ratio added to the lp pool:  ', 'hqhSra7CFYU6Q1g92kckNesDBc8cLf6SrmEXhhaRBUr']
['liquidty removed', '8Uu3SRD5wgjr4ArJtz319E6GypazWAQNEi1stHYe25vc']
['liquidty removed', '5uovedUTxz2irwZcrTEvghEDnzDN7kehGuQACnR8AE7V']
["removed token since it's expiration time has passed ", 'GSAo3pCeTgGqhDUhcfJBk1Aysu9pUzhLVAzhKf9yEPYM']
['removed token due to low token ratio added to the lp pool:  ', '8cnfcxPmU1nRYfCsQztEPPSefFPwLQupUTjivTDkroga']
["removed token since it's expiration time has passed ", 'FkE3EPmfaF4RB62ReXGoLthQ7Qrf9c67z1ia52cbcsZN']
['removed token due to low token ratio added to the lp pool:  ', 'FYGUj4WzZaAsxs6kufQhbypePwJhLz3JcTDqebMevkJk']
['removed token due to low token ratio added to the lp pool:  ', '5kNbow5cBMkjyGGbFKq1f4aE2EXqZK8BuwnZNC6nxeoX']
["removed token since it's expiration time has passed ", 'HTqBqVPvh41hz1quLnWbiJcFmezoEiUAWzdozhcCULxg']
["removed token since it's expiration time has passed ", 'Czt1WsnXT35MLMxaN73cfo9JkqT1a1copGvxnEj9bGF1']
["removed token since it's expiration time has passed ", 'HvEaSELcbiH6iyj8ZY2ZfrNVx8m9zkFNnykone92BigH']
['removed token due to low token ratio added to the lp pool:  ', '7e4zw41xaVfdqcPfdYeVvrB4K7Q8hZPE1NqqU9Gzwt9q']
["removed token since it's expiration time has passed ", '4Byqzp5pU7DNe1RhFjjmJp5YU1Gj56W8rpdpRTGyBHZc']
['removed token due to low token ratio added to the lp pool:  ', 'Cky6wM2JSsUGU8WzKcCkc6uvKk22o4qnU6ZVA1ZKujX8']
['removed token due to low token ratio added to the lp pool:  ', '3e5wE75RqQDG9GaZDNDVKR9RNwbnhuBGiE8xTHsFfdaD']
['removed token due to low token ratio added to the lp pool:  ', 'HriFTwjSnZMcB2oDwgQRU1yK4nijbeQ5fjNd9YMaPeNw']
['removed token due to very low amount of  tokens sent to lp pool ', 'HY5GYefRLnE16yPhfHWTK6UcYFgKaaYCihhAAK9pf1XD']
["removed token since it's expiration time has passed ", 'Btebo5691ZBJ3bFi6eyeQBtyAH7V4JvMhrEJvmLH4ywh']
['removed token due to low initial liquidity :  ', 'Egozi5stdnLx9CXWwK1eLvHDLKmUWQCun4yo8G9bzhhT']
['removed token due to low initial liquidity :  ', 'CmdGnVTHRoUhWx354AQ86z1T17Vcm736wyGiowNRgNpk']
['removed token due to low token ratio added to the lp pool:  ', 'H3Ew87cLdgspyJuecxWN3hJKXKpHA3KKBAuXZVLAQHMe']
["removed token since it's expiration time has passed ", '7XuMtLihMUSr3235KnURVa7fgxCLndrJXAuNq5FVfnNU']
['removed token due to low token ratio added to the lp pool:  ', 'B3KBkPZuoV4tW15dBK5SMNuAzPwRicHYhF1iJyabAvko']
["removed token since it's expiration time has passed ", 'C7Xqk9nGbKCxRZNfJgz2cRdUjVCcRZ3JibntnmNrg94v']
['removed token due to low token ratio added to the lp pool:  ', 'q1Mod9va8GW62nRZ1RtZoydWPP44e2CTdgfHW6dXHjJ']
['liquidty removed', '7ZcAW2ZAHTabeqi6undQaPJjehipEkpYB2qdPU5t6Whi']
['removed token due to low token ratio added to the lp pool:  ', 'AxvjTkbKqmakb4pqUSAi8dfrzksggXW7i36dsLiDhyz5']
['removed token due to low token ratio added to the lp pool:  ', 'sKhvondPFVRVKDMuMXPjGCjhVjSSsxRpenS88tFPUd9']
['removed token due to low initial liquidity :  ', '3VES2oHsYQHkJh9PmMocmMNNshxhbWv71RHn5x5KqXcU']
["removed token since it's expiration time has passed ", '7b3vzc2pRDKTh3irBfBZTAypSLCRKRH9BNEzf9yoKxmn']
['liquidty removed', '2HyD3dHAefc2Sy9Yn21jy6CfRr3Mone1bRbER4idY2YZ']
["removed token since it's expiration time has passed ", '4oTmCRuMKHmZhVB3NvUsobBVXw2JVAT9zFLy9GUqGmmA']
['removed token due to low token ratio added to the lp pool:  ', '6FxBqt32sFWq9Q8aMUMyHyEhiCwgrXRpTigMeoPbkpHS']
['removed token due to low token ratio added to the lp pool:  ', 'h6MnQSsHBNuic4HWaEAZa1vzrDqEUz4GQzWCpHF1LrQ']
['removed token due to low initial liquidity :  ', '8KTnzStkFAmJQoZ3zTqzSHEQxh161VRJniSfd1iP41Zd']
['removed token due to low token ratio added to the lp pool:  ', '38Az9tUj4k96SYCVkvE1yTJbDS5rGH8w8eJ4rWTaLfuC']
['error retrying....', '4a1JQ2cpaMJnwZ76bGgtUxHbdrZUsc5qfWNLDs6Zz5Mw']
['error fetching lp token holder data ', '4a1JQ2cpaMJnwZ76bGgtUxHbdrZUsc5qfWNLDs6Zz5Mw']
['error retrying....', 'BEo8R95hbFUxE8588p1MZV7GKvKXg5kJYaHgCAmiyvnX']
['error fetching lp token holder data ', 'BEo8R95hbFUxE8588p1MZV7GKvKXg5kJYaHgCAmiyvnX']
["removed token since it's expiration time has passed ", 'ArnUQSDnpTpAAfNHg3o2hZX3HiNa5RTEcMrgKGyeQ66P']
['removed token due to low token ratio added to the lp pool:  ', '26RG6FDv9V6MfTGVs4u8yE9QB9s5DXF1rsbEmEA1qGwd']
['removed token due to low token ratio added to the lp pool:  ', 'c8AYJQctBBzZnvGvxTdARbSJvNQYjw8yREJxkhKUubM']
['removed token due to low token ratio added to the lp pool:  ', 'CXfnCcUVXVd1iLSCvwoGrx8HDjmhwLw1jhWxQW7KrbcH']
["removed token since it's expiration time has passed ", 'DMtSLaYiSqPYxxNz4LysX7KXk4phwscCko9bMTfvmwV2']
["removed token since it's expiration time has passed ", 'E1FrumRcJ2xNMS9zFXNaxMAZB5zjPC7equp1mRUyePpb']
['removed token due to low token ratio added to the lp pool:  ', 'GS6uwPDELg6poiajrF8ag9GQAUeP68pJuMVbeB1VnpHE']
['removed token due to low initial liquidity :  ', '69VHR8MAWchY8pfVPyvSkDr3zTah92BVq2ouiQN9xCej']
["removed token since it's expiration time has passed ", 'Gueuok7ydGefJYaGABfeDSPuu3T6Qtn386amS5ddkp6F']
["removed token since it's expiration time has passed ", 'CsGb5SmTdydhe5XnL6armA72bmsryjAbeLn6a249JnJc']
['removed token due to low token ratio added to the lp pool:  ', 'HCmsfG1g3GKPS2j42CqdqSqDbR8gpj2ecgYqvbANzhaN']
['removed token due to low token ratio added to the lp pool:  ', '32R53RGpYxtBFTadKhE6dGaSxjD7zLMad2Uh7q66Mx7P']
["removed token since it's expiration time has passed ", '3KZJ2dCtHUa2fkmaXow9u8jCtrkSzzSXPpuNyPJKCUxs']
["removed token since it's expiration time has passed ", '7FHXukT1G9cZ61Ct3BAZ4aoisxuBzp9zjzLGVmVCrxi5']
["removed token since it's expiration time has passed ", '5RYHSkw1rER4vXybrHnXtxHHi7dKnjFac7YCdUS3fb9d']
['removed token due to low token ratio added to the lp pool:  ', '8FsMsNPqXpK1Z53dSpvkQKMht5fbA8D4cRuTfTxuyNed']
['liquidty removed', 'GbmXPzEGsyLyeseB315umt9B8zS6m4aAXPF7PVkyjEVy']
["removed token since it's expiration time has passed ", 'FZEG43uKn5cW1MaYokFGTpq1bAxtYEbNMEtyLkx1Gnrd']
['removed token due to low token ratio added to the lp pool:  ', 'AZjt6V1YbXHY62UsnSWXHSbJPGtAGEnka141A14R18tW']
["removed token since it's expiration time has passed ", 'C9oYvJUoyrEUadVGAHMkGEKxgx9wcf8fGAkjx5RFvciN']
['removed token due to low token ratio added to the lp pool:  ', 'EMqjj2tkQTzqh6iGvh4eapAT58HmwMt8gCMcV4p2k23N']
["removed token since it's expiration time has passed ", '2CGsdBUMNpUi6CA7Ck6Rj8EVfwkL4PsUQJYLz1Vn1CM3']
['liquidty removed', 'CWQXhYhY11PCMQHy13w9yoN8z2T3jbVCBd3FB3RvGAok']
['removed token due to low token ratio added to the lp pool:  ', '2zHFybcKYxTV6LXfDs88hShMiZ1V57GoWjb44xmo3kde']
['liquidty removed', '9EixMyGGGa6uxW8BtJpDJ1KHUrGg9rA6yJsD3mkPugoW']
['removed token due to low token ratio added to the lp pool:  ', 'DgDs7B4M6gWtK8hNFp2P69PFStvPQUgKsuYcjwPYN17X']
["removed token since it's expiration time has passed ", '2ZdsNgEHgJeyzr9o8aZJHmWbkmHoTEecJYAAtDkPCXbX']
["removed token since it's expiration time has passed ", 'AgMiDTSwKn2Ep1Fy1bmQ1CGrDes6i3eVxW1Q3oozFCE']
['removed token due to low initial liquidity :  ', 'HKXMLw5zNTzsJ5nGLRVeciii5iWBTkgGCrxeReUm7yLu']
['removed token due to low token ratio added to the lp pool:  ', '6RCRot3q6i1BSkCQbf4fxCxH2M7WfiKPsD5kvDmaNgK4']
['removed token due to low initial liquidity :  ', 'AjhNca6DJhwB3kb3yheSan477C1u2UN3MdNWaRCdrBfU']
["removed token since it's expiration time has passed ", 'Cr3fRc7Tnc9DiVP4D1ZvQCsL35yyidpHrBeMmhCJ2ay1']
['removed token due to low token ratio added to the lp pool:  ', 'B1JXAEvC2SqQ4qL46NZEDk49FageS9kReJQEvXMMfkj2']
["removed token since it's expiration time has passed ", '11fTpv46V2FW4Bu2DwB73sLWjqSLJDSUmKrSgFqBhVL']
['removed token due to low token ratio added to the lp pool:  ', 'HrbrfFudyQu7vsE2U76HwvRVHXNswxg8HtQY2nxAZQmU']
['removed token due to low token ratio added to the lp pool:  ', 'BsZ6Xp6oB4AfCaLdiwP7cwtnYYrFTBqcVWhkwMs8Y6Ew']
['removed token due to low token ratio added to the lp pool:  ', 'HnrQBagp4wvpmPTkxfZbeTbGY5cApMHKsVyjW1W1gzMv']
["removed token since it's expiration time has passed ", 'CF6txqvAuXuNrLwvDMWHsYg31FzkLMPaaAwLqu72FYqc']
['liquidty removed', 'F2DSuKmmnBM8j1zJAECRy2oWrQCMHF8xwwBgtoEPvYzg']
['removed token due to low token ratio added to the lp pool:  ', 'DMTn6YiRD3bC8sAR3JukNx1144MntFsyvvt6Kgx5d3Py']
['liquidty removed', 'ESUTqjS6yHhe5n7YcFzaq7hBf36e6JVpBMv8ZfBRyD5h']
["removed token since it's expiration time has passed ", '8mu4cHsxSqPWyRov8i9SPCL7DXj8ykgE1bx43syw6crW']
["removed token since it's expiration time has passed ", '27qvcM9Z8CVVFvk3E4yT7mAMYHooc2deFBzYcyHgZe5s']
['removed token due to low initial liquidity :  ', 'HzvJLgTfoe1BM21afiq8XEvHZ2YWTgdHh8nLnjxTiyBN']
['liquidty removed', '4Rjx6CGug5qWvZZfhu5nkJXBmtPciokWGE3KPErjA58P']
["removed token since it's expiration time has passed ", '9QEbJXAseKtvyXtZS6mnoSPUrhFsTYcPh333JHuULRoZ']
['removed token due to low token ratio added to the lp pool:  ', 'DRH6qthAjY8ZtCycQro8QMypTG7UUcTQrPQHNB4QvLiL']
['removed token due to low token ratio added to the lp pool:  ', '9HnAf3462At143EBJ17pymhFJVynbxaj9UTph8w3cmjA']
["removed token since it's expiration time has passed ", '3PpubgyqZnScgujivCUa3qXvA5VMWspxFN4MmvsTmQoH']
["removed token since it's expiration time has passed ", '8bQd5YDgscHF9QaeuKEzWyjQdPrziYtq6hvQAaahxeo3']
['removed token due to low token ratio added to the lp pool:  ', 'QG4NJp2kvKWfGwbHQLSgapdotHgMKCrVQKbBD8zy9c4']
['removed token due to low token ratio added to the lp pool:  ', '6ycXG61XTpc1Qi8g3oqYFSY7oYEf4rtqmaaZgNwjNXmK']
["removed token since it's expiration time has passed ", 'DKUBfAeQzPrQ25RPs6h9Jp2BGF3oybwuNCnjLXvFjEkj']
['removed token due to low initial liquidity :  ', 'GotH2rQGbnb5kJ2bmQLj592yDRkvBBXRG1JXDvZYhXS']
['liquidty removed', 'GnDJTrfLpkbQVh6qNc4Xt8DpHEs8XWJnUk6GJd5sWzsW']
["removed token since it's expiration time has passed ", '68mwo19ctYW3zNbhUX6nZwrCvxJN6yziRFymuCUeGVVY']
['removed token due to low initial liquidity :  ', '5pasDppzTEDJhzDZrpVmTziTEHAosRQuaHHUNu48eTMd']
['removed token due to low initial liquidity :  ', 'GMCy2Fui8G24FL379xZGsqKJse4ftzSrmJendmEANTLU']
['error fetching burn tx...most likely removed liquidty ', 'J8E3M382AC8mHFD9grYuJ4xdYZr9TYmgma6xHpYoX3vG']
["removed token since it's expiration time has passed ", '9jvxBbY1oqyXKHYU2nNa1QoMhLNRjWrNwRGUwKtzompo']
['removed token due to low initial liquidity :  ', '9UJUR26Do4RaN86JhHMadMV4oEYGgJAPvDBGXR6Lj4nH']
["removed token since it's expiration time has passed ", '3S3M2jYW9LhAbmpVZHqC3nDaUFsQyfbUAPUKvPwSMZPU']
['removed token due to low token ratio added to the lp pool:  ', '9bRfEPMsP1mnJWNTkNokAcUkve16n19oyQ9PFSVeLRQp']
["removed token since it's expiration time has passed ", '6dPcJ8tFBvoDrQCVULenqHucBjuchaZzW2dL2visxLaK']
["removed token since it's expiration time has passed ", 'E72YeShq1nbEuPHarZqJpEHvJCBw8NS6BgxWZQ4e6Yad']
["removed token since it's expiration time has passed ", 'E2WTZ3c8qKf7qyuuxxVd9jjC3uhh9SNDbi2AWGxQTae1']
["removed token since it's expiration time has passed ", 'C2L8teXMfPETa4pcze65ap1t5rfxDi3oTvPVmimx2GJK']
["removed token since it's expiration time has passed ", '8xP3fSQfK8uehuEEMjKpeQGLbmnXSBvLwBkGrJQdew2a']
["removed token since it's expiration time has passed ", '5B3eYWExp2UBZh9EAYScnvA4FYpEyHmGhRGboCEzd1jW']
['removed token due to low token ratio added to the lp pool:  ', '5c9QasxkBxTy7w4u37ENQKfReW7NHeMVMxDjKt1rhzYV']
['removed token due to low token ratio added to the lp pool:  ', 'BZpwFcQM9DNUnLKrNGUvTTS3KZLvmhoydNRFgjmXUR3s']
['removed token due to low initial liquidity :  ', '3tBk4zMAXbmHKr4SMtj2AF6eSFBGaBk5TsaBZYwz6fiY']
['removed token due to low initial liquidity :  ', 'CkvD6cttfykTp3onk8ZygpHQqhEsuh4hr4YB7erUG2Dh']
['removed token due to low token ratio added to the lp pool:  ', '4ugHewqNBNWymUkwEgmVhGxvbMYL8dKryQtVnJgomd5v']
['removed token due to low token ratio added to the lp pool:  ', 'DtYAfygB3LiTfzV3ScLiAEFeifAumKLK9zY94RoFCM14']
['removed token due to low token ratio added to the lp pool:  ', '5dRxJ3zuMLhh3Fsm5inLPr6DfuXatPAq8z6cq8iiyvu5']
['liquidty removed', '5s3o6B3jab3i2HgDVkjwfvk21YSAyxSWdj6a6gSYh22A']
['removed token due to low token ratio added to the lp pool:  ', 'GzksXQ973bwHQD5gGV7ywRYBUZwoS2jzHtwRQtur5zx8']
['removed token due to low token ratio added to the lp pool:  ', '89fMnvF4hmEyFvBGhTtyMxrtVA1H7fxYeLzKDCMD4Cds']
['removed token due to low token ratio added to the lp pool:  ', 'ASvhgELrR9yFX2Sffe2i9egU3yXhPTkA5oduZJsZBCCN']
['removed token due to low token ratio added to the lp pool:  ', 'BZ8vKASJufhWW5y2c8no4PeurS2tNdDvDnwvnNcLnMb6']
['removed token due to low token ratio added to the lp pool:  ', '7L4qJRxLrgWU72TScApSgX26eybHAazQ6DMM6uzgofQt']
["removed token since it's expiration time has passed ", 'Coab922JE82Ugkvh69Yc3UqKoMkhNncGxr1ANcUjSr9H']
['removed token due to low initial liquidity :  ', 'GMHG14baQCDRUFHNFzJdQrePbarukmQoxp3tuYXCicBX']
["removed token since it's expiration time has passed ", 'ATRhnKvVCYt6KeXnZxuWoHv829m9bxuK3oXMNLALD7QY']
['removed token due to low initial liquidity :  ', 'Fh1TT7nTM39T99WhkVgPwuMgD5bfKByRkMj6N9yyBnvh']
['removed token due to low initial liquidity :  ', '3bXU1UpDytkwzb78FGSgKKVMDbowAS66azVw5GpzUDbn']
['removed token due to low token ratio added to the lp pool:  ', '7AtxJkgvtwzXwQ6NUD4abqrvmtwo2yzCWADUV4nEm3S8']
['removed token due to low token ratio added to the lp pool:  ', 'Aw6md3PtsBGnqvBfPJNpN2W5B8u6Qk3KykQNoRbu6k1x']
['removed token due to low initial liquidity :  ', 'F72z1BUgugRBQBhzPyGqj9CVzpLSgsdQRzeiT3ZivAMa']
['liquidty removed', '5qC47UUDjg44Km1nB2z19UpabEj5B4vpGeKJSevtNrNr']
['liquidty removed', '7hVaYFQ3gD7aXEYR2uZ23azFKxw5K6vE69sXVMVnuHX3']
['removed token due to low token ratio added to the lp pool:  ', 'EZfNbcK1bt3pfw8ELapDprvdDwLtpoSMZ9VUk2HJLhwQ']
['liquidty removed', 'FDekNXsKS34DGitFf8UV8Uo3Fc7exasXS75NUjhcib4X']
['removed token due to low token ratio added to the lp pool:  ', 'EXEhzQjd6PKaSCHN32jJT274XCQqJYVrNbEq2Hh2VabX']
['removed token due to low token ratio added to the lp pool:  ', '2FzedpJ69dD7sepbuqL2nfWJJziwH7qdFxThpKgmrwHS']
['liquidty removed', 'ehnegxXTwYm5deksk5DsAcDk84RdPmZr3KhULK8ReCR']
['removed token due to low token ratio added to the lp pool:  ', 'aW56LmEsAXvxMZ331eEWgejDCPNxJzJYQFWVm9D1Mqp']
["removed token since it's expiration time has passed ", '8yDPLhNG3AN3tWLJKdjGvVXPrtfQqs21FHrgzD4FJVwj']
['removed token due to low token ratio added to the lp pool:  ', 'EeV2DnmFLZznz7U9ttZsRmefUgjevS39LEZoTxAp1KWq']
['removed token due to low token ratio added to the lp pool:  ', '8AR6ut19p72qp2Tn9D4B7WqjknHfjQ4ETpyUtBzMcxk1']
['removed token due to low token ratio added to the lp pool:  ', '7St47SYadQ4xcSsrVxSRzKsHsiQ86pwLbdezL2329zMd']
['removed token due to low token ratio added to the lp pool:  ', 'CU6CvUGFgSu7mdKAtmhUsHJEnSmz34nhLNgkaqvz7GDY']
['removed token due to low initial liquidity :  ', 'HaeqpoznMcSakby6gc8sDt4Xs34MHymDEYtKRoFkGkpJ']
['removed token due to low token ratio added to the lp pool:  ', '9DkX7msUYP9XktxcbMGxj8Jh5ZoUGYEGTTY1m9rAEzwi']
["removed token since it's expiration time has passed ", 'J9xGcoUf1EbEDhpkFpvVXFv8yQCJZLmbrTfQBCYwD97Z']
['removed token due to low token ratio added to the lp pool:  ', 'HHsXAXjVwHyzvxUcu1nCA8DumKgjac7xNmLN3ut9hgV9']
['removed token due to low token ratio added to the lp pool:  ', 'HSEgBBLEmDy6Avdfm9EmQ5KVknYR6uZdV5DEEGJKkotm']
['removed token due to low token ratio added to the lp pool:  ', '2tbA3NtvQcfpsu9W99WHMhcWWQQVVvyLczYcGE1VeFC6']
['removed token due to low token ratio added to the lp pool:  ', 'GZJTwKWS2HkjuhvVvj89TLw8HwvMDVpsTtDjwviSsr52']
["removed token since it's expiration time has passed ", 'FJDLn4iZyroX1sg4KgH1sHf3wdNv8QGRf3dMzbkyCTNQ']
['removed token due to low token ratio added to the lp pool:  ', '9LubgnNw17yB6YGSxSPqtot4QSF5V8VjVs9tkrwXnYhm']
['removed token due to low token ratio added to the lp pool:  ', '2mucHEVYFEii4utge9791kJu6M99BxHfuK5wT7ucjkvU']
['removed token due to low token ratio added to the lp pool:  ', 'CzH1zjZfv6fHFGqoziHW6zNUJNLHq3hgvq2v2yhizgnV']
['removed token due to low token ratio added to the lp pool:  ', 'B1jfgi4Dzwe86kGz5QsKGKqbtgS4Cr86VZhaa7H8YBR2']
['removed token due to low token ratio added to the lp pool:  ', '5CA18k1HYQT3Ka4i8G4yEfMt97h4tXA6MzNPPRkbNCyY']
['liquidty removed', 'CVv95U7ztzKQExGBAdRHor1Vk5hJRum5ArRXGqvdz9LU']
['removed token due to low token ratio added to the lp pool:  ', 'AS76fqH45nXurhibtKvyWqHxxPykNQBT9NYVeo4zz8rs']
['removed token due to low token ratio added to the lp pool:  ', '2yZZyo7nHj7NAotntLbQsqjyRhBM7ppM7MXtuSLt2FfE']
['removed token due to low token ratio added to the lp pool:  ', 'DD1gUmgRaCwmM6RwPLA8BGT7nad2ZTfuQkUm8127P5wE']
['removed token due to low initial liquidity :  ', 'BTYr7eocn1NCSAn9t5fHeuHf1geYzahL5Ytjqkeo1fBy']
['removed token due to low token ratio added to the lp pool:  ', 'BwUtDnvk1dcZn9uUYMqt7o2be4My9oi1aPCZyGJCwCW']
['removed token due to low token ratio added to the lp pool:  ', '14inpUoUQzrSSWhpZupavBJuqZeEG1i57rL7tjidCKCT']
['removed token due to low initial liquidity :  ', '8nGiwHyJemcNhdJp2u3rKJtzEkyWTqJcyamBX47xyg8z']
['removed token due to low token ratio added to the lp pool:  ', '4FPX2P4NrR9GQVL1nRmKAtSEemJPLVdCZbdk8tjU3rwD']
['removed token due to low initial liquidity :  ', '4Ecp8eByRhPT4g1V2818SLQAm44dkoqpL7wuDqK5wXYc']
['removed token due to low initial liquidity :  ', 'D68kCAvscZebvW75UG5p4GMe4HtXP8fLZ4fp5c7paJyJ']
['removed token due to low initial liquidity :  ', 'J8PJZhfSsafa2zBAa3CfpWA8xBtsYv6ERy26B9fVGobE']
["removed token since it's expiration time has passed ", '3WthbuHxUxD9DpYezeSxa5KH3LfpJpseGHtS1DiSRpfr']
['removed token due to low initial liquidity :  ', '8ZKaQVgjSCf5jpWNyBWsv8bBhHf3Up7pqmBnMgaP2rrd']
['removed token due to low token ratio added to the lp pool:  ', '3KLUsVgNRwnmxaBkrSuHjRXpwVUHzzGi12WUX8R2LDmw']
["removed token since it's expiration time has passed ", 'BsQ4GndWnjVNw51dQtZdCFHDBEkdQWEzoEJ27o28mzF8']
['liquidty removed', 'DkJEZqNhzYT2QrWy9H4wctUHHdbHqGmKNdQDXhiWu98h']
['removed token due to low token ratio added to the lp pool:  ', '4ESvZcbCMP7QfkGRYTkEdohangjeYMLz3aCnYARS56FA']
['removed token due to low token ratio added to the lp pool:  ', 'ASTyvJcUauZMM3pJE3pDu7LbjAdS54WYyH6yXE563njm']
['removed token due to low token ratio added to the lp pool:  ', '3WRoLPyhcpt42D6vpJwhx6wvhCerka3tgdccErLN8Tny']
["removed token since it's expiration time has passed ", '5K3q1SQrmvfjyfjYF5msRwJyYcMnTFkuKXgbiVEzGaxF']
['removed token due to low token ratio added to the lp pool:  ', '6jdiczqkLjR4Yk3ty8jEJe4xQsGLHE2E41GYiec5Z8jK']
["removed token since it's expiration time has passed ", 'DmGLFpSHysMLBH3AKDvCc36ZRZgJkGrZtxU1MHDGzZ6c']
['removed token due to low token ratio added to the lp pool:  ', 'FfmQmqfMqiBg2YVKS7sCnnsDDvu7TJY1vfa7TDeMQ6wZ']
["removed token since it's expiration time has passed ", 'DvvRaudtCdpdt4eMZwHLGvc8wPrfGBJVenjdUHZgXDoG']
['removed token due to low token ratio added to the lp pool:  ', 'DJCkyaPJKjzJfpz58ZC3WaeQFCdHSMDv7dBXpg5DF7wk']
['liquidty removed', 'HMn8kaZnKsczFyD2f18C4qrGAGowxR3QpzPr7fCKCNgT']
['liquidty removed', 'DofWjKxeEEBtccfub8hqP1h4yzCDfctJipT35MwHDtSV']
['removed token due to low initial liquidity :  ', 'DA4bU9ZAQC7W215CJ2QdYneG61v3MLrVdehrxSp6G9iR']
['removed token due to low token ratio added to the lp pool:  ', '5PQJg4BUhrnp5QRFq2h3q3sSK9jvJ5a1tsRc49HDHwzx']
['liquidty removed', '88tCE3NMxJcSJJurYZ1jRUPgWRfyDnZQwHGBMesLveUi']
['liquidty removed', 'HixggLeBU1rUMgKjAmiCtT19ZHF7qKKiVNgF7KRZd7xL']
['removed token due to low token ratio added to the lp pool:  ', '5k6GPGiU3oQqAWQYugDNJUAchHvNN55vcBidQP9CUxf8']
['removed token due to low token ratio added to the lp pool:  ', '3YZ5dVcssWfEDmrK5Qb2HzB9W9UgkCMhCitFKcNKFqVG']
["removed token since it's expiration time has passed ", 'EqPGumvDCsRRpmCKy8NVSesrZYD9d6fRLPaJ37NCvrEG']
['removed token due to low token ratio added to the lp pool:  ', 'GLh5yYFmRNXvXjWunDrsV4FAoqew9abYLRui24WcbQgK']
['removed token due to low token ratio added to the lp pool:  ', 'GLh5yYFmRNXvXjWunDrsV4FAoqew9abYLRui24WcbQgK']
['removed token due to low token ratio added to the lp pool:  ', '2vPwtsSfEiPHNMZS9pEF3icS7HXoYyTUyMC76rAcVsgr']
['liquidty removed', 'Eu2UDaMcBz3qYTS2oE1LRj2CoDbgVQcdgNPKXjxey4mD']
['removed token due to low initial liquidity :  ', '654i1eoUH9pM4iAygXRrfFJh4aZLeAfeavjyFagZhQnW']
['removed token due to low token ratio added to the lp pool:  ', 'Agquo63FnuyyCrhWaNWUDdpW6jhfkyi7hANThphvEnJ8']
['removed token due to low token ratio added to the lp pool:  ', '77qTVVroCqPk8aUooqeRWjTcf1CJXPEEAdgJC8PTvTec']
["removed token since it's expiration time has passed ", 'DqLvB7PGTinxfuz1dGvk889cCKJopxPiUybC6vyaQPjk']
['removed token due to low initial liquidity :  ', '8F7eSo8EDJPtWSxeTGULkBKHJ41gDKhnpi1gC5Pmf37D']
['removed token due to low initial liquidity :  ', 'Bw8uonE2LdjqEoFmgiUuTXLccgC3cj27M3JjZk13QMPs']
['removed token due to low token ratio added to the lp pool:  ', '2f73rvsiw6xhVyqmnRHAth3n8oNyZHFqYNQdtYx3YoK6']
['removed token due to low token ratio added to the lp pool:  ', 'GqYVMHa3EhKtH1ihyTQhLJnS6TCjEbdfWwLn1kFSXiaS']
['removed token due to low initial liquidity :  ', 'HrK1HefRiNXGPxkb2hHHPdevKD3LS93YgttAFBfzw1di']
['removed token due to low initial liquidity :  ', '7FBNRp4vMM6HN9e2i3VQ2vncm4RkWfJHWpFncucMaQW1']
['removed token due to low token ratio added to the lp pool:  ', 'BSUdHsHd2no5u1PhAr9WqMoi1FemtjmkjVcUfMye5urf']
["removed token since it's expiration time has passed ", '29qmFvRVb7HKXWMm2YTwTkyhDYVzNYL2e283HX5NxVHD']
["removed token since it's expiration time has passed ", '8FU64Q4exozZzXSDVaeFMtxYQSu39FtYBCQMUWGbXjXP']
['liquidty removed', '5pRZjY2q5MRGJNXAkFda3SeMc8gaMeEsAcRp4GmAdJUq']
['removed token due to low token ratio added to the lp pool:  ', 'E1dZVWtsEyXPqHR9PonfeRpHQCJ7gcJLYjMs15RwypPR']
['liquidty removed', 'BmGV5gsZHCHZNFp4sMgUw9tQrUpdmN9BiTnXnrRqg3Zj']
['removed token due to low token ratio added to the lp pool:  ', '2ahNnUK19vZ5PUTAB3akEEEkmqwgpzYaca4YXmeD2k3A']
['removed token due to low initial liquidity :  ', '7du6NL9WEhJTJvghiDdxJUdxDf8AfUsdgdSWpKrGnb5q']
['removed token due to low token ratio added to the lp pool:  ', '8DWpYLMbNBw9ofZFxzhATf7sN23wZioJsCbhLuhW4ZGk']
['removed token due to low initial liquidity :  ', '8PJ1jYMRAFVftLMQW9C9JjMDU3xqBRKCi8w7KYA2fbtX']
['removed token due to low token ratio added to the lp pool:  ', 'EU4ydzPzbK4FDcQ4YyKrRLBouj2EeGnHzGmcWDNTmZYG']
['removed token due to low initial liquidity :  ', '2zpEqFNgU8ZjEED4vRNsFDbwueJLaWTJTmrN6s6RoAZZ']
['removed token due to low token ratio added to the lp pool:  ', 'mpHYwkzAowyLarmmz5y6tRCVMokbEXEv6LdFzsN7bzU']
['Command failed 2 ', 'FJe9iYDXj3aKp1mQVS3G6wcpW8QDVNHbqTsnBY2Uo4Cq']
['removed token due to low initial liquidity :  ', '89QVQrBrLJ2EciyvNzm11aeNjarK58dgA21hwpfUdRzX']
['removed token due to low token ratio added to the lp pool:  ', 'CkYex5tF7YsFp5FAxwD4FWm3T2a9FqohPnsVFrxU8LBn']
['liquidty removed', '7n9CgCNNZHRrPHY4HwybSq7Kum5H1QqWDB8eJFaDHW3F']
['removed token due to low token ratio added to the lp pool:  ', 'Br7qR5NwaxaE4shU57ppaZAYtFhMAAJrQ4L9C8UHwv6Z']
['liquidty removed', 'F22ikX1tFyFdgk6Eymvx6R9b8TDrfyaaoXbwhVTHtu7M']
["removed token since it's expiration time has passed ", '5YvJ4fCnkU2hJaVVVNovUN711RspxB4BiND4UZej6MHV']
['removed token due to low token ratio added to the lp pool:  ', '2d1gxfSvcSnvFowW9j1tDiVojCNcWv6ieazzUdkYv4pU']
['removed token due to low token ratio added to the lp pool:  ', '9XSgSpH24vmaDygJ472oXv5qNrTmRjFHhGjLoSo1JmSx']
['removed token due to low initial liquidity :  ', 'Ba6rBWRT8r5tXiypMcoZGma8meEy2w21Q2dZc6stVmd6']
['removed token due to low token ratio added to the lp pool:  ', 'CbQiCzVNCuRmBwKMNyc9RFcGJFusGQZCVEGmeEgM4SSb']
['liquidty removed', 'BAfdYMAzBroLkmJufHcz9PLHNs3cVhvCQuwNRxBh1qWv']
["removed token since it's expiration time has passed ", '3F4rV2bwhaVgmyx2RgHqF2VfUZB3At7KKAN7LKHGvhSA']
['removed token due to low token ratio added to the lp pool:  ', '2s3kky8t72mTpxBk8B7smEALoGhHRHZKBgDi2hhkTHQB']
['liquidty removed', 'VSKDWEsB12uFvDjrbDQfTAEmRDu9xapCE1K2DfrZPSr']
['removed token due to low token ratio added to the lp pool:  ', 'E1cp7PKPPdWzRJxJpKKk6tV2x2cBSazXc3xV2PB9TLTU']
['removed token due to low token ratio added to the lp pool:  ', '2ucg3A3DEr4gAgunDDXf6DKnCdwY9CkmLPeqhiA5KMbd']
["removed token since it's expiration time has passed ", 'FRW5XRgJJUsSTXq9MgBoGwL6YpScNYmjPH8W29K3Hz7H']
['removed token due to low token ratio added to the lp pool:  ', 'F5fGE6gXyge19rx7n4ftBWQyujGdpqdLbFyjS9g9ZKir']
['removed token due to low initial liquidity :  ', '9LNRB6W9npkwJXcz8rhBVq6HfiWfUjfxLG2RNxwHB1FZ']
["removed token since it's expiration time has passed ", '47yG2jcMtvsf7uMMaY672hChECA6xtPdeyD8MyL1mN6A']
["removed token since it's expiration time has passed ", 'AY6Dkc7pxF6bqNLFQqhhncUqQHNGpx1BUMcVMQNmryyS']
['liquidty removed', '9iKxEMAjamV3JWuauUfPwd818dGnDQdCqzKrYWsfRNhT']
["removed token since it's expiration time has passed ", 'BuUo7kCquz977kZMjtYno6uoLJ1UXdw9CUnsaeow5hg9']
['removed token due to low token ratio added to the lp pool:  ', '3rXXff8t9Cj7pSyLjSotBfjhmmKy8LLDDKWD6pVSaVAP']
['removed token due to low token ratio added to the lp pool:  ', 'sBa63dqhGKQ5xkEMNkS6aycp2dPknb4XYkBgd46d1cW']
['Command failed 2 ', 'CQPcgPu4UFX2JSamFW9sGHf6xbK8PTdfn2vTpWPQ4eqx']
['liquidty removed', '7LTzUAScS6WMzp6P7Bu97jy28FHc4iud7QrXfGhDBd1t']
["removed token since it's expiration time has passed ", '5VBsxRWLDUG4eF4CZ39vQzDPiNApgcoPyJoAK9wCdMbM']
['liquidty removed', 'BYa6jq9CDXeSWnpaWh89otsKQLUpvMXPje7jHG5Tgt7c']
['liquidty removed', 'DzjWPEwsDivrbMb6Ghs5FeUr1ksAwxcW9jZ7CqKKbZwe']
["removed token since it's expiration time has passed ", 'Awf7xKjmJ3MsBFUn3R5b2HkW4oR5p1LpzLJc2izhSQRb']
['removed token due to low initial liquidity :  ', '77ZMcZ3wwcY6woi4PFrVUYrPqCeSGMY57XTf8Z1yZKf8']
['Command failed 2 ', '6maEZMSxgV9oFoyGY1MjTwCNyL1BktvAonRE66ew45yo']
["removed token since it's expiration time has passed ", '3sa6wSrMTYRxenv5jE8QuRYnPj89NCv55WsWGeBNjPGe']
["removed token since it's expiration time has passed ", 'DmyxrmiJG4W8MYA68JVqdC3H6Jpivt3C8NKANuVAtoSX']
['liquidty removed', '2fisWSZBnqWv8LJrUAsJZNyd4ykwu9ANmLQj5UNQtkkB']
['liquidty removed', 'JAWHEycuAKwvnShYxe6xomTXKvbMVQ4BpuLb7UDSGxP8']
["removed token since it's expiration time has passed ", '84JAHSMutzHxXCMHJ62oFv2qeRE3YUNAgT3F5BhS5Bua']
['removed token due to low token ratio added to the lp pool:  ', '5DLJ1pxgigs2dwJMn6o4yvow6iYKnBuCotSyVnPtM515']
['removed token due to low token ratio added to the lp pool:  ', 'J6wA58crvd6mLNPoEBBPHX1JyNtGH3fnPUTk14xSGYrj']
['removed token due to low token ratio added to the lp pool:  ', 'AuMmR6uCX8C3M5wn3rXKzqPpcGCzH4vixTjSRKEMeqoT']
['removed token due to low token ratio added to the lp pool:  ', '3fvVPtGSGYSnXRcoktUFC8AHzG8DsYbC9h8q5EnX58tD']
["removed token since it's expiration time has passed ", 'B5b42fdAJTLHW3wvLTYz6JXRXa4NRCMy4vzuzsetkM9j']
['removed token due to low token ratio added to the lp pool:  ', '3Qprod9y2fXCVegYdU28wLqRGR1pwWKzUyFZcCJ3pmH7']
['removed token due to low initial liquidity :  ', 'F2PbHeuoUeDzeBhBtRYp4Pit11yPGpEjrqTikhpGC853']
['liquidty removed', '7YzHpBnjco8ntgW9EoKudeHy2tGPdi5NznL33rB6AAQN']
["removed token since it's expiration time has passed ", '31xNrnqXck6xpRsd5NVXCBBzY4qHh6QUnEsDW8Q99YQU']
['removed token due to low token ratio added to the lp pool:  ', '2bH7fvLm9L8wicuoMQx4JehcT4WARgiiZXhCcSvKhqT4']
['removed token due to low token ratio added to the lp pool:  ', 'EaoKSntk1mAwQgcedHiH8bLzHodrkgPEeRz9mAwegYH4']
['removed token due to low initial liquidity :  ', '6jv9iX78a9CysWqYyDELyYgVuWy7TztemyhmRtii9cfV']
['removed token due to low token ratio added to the lp pool:  ', 'DB3ghXBYFLn12MtemdW4DyGq8AgGZg3iMq8j88zKptHa']
['removed token due to low token ratio added to the lp pool:  ', 'CAyQUaQShn4MNJnJMW4veMUoCw7dR6P8frjoeuHzFQ34']
['removed token due to low token ratio added to the lp pool:  ', 'ELGEQQqE2WaMUv4zT29ZAwM2SQYqseadvhPe52V4BTa8']
['removed token due to low initial liquidity :  ', '85G3pMQvSZBsRA3ANTXYKAWMnqggWnCkWh4H2g4XtATK']
['removed token due to low token ratio added to the lp pool:  ', 'AdFLNxYTLDcUQ2Lq5WmXToycLxSJSWBePZsDg4vDUVoA']
['removed token due to low token ratio added to the lp pool:  ', 'Cj4Zj2tFf8EZpexxv8LR9LzkPcbyHpjatYCDNRTVczqC']
['liquidty removed', '3DA9yMpeFazz8WCNeTy2daxHhNBNJjebZxXE2YifeoVJ']
['removed token due to low token ratio added to the lp pool:  ', 'BvZNrt9nYwFQz59Mzpmn84WYyL5KAUnkxM4AQQcKzeP6']
['removed token due to low token ratio added to the lp pool:  ', 'gR52ajrDCeHspkkmKarWwcdobSyu5fcGqQQyMCbXxhp']
['removed token due to low initial liquidity :  ', '7f1G2j9XP7Zyo59ACwJFpt55eW3zzgmib4mhohbaomBA']
['liquidty removed', '3AZRcQHbGpw81565LTJn9vVyfcKsMhjueevyYN1UoWdh']
['removed token due to low token ratio added to the lp pool:  ', 'FH8rMdd9QqE3y8RFxYi7Q4z6MUYBuNNXP941RG3uw3Dv']
['removed token due to low token ratio added to the lp pool:  ', '9iAxBPxsjbqz24SHbUBXRfEB3j5cZhrRU3t8rfC8AscY']
['removed token due to low token ratio added to the lp pool:  ', 'HbdGj19ScqiZ27sUcQULk8XfgV1rcNjMBcDnapVjusSh']
['removed token due to low token ratio added to the lp pool:  ', 'FfzBK1jVGmTxXky7Rk3BaRpxNoa2cy36cJSr7sGn1x98']
['removed token due to low token ratio added to the lp pool:  ', 'EahK3BQrp5y93RvRrY45wpxxF7AFjR2FDkJUcs137g9C']
['removed token due to low token ratio added to the lp pool:  ', 'BWDyTgDxUXLXYpaSYv6HB7A48MHuKCDGrcJpAPMLQB6q']
['removed token due to low token ratio added to the lp pool:  ', '28tzHYEdDkVUttZkJYT1aoGGnekLkvcmBQrtvJRcRbig']
['removed token due to low token ratio added to the lp pool:  ', 'AgUN3vFKBUHFrkw7ssNhgDEppTWfcL9fnVoz8CB8D8kt']
['removed token due to low token ratio added to the lp pool:  ', 'CyNKniCMNahrEwhezNrDbQcmedLFv7dK7bbFa7ccKNM6']
['removed token due to low token ratio added to the lp pool:  ', '8y11fjjgKqRnYL3qo7UairTcoKUR7hLaE77TfpHRcVCB']
['removed token due to low token ratio added to the lp pool:  ', 'Hg38zxEjZGb3YJgmpU2q5SjdsY1mSgfcivDfyJMSNK76']
['Command failed 2 ', '7D59wThV71c3juKucsUZFYiufTy5kAgVfqUZWrfvD2vx']
['error fetching burn tx...most likely removed liquidty ', 'Qf1QHyPfnQ3pAxHUhyJJExxDz4RcFA9ZomMpsQhLXeE']
['removed token due to low token ratio added to the lp pool:  ', 'BJSbXZUzzou2VmKEW1AjNQEaJKmmioavu1jfBvecSYYU']
['removed token due to low token ratio added to the lp pool:  ', 'B5nPiqnoV2q1MmV5PsCpqreLE7G5faiuSfdRWa1TDfbe']
['removed token due to low token ratio added to the lp pool:  ', '42K3yXeD1XQ7qttzYhUdsDLNVzAiLnrgx8D7hv8fCJV7']
['error more than lp one Holder ....', '5Q1hQsmXTZ19QdESvjHHWPSWs46Ju9K1BmuqRNdCxAjM']
['removed token due to low token ratio added to the lp pool:  ', 'DEh2smK5aJKtBZKY1PMJ11HM2zBs7tCmWZ3vqJQtTS6q']
['liquidty removed', 'DfAZWUTNKVnNtrxiv3AkS2tyxLsdJVdAYxRsL7aPPwkm']
['removed token due to very low amount of  tokens sent to lp pool ', '42hiPsvvT57BL1BEJi7vRw98ZMGU3MamJ8MwZJBqCUot']
['removed token due to low token ratio added to the lp pool:  ', 'AXdqFyjM8RtEerXHvtPwjjM89PUi74VX7uGHZH87GhsP']
['removed token due to low token ratio added to the lp pool:  ', '3F9fc4UVdZWACkBkyEW241FsybcZ361QibFuXmMKgHY1']
['removed token due to low initial liquidity :  ', 'Gq3CegTaFKSGSktnRyktBteMJM4U2ib2vLCTTWa4TGXo']
['error fetching burn tx...most likely removed liquidty ', '2e4QtpD1z4BUPRcoxGLvAACFuQ1UBMoiqd4xQZy7uHct']
['removed token due to very low amount of  tokens sent to lp pool ', 'A2zmhp9g8Ybck3jc4oUqP2cVLiszUvzVeSB14C4iET7V']
['liquidty removed', 'CHagMvXMFu33CYnSSXUQoGzKyKXMbXVY2F4ctKo8dkMv']
['removed token due to low token ratio added to the lp pool:  ', '81AnAK2FYoisQ53bd8B52JVaaojNmUDtDFBAPccZxbws']
["removed token since it's expiration time has passed ", 'FW6zNuSaFCZuJPzBfdhx7JxxEBuXEN86zC3VHMc7oHgu']
["removed token since it's expiration time has passed ", '9PMHbXvbYPvD9kQjkiZ64uBkccJDjFrvYPYoJ86aYdQd']
["removed token since it's expiration time has passed ", '49fpcZJ3Weouk6AfGsQpj7j4BUVvTMKaSifHz2ZMLyPG']
['removed token due to low token ratio added to the lp pool:  ', 'Rock6TFTD2Kx9KzMLBJaV9tkC8HyNYcEDUNXJek815N']
["removed token since it's expiration time has passed ", '4NyKkYVRdExhQy6XKVyeh6FzqM4xtBKJW6tvFEsyviQJ']
['removed token due to low token ratio added to the lp pool:  ', '9cWXQ4tqBNdeoRHTRhWBAsHwGFDZtb7SUsGJsyp4Rzmc']
["removed token since it's expiration time has passed ", 'Ews1EMwSQgFezBEDZMLoYjZFDCtH2MmkqHpWizRbw7Qf']
['removed token due to low token ratio added to the lp pool:  ', '9cWXQ4tqBNdeoRHTRhWBAsHwGFDZtb7SUsGJsyp4Rzmc']
['removed token due to low token ratio added to the lp pool:  ', '9cWXQ4tqBNdeoRHTRhWBAsHwGFDZtb7SUsGJsyp4Rzmc']
["removed token since it's expiration time has passed ", '3Ra4RP7NTrSyyDmJyWq39jMcaJAcugTC766p1XwR6B92']
["removed token since it's expiration time has passed ", 'C3Gv9bjHmTVqdmvvyQcP6wz1rytBQftDwU4HFnVjXPgk']
['removed token due to low initial liquidity :  ', 'VCKgqYRgRyi6CXuV2eS8idWpmjZ1o53SynHAu3LywV4']
['removed token due to low token ratio added to the lp pool:  ', '69UUb8f9zfYhYnyVvnHv24fTW2xt4LbatcSv3ypHYoHD']
["removed token since it's expiration time has passed ", 'GvdDRubfH2kkGq6QLPZKtVCJsMwSFV9HNUySFdgHiDrq']
["removed token since it's expiration time has passed ", '4jbiifhTCV6K8fSFqWeF6BDqpmhAqyvbR8vXfVzNtFSh']
['removed token due to low token ratio added to the lp pool:  ', 'Dh5CPbUwwEm831dzBBYREUjcAjk8pq5r2iVbP6edxWrU']
["removed token since it's expiration time has passed ", '58r18jjgvC7Co9bz2r14FjkmQx8LhnvFmdfst5sDEfcj']
['liquidty removed', '4qgZg5dQ7DmctpSz2XuCDEXwsruhUDQHU9wjcQYvQ6NL']
['removed token due to low initial liquidity :  ', '42hiPsvvT57BL1BEJi7vRw98ZMGU3MamJ8MwZJBqCUot']
['removed token due to low token ratio added to the lp pool:  ', '9zmHiBoUP8nw7UDcSPagMQrXZKo2iw1JDVnFBbGNRcar']
['removed token due to low initial liquidity :  ', 'GcJSiV1qN5hNCpcHWbji3URTPEB5Z9A553GH2PnWP5yj']
['removed token due to low token ratio added to the lp pool:  ', '4oJENGQhtLwBfgetQjqQUwwNejAQS68LeCtEodWAgna5']
['removed token due to low token ratio added to the lp pool:  ', 'DQterJ9UdeSUApXtkpFVHVos8Xyc48pYquQo4Mtxkr1m']
['removed token due to low token ratio added to the lp pool:  ', '4vD8NRpet6rxKLM3yfkDhP7na1V7s4QuqVZjGJoNKPKq']
['removed token due to low token ratio added to the lp pool:  ', 'BF6JcRVRiEXude7PUgUDkNEkXWBT3JxFEkPY24xK5R4C']
['liquidty removed', 'bupq4V3JhS9EpPTYWEMsXHFS76udGZKEUy2JkYFG2vn']
['liquidty removed', 'DrRw8EQDaRhhF1tbu3AHG8XNVzZ9Ykxa4inLmZT3zgAA']
['removed token due to low token ratio added to the lp pool:  ', '2cKtafANQ38QwNog2ehSr9D1ffKtMHUg3cNwpQ3F4Mjo']
['removed token due to low token ratio added to the lp pool:  ', '5Vh4Ki1ncEMXCPxvxkcjEGd1MnXidM9LU4osS1wFaWJn']
["removed token since it's expiration time has passed ", 'BZr3Jq4qShwNc6esQBK8wM3CPfBo9fpZ2VocNdtfQJGt']
["removed token since it's expiration time has passed ", 'G28r4vPhTwWm6i2KfKsoDFGBHW5ueHYz7WS4n9HPBcfc']
["removed token since it's expiration time has passed ", 'G3oFKDLJuECV6bytdANK6iA1453eioqoMfDYmAw9Gxmd']
['liquidty removed', 'CEYA5aY1du5n8zLjzHQiYmzF12LiEGSVEJszaLzjvhVs']
["removed token since it's expiration time has passed ", 'FPfW14FHMBUCcFpGnqRaobEZXpe9Jcmn73Jq8DFdCBsM']
['removed token due to low token ratio added to the lp pool:  ', 'GyVfP8hELwJjzMpqXYSbKoAuiwgV5v7XhEDpBNjfEWP9']
["removed token since it's expiration time has passed ", 'JE7Gg87FmnfHb7M3BiBr1Z6Wo27c9vJ9rB1XPUuwF9j4']
["removed token since it's expiration time has passed ", 'Br7XUVp7EFyaujZ9QbPk9wjkJi54LF1WHjzoUXAgwCAF']
['liquidty removed', '7iETQeyQEvubbRDLSKZdN9QjqTRPpUqZBokAmoVMyL4G']
["removed token since it's expiration time has passed ", 'FpmP3gURPqWR5dEPUrEG5enku6CWb2WU4YZb4dQVgeHb']
["removed token since it's expiration time has passed ", '3TgRc8HiX5qxs1NXEyK5FdGZvj7vp2mo9MpzZnNW1rLg']
['liquidty removed', '9H8vVgxmGJjsmkoR7iErLV8agFg3sk34jNommAXFCcWe']
['removed token due to low token ratio added to the lp pool:  ', '3cE5CSXw6wR16W4Ec4U5BUeko7hXFNuuEpz6vs5rLHoL']
['removed token due to low token ratio added to the lp pool:  ', '8rJBt9BMA9dAp58iMBmusLktQbzAMjryATKqGvsBXCf9']
['Command failed 2 ', 'FmRAeAjor8CWW6o5JrVk5khYhN5JtezRXzuS2c7aW3Jc']
['removed token due to low token ratio added to the lp pool:  ', 'DcxtJBAWGvbXpiDNoivhFB4ZmeqMWfxZ3XyTrQYpHg3t']
["removed token since it's expiration time has passed ", '6Zjzt9Xnn8Yb8jz2KpsnvWs87J2hzSNBz63AMbNWU3VA']
['removed token due to low token ratio added to the lp pool:  ', 'HdwTgHvHu3gfdKuTmDxKnpMzxr2j4vn2BvxmvUQJYnst']
['Command failed 2 ', 'GTBXRg5bLnRoaQJGqgnUk3NeZ7r6cEKhpbcDQQCUCsuJ']
['liquidty removed', '5LtzTFSVmwWSwPt8uhwKvYhyy3zgB5dBSjYY3dZjKFi4']
["removed token since it's expiration time has passed ", '2Uvmgd2jkNqTkbeZwZXnDyNrZw6qSmRbutCmaAwVvrNc']
['removed token due to low token ratio added to the lp pool:  ', '4L453SY7LY2sH5y1NC9VZeHcyeH2Nmmc3eG31AHXJysK']
['Command failed 2 ', 'CTyaDRCAFjFDgyB76brnGKq4Ry9cRgEojep4pPDp6y2g']
['removed token due to low token ratio added to the lp pool:  ', 'YkabGkuJ2A9aMLL8RPq7kvp8rt56sjDCtzBrFWqLcZA']
['removed token due to low token ratio added to the lp pool:  ', 'CbWsEUKbXsCjczdAQedrv891u8A4dToVCcAvCYbdWwX9']
['liquidty removed', 'HA6wSxAZyagDeRdPc67ZDHV9VB5L6XVtjcDXYUvjbtCs']
['removed token due to low token ratio added to the lp pool:  ', 'WzDW5DW7aqrh1bLhgt3nwzbGpdxUkMCQD2qhpCwVkoN']
['removed token due to low token ratio added to the lp pool:  ', 'J69MhRbQ4184TfN63Gja9CrsywLvMT7pzEVrKJ9GVhJ3']
['liquidty removed', '7ekZ82wUBpVLUZnFyABjdpQqUuoVcxGtcHdv7zX4TBhv']
["removed token since it's expiration time has passed ", '8nJMixdHBkeN4zPPvGf9tQ491KEmcHXAFgf6XovPTnpT']
['removed token due to low token ratio added to the lp pool:  ', 'DfbZVeZoduZiccpxLPwmGrZGWNshfV5iTXnszqipMes2']
['liquidty removed', '56HKgzP5TmK7fj3KGzXc9pN71JeRLU1bRkxbQK2Pw2dS']
['liquidty removed', 'DTciLes3YkZ4XChvKwyPc9GHFK81X3kuHT8at4AzDiuJ']
["removed token since it's expiration time has passed ", 'FY4rNz7AqKEnEwyurmGVpoEBnSq7XqNn4YuXruvJhAXF']
["removed token since it's expiration time has passed ", '35nK3RNjb2nG8R33Ab6sE6sTX9C4qSYc8pYP6BychAAn']
["removed token since it's expiration time has passed ", '7PeTuGAEvD7ZqYVJKBijRfp6DvWGnGBqk5sSaD8BwtEv']
['removed token due to low token ratio added to the lp pool:  ', 'TrumpJTcsT9qQNg5mFwQzdUkg18Af68QXJgxeUYbo8b']
['removed token due to low token ratio added to the lp pool:  ', 'H5bwSZXSGs9fiC8XiZ9tmaNPAxiMRLynVQssgb7ViFyD']
['removed token due to low token ratio added to the lp pool:  ', 'yHgMLpPpLtW7294dNqt1PGJ9ZEwJLobYo6Eq2fy1bks']
['removed token due to low token ratio added to the lp pool:  ', 'FHVrciGVkNEST3NiStQzvyPD9TMErAx8uCCURKbX4XYJ']
['removed token due to low token ratio added to the lp pool:  ', 'BgqDH5TGtntHRSvJwjKzAtAhnexKo7BvttyqXByYh4bZ']
["removed token since it's expiration time has passed ", '9K2aQF1uVAjWsyds3tJVETdZL8Ff5EuMSk8LqF6Z8Nyg']
['removed token due to low token ratio added to the lp pool:  ', 'A7226bo26kaGPKzJ8LhsnbkvR7SkYwWDRDig65fvPW7']
['error more than lp one Holder ....', '5519B5CdQwunauEsyFo6P9cgFQCCkCjpr4G1Tch4QBm6']
['removed token due to low token ratio added to the lp pool:  ', '8fgqxhyXMa3eSxjoa48s5bNdzSSqrju7aTYQ5TjMmAij']
['removed token due to low token ratio added to the lp pool:  ', 'xfpNmySMNEg7KZTJJEEvhqcaGL7fexHz9bA1t2n8NNN']
['removed token due to low token ratio added to the lp pool:  ', 'UnNfCLuvnzYtg1Zx6JKp3sBibDz35rrj1DbxTzRQ2kV']
["removed token since it's expiration time has passed ", 'BqUHy9jJL7ASkDjDwMotYDYcdUUgs1iU32mKwXTBbJof']
['removed token due to low token ratio added to the lp pool:  ', 'B69pJVEgSWjxcaf1SapZ6uEuFjMzUfEUEHcqeQShciHt']
['removed token due to low token ratio added to the lp pool:  ', 'HDpn4oKeopKdBLeuf6LFxcsSd7ybqeXMBWZK4sgMtBF1']
['removed token due to low token ratio added to the lp pool:  ', 'EV1uy9yohvDY5x4qzxL2eAysg7dGh4uWM8XmrFYRoSkw']
['removed token due to low token ratio added to the lp pool:  ', 'HdPwnKSFEQtxZnqEqnd8NcJdDajMRhn1jCu44Q3Qu5zH']
['liquidty removed', 'CThM1Khgd5HVXNcKUjJ6Y4k7PEtczzHcDs27WCJv7u8U']
["removed token since it's expiration time has passed ", 'ANiTYv5Ah4xBEuDd81vtgV1fiN9d8cSbtwZKhxVM8zSr']
["removed token since it's expiration time has passed ", '4v3Y1m1SGjrKMxHaQ3LFSWfut2ASKpKBQFtgNn4fbGxN']
['liquidty removed', '3R5ypN8Yy3F4Esit7MkuG9VuUeHmeKbg5oBabSWTiRa3']
['liquidty removed', '3EwqGJPs3HJaCc2Yebb3NLQy8KBeQPoh72RJymq13dKb']
['Command failed 2 ', 'YreNdT4TZuPPhpbwE2Lgqy4skjYL223G6h2Src5LhPx']
["removed token since it's expiration time has passed ", 'G7Hqa6ZbHuDjNA6t2Ga3v1LEd3xCQhpiPvv9CE9Tr7TL']
['liquidty removed', 'HukKxP5nkbzHtWNcGjubqcRrNojLrgq5qDphvdXrL1Qn']
["removed token since it's expiration time has passed ", '127ShrM5C1xCTovaXfJrbg8jVHFS2qpt4UsXJeujcYhH']
['liquidty removed', 'HukKxP5nkbzHtWNcGjubqcRrNojLrgq5qDphvdXrL1Qn']
['removed token due to low token ratio added to the lp pool:  ', 'AXFcq2DKCZTG8XAWcbd8Jsu8in4xVKiAT4AmiY6JPata']
['removed token due to low token ratio added to the lp pool:  ', '3kJr7RRJjx8P4WCTULhxDPFoYWgCawSmncRdUWt4NrPk']
['removed token due to low token ratio added to the lp pool:  ', '4tnurN2za6tWDNPMaSVC4VjVhQdYAaptrRL9cBoZbd1r']
['removed token due to low token ratio added to the lp pool:  ', '4eAeGHLn6DRz1VDW8nLoGCHgQuSEt6VUo1nq49conqJ8']
['removed token due to low token ratio added to the lp pool:  ', 'EFFkPrPRfc5HqBmuejt3M7by7RhhySNyfWQ7Bt2gjkhP']
['removed token due to low token ratio added to the lp pool:  ', '4MCpYLoszQ5M9KLoPARr5LDyh9RF5c15fd529v3hNJYB']
['removed token due to low initial liquidity :  ', '9DDNieivKqSPJ8SQRQU1sMTuyoUqUiW6jU9Cb8YVV4ga']
['liquidty removed', '3z92pbR2SDUcwP3qu8RiuMnVbzdnfi6HHbQGM74W4K6R']
['removed token due to low token ratio added to the lp pool:  ', '2k3duA3ECUyDAMt6WpE3NUEEsEtTzwGvo1Er95hZvZUV']
['removed token due to low token ratio added to the lp pool:  ', 'HYBq2TkKgprAHL6gsNPk2uVw1cynmX6ezwYzrrV7xigE']
["removed token since it's expiration time has passed ", '6X7CJwruz3rVYanuMxUM7gY77WLzL5DLnPMk4oU8aJmW']
['removed token due to low token ratio added to the lp pool:  ', 'J5ny1efjxUzkc6kDqiG52FnD2dUAZDLpCRCSSJ5SCuvb']
['removed token due to low token ratio added to the lp pool:  ', 'EwQKH61CdJaMubvxoGzHfQ8o3DXxufTxppokziEG5Pde']
['removed token due to low token ratio added to the lp pool:  ', '6xPYQpLi2Qw19cFheiJvdVKmwU4pqt8scngggphGz3bF']
['removed token due to low token ratio added to the lp pool:  ', 'FYxpPC67e6igHzp5dFZVis9Ct7XABujQ7v1z5shgyGp3']
['removed token due to low token ratio added to the lp pool:  ', '5mjnPxHfgBWciirRgPbZ4MCBpibWPwd5ybQrZggzmmUD']
['removed token due to low token ratio added to the lp pool:  ', '2ZBvDFCVYz2r6Z3FrBmMduXpjVdwWEWfwVYW3QFbPeoy']
['removed token due to low token ratio added to the lp pool:  ', 'Ck6dFVLMGMERsJLwmNASyf1hcMXBav2qqGSnb51omzxk']
["removed token since it's expiration time has passed ", 'Dr7vNjn4XehaK9DktNPXvdVdumgyBS9KEGZosCAY5Uhq']
['removed token due to low token ratio added to the lp pool:  ', 'F5nCaBbkBgDYgaVo9WNbJnRn1XLoQHzN4xscXbcQExg7']
['removed token due to low token ratio added to the lp pool:  ', 'FSSUkWYK3oMaMxduUFezGBCcHWb9qHq9rDtkkZxzb18T']
['removed token due to low token ratio added to the lp pool:  ', '2iAszYDXqHx4SDENGD6dkKskDi6177pC6ZDK3MeLmAjN']
['removed token due to low initial liquidity :  ', '7GXKB4TRL4jLD7XTMKpW3QbxvwYYrVUDQoEhecn59Fwm']
['removed token due to low token ratio added to the lp pool:  ', 'Dtpkhov9NCUhjDFhdkGwEFbXDvQycbrQ8GAZubruXiLn']
["removed token since it's expiration time has passed ", 'AQJj7188j4JgQ5nLj8M3f8GnHMf8fFThjWkURZmmxMHh']
['removed token due to low token ratio added to the lp pool:  ', '4uuprnPutc1yHPpxVYbyATGy7reTzThJz3U7oz3LxAtf']
['removed token due to low token ratio added to the lp pool:  ', '7GaHhUFtaTLw5Y2Yf7pR1SNcr2U2VLtB4WXHP4gSev6a']
["removed token since it's expiration time has passed ", '8BfVWP2aEQZSVY8B5xs1xqt2FFMHuP2QmirNGRHsJTSF']
['removed token due to low token ratio added to the lp pool:  ', '4uidC4bYDLQSx4o2WpU7jQRHGaU3Vufx9nW69twvqMgk']
['removed token due to low token ratio added to the lp pool:  ', 'BXhxBSpG6QUR7p6h7mW13CXoTGYpfbkrpdRajduJYdkn']
['liquidty removed', '3zGCmGSKkU1CtVBRLAv3Kv2KuS7DTfy2WmhgWJ612HtV']
["removed token since it's expiration time has passed ", 'BurnpFp3gBgGFrtPci5SPWj2roqWicWUT3PCMScHF5pe']
["removed token since it's expiration time has passed ", 'APwKvEjSn1Tay6AYeTJVvHY89xC1oCUGa1YnoJdDZyjF']
['removed token due to low token ratio added to the lp pool:  ', '4B5QZ5EukukCeuJ972eDUKW97r3h2FcgTgnfCSZtDB34']
["removed token since it's expiration time has passed ", 'GPxQvtrzJZ1D3dBQRZZVpwZWCYwUc45vMysDYHKJNk9j']
['removed token due to low token ratio added to the lp pool:  ', 'AfQ5LDeD5J1VkAJCbf5pG7SWFDbm4S7JE7Y8hCDQVWia']
['removed token due to low token ratio added to the lp pool:  ', 'Hj5E8SNpnNk66LT1VKLae16MDicVfg2LULtxTETTSGjV']
["removed token since it's expiration time has passed ", 'FVWa28hHNW33FYwTXmEv2sPPHy29wiSwF5683QfQwxaw']
['liquidty removed', 'CQTbaAXHUmEB4iC4TRpDGPb5vaWbk8RKvvAUTB1vHsKE']
['removed token due to low initial liquidity :  ', '2Wer2yiXoch9WZxmsefsHd3NfqsrxxGdFYeVGNpS2qd8']
["removed token since it's expiration time has passed ", '53os7PJ1MmFswWtVUeZ7PLWzAMQPeX79RwRBU57c9n3Y']
['removed token due to low token ratio added to the lp pool:  ', '2g4sT1NDNMbt5g87vxNia2MJpm17g2iwruRHf9vjayK4']
['removed token due to low token ratio added to the lp pool:  ', '647NBpiiCCoycXFLFnxWtzfVMgiKo6x8wPtrNE5KMhcE']
['removed token due to low token ratio added to the lp pool:  ', '2EKgmP7YBc4idR85A8oJ7gnW3TKS3cbCw8kNEgQbbY3y']
["removed token since it's expiration time has passed ", '97kt6FY9sSLTXP24BrwrPpUeXttTPFSfuThKJagwbH41']
["removed token since it's expiration time has passed ", 'B7j7uMh6KhZPxrZnzpxasrYC3FZBBwht7JFcvk2Lx3Q3']
['removed token due to low token ratio added to the lp pool:  ', 'DWsX9qbotdZrktAaanbYpfoWyNQ7Aup8xDmpCrEfkZWs']
['removed token due to low token ratio added to the lp pool:  ', '5eg67mpVLDTPkPnVK1kmaKCsdZbHQjKTdL4rBBxDYp1m']
['removed token due to low token ratio added to the lp pool:  ', 'BPTmyPBwBsbzuH8MwpjSXkWaj7Yy5vUnT83hcMJtkTSk']
['removed token due to low token ratio added to the lp pool:  ', '3pUiiWkty6WS5nEH52zrf1VRgayiWYJo7RJVTCYmP5rX']
["removed token since it's expiration time has passed ", '9vy6xY8Dk457tVUvePyNTQ4VPYKNxunr7EFpichqNbyE']
["removed token since it's expiration time has passed ", '6aApZmPXsBAjeRhLjKxDBfWiQ13BbXucTEKkUcgxXpj4']
['removed token due to low initial liquidity :  ', 'HZ9U1Fxo1PCM2f4pSwvX3V2HC63xsvQpdNgY8q5f9ETa']
['removed token due to low token ratio added to the lp pool:  ', '3uXY2ExRi9iAJbVdwW3pT9YB7roQaBhykR38c2dfPgWL']
['removed token due to low token ratio added to the lp pool:  ', 'AQTN2cP8PPgDyRDqCyumuzHtK4VnFobVybcvXTQ9UNi1']
['removed token due to low token ratio added to the lp pool:  ', '4sfHF4f2h8WSd6UeCMXn8Bs2SZ3EEYFjCjEEubxDP9e8']
['liquidty removed', '3zQ93CShWumHyYtyCgci6y9jKVGtU7xHckg3Fp4gyVWw']
["removed token since it's expiration time has passed ", '3Sn41G34JsaRGgessJcY7R3q57H9KeTD45GMKG84SCBr']
["removed token since it's expiration time has passed ", '9CQ9zUxxWis8RmUR8E5ktxvgYBu8KN6EH9wv7LnZoQsN']
['liquidty removed', '6HBZJZcvQRnzW74graAPbpyxvnMLv49sJCy5TejEYY6S']
["removed token since it's expiration time has passed ", 'FX3qFaqm1f9SL7BTS5vzitKhPaowo2br4VgHjgmxktXG']
['liquidty removed', '6HBZJZcvQRnzW74graAPbpyxvnMLv49sJCy5TejEYY6S']
['liquidty removed', '6HBZJZcvQRnzW74graAPbpyxvnMLv49sJCy5TejEYY6S']
['removed token due to low token ratio added to the lp pool:  ', '8fsQbkWtAQeXAjby6RhSHkyt8iCD6mAJajJ4HFtTJESn']
["removed token since it's expiration time has passed ", '5niZue8pRX2Z9toTSkyW8KTYTXA16hhRSDMX8LAwmE7H']
['removed token due to low token ratio added to the lp pool:  ', '5b4TmLGvGyxSF1BWSVP76quN1fABtJA8nWNM6ZTmr5Eo']
["removed token since it's expiration time has passed ", '3PXpryo4id3GdUFLFufBgvRff2E4BuaVMU5voEGK1jfg']
["removed token since it's expiration time has passed ", 'C2me35ngV7J7BGVxadz8DrEFABM4uydShz4SCRhME2Ug']
['removed token due to low token ratio added to the lp pool:  ', '4NGiqutXfn2YbHBxbKjhirEyo7s9pq3Ux94DcLG77kiy']
['removed token due to low token ratio added to the lp pool:  ', 'C3E3XKPDwN6KtqjKEsXLqzpDpbnHBWZMfDQWb3Ek9K3N']
['removed token due to low token ratio added to the lp pool:  ', 'CoZNnNFDNuB64xKCnuk1sfunfwqhpJYLNdXChiNo5Pxe']
['liquidty removed', 'Hsx6XTHg9PuBV84ZkMBXq7FMgD6siBgQkDZoE3t4EyGX']
['liquidty removed', 'DWm9g7MxZXMF8b8XcUvmRP9pr361UsFjjVQQZxMDvwtG']
['removed token due to low token ratio added to the lp pool:  ', 'E6VQpSrYJkysVat2Jwwt6ovMwpxMeT6z49C9NGy7LZ35']
["removed token since it's expiration time has passed ", '6q7zc4Gvucqp93eRu5egKG58jaJjsZWWqTaXfnq9H2Ex']
['removed token due to low initial liquidity :  ', '6PjAiu8TUwFcQPMrk8NzwatoyqXPS6DGY8MY2ZL1k81E']
['removed token due to low token ratio added to the lp pool:  ', '59vZPrLM96uAZu4kAEKpBon53V9dwhGRHG15saBvvyWn']
["removed token since it's expiration time has passed ", '2dvRFFaGcYvC2YSp9wp4QQCw45EdCnYoWVCoaGctbE5c']
["removed token since it's expiration time has passed ", 'B2JogLkRNu1uXVCh4oRRiShe2rbr2WjERJUvaKojU9Mc']
['removed token due to low token ratio added to the lp pool:  ', '9sYpTMcnHM7BcW9gpb3YFgv9GdgsLx3Wfeu13uKZXw9S']
['liquidty removed', '5h4XfTvrKTMqjAqRcraB5Vfof8WvibhmfyDprqP9oei9']
['liquidty removed', 'FU5WAUz1mMv2Xi7rFH2NRLsi3JTSQ1HaTSCjGxhchAi6']
['liquidty removed', 'Fcy7AXdqKwh7jqvBFEBqq49fiupjfjKCgvUwoQppnQ2d']
['liquidty removed', 'Fcy7AXdqKwh7jqvBFEBqq49fiupjfjKCgvUwoQppnQ2d']
['removed token due to low token ratio added to the lp pool:  ', 'CqdnTDPakBHUkVHBgFf8JUKnySzLzexxDRoJD7D8YhwL']
["removed token since it's expiration time has passed ", '3syMSckJzX6abVUtRyvcke2UoybGzPEg3ZoKy1T6TqyR']
['removed token due to low token ratio added to the lp pool:  ', 'BWrxrhtHrE3nzKueNF7rP1o76X2qc7bCWJReggQKbnfG']
['removed token due to low token ratio added to the lp pool:  ', '6mPsRGzshEjedWWZ53u5pZ5tDFNKrkKM4sQZMnp1X9Br']
['liquidty removed', '36zchRwLokQ9ojbUqjGoDWB4CLZ2oANe4mdmBFoUFGW1']
['removed token due to low token ratio added to the lp pool:  ', 'GNPVo6bRGQY33BJrDvVutPHqHtejyFPKQWiSHNFHiGca']
['removed token due to low token ratio added to the lp pool:  ', 'D1XCLJ2us46hunZ5HBhE9Cef4t5V1TNsJDLRtFqNNtU4']
['liquidty removed', 'DkRJ4FeE9EoDf7cZ4zLF95nFDyxgV4dnA1j3LL9qqqya']
['liquidty removed', 'J8a33Ap2vCNE4x619Dr93TKEaeXaM7BaVniWNmXyF6xm']
["removed token since it's expiration time has passed ", '12SCpqutrosNsMcykB9PxRmtKp8mcbrR6TjuhsgmJnU8']
['removed token due to low token ratio added to the lp pool:  ', '7E5j5PdsdEfGKqZ2MdMGtC3A1QUTFgkmUvAutvNuVmeK']
['removed token due to low token ratio added to the lp pool:  ', '37jCQwDWXvp8uaPj66gxBVcNXKsoWCmfBjkB2qbhErft']
['removed token due to low token ratio added to the lp pool:  ', 'FzQWmu4X161zzng1r7Cbd8UmuM4ounvcGffvWWBD2Rnb']
["removed token since it's expiration time has passed ", '6YLnSY8Tcp3AZJJZ2yHZoLPbtfA5d8wjnVTJk6xevQyH']
['removed token due to low token ratio added to the lp pool:  ', 'ErJSvpqY8CBpb3qitpnV6aHQbNb96RoNAraNdW5Vec9h']
["removed token since it's expiration time has passed ", '77LNrE4JqbW2QuRTC8KAkQrULvtGF7ePpwvuaxUGDAXi']
['removed token due to low token ratio added to the lp pool:  ', 'BVMhPC6DYd1Ur8Dz52aRyymvmcwVPfxxQv4CMkgrnNrM']
['removed token due to low token ratio added to the lp pool:  ', 'G1HtQiFyEVL6kEnidPBS1AqbJTZj2h2RQK77kZZBB7p2']
['removed token due to low token ratio added to the lp pool:  ', '4Lmp9Kzij8APvJhvRQaaVtwWXsjxoC5PXP7eR2URBpxr']
['liquidty removed', 'H9RQX49aRQADm2fNdGAKhQCDfbAyA1EpkMU11vzYyxay']
['liquidty removed', 'CjbxwVBHMrcaSp1LDhJcHFdnEvyning1yHMq3GuDp7Py']
['liquidty removed', 'CxS8sj8n5qoZ1UNTMqxJaQJnc4YGqWrQeyP6KbFU46Yv']
["removed token since it's expiration time has passed ", 'AAAqCRdqrDqXtkir7t7jJrXHNkcBsJjq3oCkYkYvboLC']
['removed token due to low token ratio added to the lp pool:  ', 'Ah4U4BDY93aVEziwqLeDFStrDdjdn41ExRdDbFkTj2Pi']
['removed token due to low token ratio added to the lp pool:  ', 'Ah4U4BDY93aVEziwqLeDFStrDdjdn41ExRdDbFkTj2Pi']
["removed token since it's expiration time has passed ", '8QKKctmAaguN25oHyTgaVF1rtbwdJ4YhU6UEVDtFKNYV']
['removed token due to low token ratio added to the lp pool:  ', '7A81Mo3Dn1BYMEzcLpFG8PLC7NHpPSxVVUNkke6kpMXa']
['removed token due to low initial liquidity :  ', 'CgCBakYwLxuzBr41Q48TvkS36wgeUiznfXexQvnxW5rN']
["removed token since it's expiration time has passed ", '2G7eZNctEzxbQXwi7h5B8RcfJ7QQ5C4w8DtCDK9Hg7sh']
['liquidty removed', '37w38k53Nfws5VjFUnpw1P9mezLtSuRsdG4Q1dkLXkKf']
['removed token due to low token ratio added to the lp pool:  ', 'DKe1XnLaYYqzDqEWeCrY4ChpNDcGj4bNaBdakdJYH39j']
["removed token since it's expiration time has passed ", 'J6fjuNnyJjfEhrWG66bURNxH5xYKkryq968YV4SbbYC8']
['removed token due to low token ratio added to the lp pool:  ', '9Li8Kcn3mhrojg3cdv1SrFxUYukfdtw5L3azU3ci8zZh']
['Command failed 2 ', 'BhmrzYwugmyKncFnckfrhPXnRGaqnZ9mGW2wHv76QRuG']
['removed token due to low token ratio added to the lp pool:  ', '8VDbSh3G1k4DrafV58T7WzNJ9PoepEDcNQeWeUxLW6zq']
["removed token since it's expiration time has passed ", '7WYCP6fpMa2FRHsijwCG1xLoYuTgBa9KEDKxN88XaRJm']
['removed token due to low initial liquidity :  ', 'B2fkc3dvdk7Ehp37NFwh5J9rcXfmw8p5XhzPxGof5vSg']
['liquidty removed', '3nVhcWPa9oUjZkzHS6ZPC7ZiL15Pc9pWEZC198hyRDFF']
['removed token due to low token ratio added to the lp pool:  ', 'HCjpGzpHdtWafJD6xfsg7QAaAXNuD5S2ouXUCnEmRH9a']
["removed token since it's expiration time has passed ", 'GNpKJwQZcpFh1wvoTzfokrrzAhGseDfos55gjeBm4uGz']
['removed token due to low token ratio added to the lp pool:  ', '9qJuMJEt9ALsff8y4CBexZEx97gEuDdfuBrfsMWkg6Eb']
["removed token since it's expiration time has passed ", 'ByuawUoGUUqTShevCMxt7jD4E5Q1R6GhsBiSAodBJqPf']
["removed token since it's expiration time has passed ", '2HWPyLF7RjG72MRFjjctCNvz61TYSG6EnBmzrwmaJ5rd']
["removed token since it's expiration time has passed ", '5yhaT1TofPQv2PDMp8JiMkftkzWcVuzh7nk72TboUxLA']
['removed token due to low token ratio added to the lp pool:  ', 'AyX9Pf9RHnU5mtdAQeeEUuKNMbG6TX7Fo3jkcBRToMCp']
['removed token due to low token ratio added to the lp pool:  ', '8QhVUKSdXg1UMMExypMBGZ4U1J7KGvam3PFgyJ9cvBNu']
["removed token since it's expiration time has passed ", '4CQvm2rVbZa6LKcMhEQvWCti8VZU5dh72fHnB94S4PZw']
['removed token due to low initial liquidity :  ', 'EA4SyW5UDnntXwUyyogN9UgpLU4q71HWgjhJBFUHTqLY']
['removed token due to low initial liquidity :  ', 'EA4SyW5UDnntXwUyyogN9UgpLU4q71HWgjhJBFUHTqLY']
["removed token since it's expiration time has passed ", '631LhGLaKJwFLVAqqW5Lf5ZrjwBof8qwF7pm2Akems7E']
['removed token due to low token ratio added to the lp pool:  ', 'GpAAz2ZzZfUKEZ7nWxx2TQmwrj86BFfBQHffd3s2HukP']
['liquidty removed', '8auzLyAn1kqp1mHCSyyYSWDDP2CBRU11R9nep7QVDPVo']
['removed token due to low token ratio added to the lp pool:  ', 'BgoqLDRuhT7y9kDqwPM4jWAHBp8tz1tRVNqjezxoFdRo']
['removed token due to low token ratio added to the lp pool:  ', 'DgiWnMQu3MRSRpxVccpZJr6LEwZs2PCGJR7pwHaZ1Nzh']
['removed token due to low token ratio added to the lp pool:  ', '5sP2m695vAnDL3SCa4YdcPvW4PT9F1Qk9jX2nEe6RRrc']
['liquidty removed', 'GUJ1R4mkGjoGciQcxcu5NQ82GJzN4fpHHWuqQjtBjpFJ']
['removed token due to low token ratio added to the lp pool:  ', '5LwxHAX7E9CnPEFn9DqRaxXu9uQMW1HUXe6R5rBpePHq']
['removed token due to low token ratio added to the lp pool:  ', '5LwxHAX7E9CnPEFn9DqRaxXu9uQMW1HUXe6R5rBpePHq']
["removed token since it's expiration time has passed ", 'HQqeicJmwv9ndsSZAWzeN3ZJZXj3rhzdbq9Y462AS8AG']
['removed token due to low token ratio added to the lp pool:  ', '57gCJHXBQggCjv8iUykwCcquYTwmTSybhdHcJjKXpjw6']
["removed token since it's expiration time has passed ", 'ebq2QcEKXTBPTs6phBthdARPNSieHQBKLsRZocFrr2K']
["removed token since it's expiration time has passed ", 'BSkCHpTrGS9zQ6SFVEw8vHRdrXJnT9G7YPf7rzKQL6zP']
['removed token due to low token ratio added to the lp pool:  ', 'FG7KwyrwyYp2j9cHi6mBZzLmov3Y11yMid1NaNRARVBS']
['liquidty removed', 'BuH3XtyUwF7UrS7UouWQCzP9ks4LsqPVphxPj4G7M7A2']
['removed token due to low token ratio added to the lp pool:  ', 'EZJg1Ja9bwoyuVnDM9XzAtSxjyWamZ2m9tPugN8SpN93']
["removed token since it's expiration time has passed ", 'AzZiR2sFYGCrCtK6RfmEy5TdBp6AjQ91Vvkck5HJzSRC']
["removed token since it's expiration time has passed ", '7Q7WxuKYVNhXRhMbTh8Cw16aaeCsWYYxN2wsiECzS7yt']
["removed token since it's expiration time has passed ", '4JASkiePL7r1TKj1TYLaJWWAWCvWkicAKLc4LLXqVz9A']
["removed token since it's expiration time has passed ", 'FZA6R3g5KCQtnZ6oaL53eGVAcoJKMTxZQdq8P1hXZK67']
['removed token due to low initial liquidity :  ', 'CcCoCtrxrEzTV4feSayikahDhbyqq6upHvQnAWNv6oDw']
['removed token due to low token ratio added to the lp pool:  ', 'ArACvuXSLDEtZLC5yna66yLjL4cSKbvg189qt2crwJNf']
['liquidty removed', '5iPPrpSSz3yxpbRigmKH8rK47HeYUwA79yUN99UxTuGi']
['removed token due to low token ratio added to the lp pool:  ', 'HY1BTRUY64YsshVnabtGD9b2NnJU7usWoACSJWEujoN6']
['removed token due to low token ratio added to the lp pool:  ', 'GGEM88wL3zJjDxP1kKQ1UNtuZJaWPvdbkCjU8qoJwjn5']
["removed token since it's expiration time has passed ", 'C8xj1UfvKEsPufTXbxsMY8DTYPd3oNWu9qykeCjpu7kL']
['removed token due to low token ratio added to the lp pool:  ', '2B7GEoJPnmhTttaYzVdERvqW41q74tRu8hhYRKibjK8Z']
['removed token due to low token ratio added to the lp pool:  ', '4c2gZAqHqkexo7JcxDoQoFfXPrAYgC4662PRzbGoMBFG']
['removed token due to low initial liquidity :  ', '49mfUAUWkm6cumWJpbLM4GhzXSxVrqxThvauWjmw9Nmg']
['removed token due to low token ratio added to the lp pool:  ', 'HwsKZARa4oX6yMfN5gPBa5wxiwUcD1SXhK2ZVQNXwduv']
['removed token due to low initial liquidity :  ', 'AHzZtJdiHFMbpSQS62he5orxqrjnRyqRVSPi3o5cf5T']
['removed token due to low token ratio added to the lp pool:  ', '4nyRZAHJbDnvihUSsaXAWRM5dm6geHiyjkHKLkzPkYmu']
['removed token due to low token ratio added to the lp pool:  ', 'HC3pWcrCYCbsdmEktggR87S5wkaNpZG6HorTeb36TFmU']
['removed token due to low token ratio added to the lp pool:  ', '6NVthziMKCj272N8vzA3UB3cT5ME6oDyCY4hYHMmyEif']
['removed token due to low token ratio added to the lp pool:  ', 'BZjrMsLGyp85h3osHtrkEYEj97hKhhdncek4mzq6zh8x']
['removed token due to low initial liquidity :  ', 'HUTbvqUapoPrNddUBMF95hjgSKssxz43qxAiLLDn6UhY']
['Command failed 2 ', 'AQTJwFXtD5W5tDpYytdhQMAzNmUyxvtD9rAdiYZoQRT7']
['removed token due to low token ratio added to the lp pool:  ', '3PbJhhgHptHgmEFULPZ8S1LgQrC4j7vDcDuiTACos2QW']
['removed token due to low token ratio added to the lp pool:  ', 'F161PXTGeW3kNacRZCfLDDXkLqpmXEfR3xVdXVx7AP9W']
['liquidty removed', 'GjovqmuzCxFLhtdRtj3yVsatGyAQtEonE7472ydrzm1A']
['liquidty removed', 'D5sEYkwrmZZRUGCXv2FTR4kMTzRxNPDbKCdj5Pj9ETCN']
['liquidty removed', 'dMakYUCZwhoKRaHqMFWWAAcr62eEHrFkPXTUkb27Ujp']
['Command failed 2 ', 'APinsEBFH1zfBgodCThj4kmZMRXeEDwRWSUBoY3rUTTr']
['removed token due to low token ratio added to the lp pool:  ', 'FKtCFnc9U5fPoWzNdKNrPYjrjVzwQEfUsi2TzakTCq7w']
['removed token due to low token ratio added to the lp pool:  ', 'CComLYcXr6wBvZ78jXtDofrZrDedQV4pw38PotGP1c5a']
['removed token due to low initial liquidity :  ', 'EDm6dmgK8nJ87DqxdA1Y3BmaEKCEyqpfRdZrkwfk3MNG']
['removed token due to low token ratio added to the lp pool:  ', 'deMCD5EsabBLTpANd7eb8BnjSku4hFimQBYVNLTCDGY']
['removed token due to low initial liquidity :  ', 'EVHcPBK4g5YUAgXmUz3jJJsTDeHyqb4QxTse9RcgRq4V']
['liquidty removed', 'Hqv1Z3F3DqYbGyCYwbCmJwh1TCBGGFBRQSXKAiYemgY2']
['removed token due to low token ratio added to the lp pool:  ', 'aSuCYWticmgL9mjkf6T7SXWWibcTbUYzpUmD6kXBDsv']
['removed token due to low token ratio added to the lp pool:  ', '5dK5XY7UkhdcnaViHDPteVSy2uXwpQtHQKqQDxyp9KEq']
['liquidty removed', '6J6bFqB178BFJLWgeaWjZgbeBEWV5SN8ivSegqfJxGyQ']
['removed token due to low token ratio added to the lp pool:  ', 'H3zHicot61B96gfXcCk1dAzMA8kqFwWJ5TGSnW1K41ER']
['removed token due to low token ratio added to the lp pool:  ', 'DqNgHVCkaXBrgTnHDn1xjabwfJsZvxS33hZrLUqi9Mdo']
['removed token due to low token ratio added to the lp pool:  ', 'FHQkHhevefuoT1PhLpynhDve2pafQGAVAatf6a9eaqH5']
['removed token due to low token ratio added to the lp pool:  ', '527z17U2YRLgGAyg3XrQcx9noAWAqSjTz8vVTMdRkYqe']
['removed token due to low token ratio added to the lp pool:  ', 'hqazEU2Z8bjtdneKVdNx64zH6iw18uCTPiScy5qspPf']
['removed token due to low token ratio added to the lp pool:  ', '4mdMTFWQZ2JzGPjkkqgD4DE83hiAxAiEAnjShYnRcfky']
['error fetching burn tx...most likely removed liquidty ', 'HLh9mGkezkQfi56j7fttTWavwpaXc5ZZy5ooBVFvoGU1']
['liquidty removed', '4f11ivDPsSYNTb44zsBKHt4yFFeDJ2BC6exMdFK181ng']
['removed token due to low token ratio added to the lp pool:  ', '6suWLY34JgvzmSd4RpmqLEXZcC5uepXVrGdtskjH74tu']
['liquidty removed', '7jwVTvmEDVCcGj6jnjc3NkoikCiGiYffDTKfEY8sE3QB']
['removed token due to low token ratio added to the lp pool:  ', 'AT2YZCEGX2ZkiWjfhcUitNmH5QHSu8NVw7j6RRY6KCJH']
['liquidty removed', '7UfSwx5av8fETnCKemgCZ88ytyK5b3gWwfVfmk4SbmR2']
['removed token due to low initial liquidity :  ', 'Ecpw6U9UhqsnbWu3gJ9USVzktZBcK1uSiMWpGWe8dEW']
["removed token since it's expiration time has passed ", '9X1ANaXhCh2RxGzJTkiuSEqwr5yWQUVERpZdYWhE7rFt']
["removed token since it's expiration time has passed ", '6NjQWLSrfJ8BCAoj8mj1dvAutv1hUyZGaM3BgKwAtdEv']
['removed token due to low token ratio added to the lp pool:  ', 'BjjpPzpNvmGadh8AJQi1UC6FQpa9JHNkucrP6tJnt6ib']
["removed token since it's expiration time has passed ", '33Eft3KAvcTyraFJTq3g2bgxDybmtEWDMt3RC35nYX7V']
['removed token due to low token ratio added to the lp pool:  ', 'Fctf8PAxQ11tCdvQ4JMgU1WExBSwDZpLKtJpESWrveeN']
["removed token since it's expiration time has passed ", 'Y3afX5vA8jkzehBqWNDEHWBmsMo1GrXr9LC7mYbnJYZ']
["removed token since it's expiration time has passed ", 'DrD6EsYu5eLYGuvSWLxZQwpnctyA55kfVE2L4USVv4sg']
['removed token due to low token ratio added to the lp pool:  ', 'BwBbFnu6mnFdZWeWsd6hsSkSCscWKWMqySU1T3WPn1TJ']
["removed token since it's expiration time has passed ", '4CKKcZUDp3u8YFqgZ8PuiLhsXnBsXmQXQVqk9fk7HSpu']
["removed token since it's expiration time has passed ", 'AVV7Vwz5RYH27gzoi3R9GqheiGfWq5t3sjn7NAckYhPQ']
['removed token due to low token ratio added to the lp pool:  ', 'AuRfZVVj27Xp7vT2uFXtx95JVtZ7J2mVXGAApfeKAVpd']
['removed token due to low token ratio added to the lp pool:  ', 'AkdLW8Wf3MNYY2wvpQdbZaqxjgqNaNFEt5nPnLXPdh8x']
["removed token since it's expiration time has passed ", '2jg5SS3uRZvWbJfqVWiP5N9r8XariHrDTFuiBMjr8tWQ']
['removed token due to low token ratio added to the lp pool:  ', '29YUgjeeToMGd6RALU2HdGQzQ65sApLcoHN4yFrtUYtU']
['removed token due to low token ratio added to the lp pool:  ', '2utag96bc9qgb47KQ2Situ4k56ZY2jyJ3pVu1EJpc3QK']
["removed token since it's expiration time has passed ", '8S4KSgefmASZB8PTnYajMVW7T16bgiALQH1HRevgzuE8']
['removed token due to low token ratio added to the lp pool:  ', '56BPr6My5cC2j2ZDc3MkjEArAD2oFaj6fQD7NMBPZ4Fb']
['liquidty removed', 'KetU1WtcsHhJtLvRFrn4bNPquw455q9pQ6t82zcdEC8']
['removed token due to low token ratio added to the lp pool:  ', 'E8rJTuAzNiwHx9orf7jokXx6EzvHhfVtonHEoqk8rLFu']
['removed token due to low token ratio added to the lp pool:  ', 'FMGdpJ9cU4QRcg6XttJhGnNm1zvxpRyYu7MpkzwvtQXn']
['removed token due to low token ratio added to the lp pool:  ', 'DskTzAQzoDrVZTLs3kue8CkkLCuWfY34UzbE3eHtomft']
['removed token due to low token ratio added to the lp pool:  ', 'hqBc6SfX87Hjg16SnvHj8kkXYfcPf2q75cMtyjSQySi']
['removed token due to low token ratio added to the lp pool:  ', 'GeyEdUmqsKFJARGqUVgJuoqoaFZ6BU9VhSeasvngFdht']
['removed token due to low token ratio added to the lp pool:  ', 'HrNzJ25K7HPRAULranaeTfPjF3HTAcgu3iry1CBMp2NY']
["removed token since it's expiration time has passed ", 'AiVTAzgK9LZkGr6uL9wTP8CFAxc6AVdoPGjyKpjWHXF8']
["removed token since it's expiration time has passed ", 'BnR4eZ9bRbCzx8Zze2PgNwtpbKTT94shko6GCUq8wcny']
['removed token due to low token ratio added to the lp pool:  ', '6VysS7yW4nCHT6rhPMdG9MEu4nMa3LWaeucLXGMgcdAz']
['removed token due to low token ratio added to the lp pool:  ', 'EpVrBp1Ze5XjAnUyMerv5TaVgpg9JKYwHnuANnKzGFQ3']
['liquidty removed', '9ukJexyr1cKGx8s8KEKaqgAnLxL4SZa3SGsnnFYW5Lgh']
['removed token due to low token ratio added to the lp pool:  ', 'CaZCJZYdDBQ6tcm5ny8rsRaFKnRDt9iMFVTfZgesTwaF']
['removed token due to low token ratio added to the lp pool:  ', '4cMN5wnYatYqH1V2He1EzoT8nVx8jHHYRr3mPdir74mR']
['removed token due to low token ratio added to the lp pool:  ', '3vKo7Gr6zq5irMx3iWS2MbZfEihd2XWKz5Rh7uXrUqd7']
['removed token due to low token ratio added to the lp pool:  ', 'ANa2HBEd4TDm8AWQwdzaPdr3RLhx26VYeeoZENHHzmo8']
['removed token due to low token ratio added to the lp pool:  ', '5FpUR27z5wJnCReNk5VRTngwfFp4zQxxfxMVJuiSfPk8']
['removed token due to low token ratio added to the lp pool:  ', 'GgBtK6hDHyYvor51Fa5GD9FixHDYJVQZTRBtWhFkL8pV']
['removed token due to low token ratio added to the lp pool:  ', 'FYv3GiitUrPQadbyV7huVFV1Xj1m9CygmGoEDdYGCJXW']
['error fetching burn tx...most likely removed liquidty ', 'AnGa1CFd1pWchEbDNHUWuvMmhrq7Z4pfAAn6fo4zrDzx']
['error fetching burn tx...most likely removed liquidty ', 'AnGa1CFd1pWchEbDNHUWuvMmhrq7Z4pfAAn6fo4zrDzx']
['removed token due to low token ratio added to the lp pool:  ', 'BRUHRN35vcGAi2WzRQj2W6LwJY5zVzpqeCV8CJCKoehY']
['removed token due to low token ratio added to the lp pool:  ', 'RTXbJwvFsxyfb9hQBdiH9xAKJhLtp3A2cHF8wphLLxz']
['removed token due to low initial liquidity :  ', 'BqVGJzqf1Zv1jksUxaovnpgCLUErUuQcXGvX8LJa9CKv']
['removed token due to low token ratio added to the lp pool:  ', 'BuLLn6F8BEN8U8HcpQdVcUTPTFLRetj6VbxCPuDPG71o']
['removed token due to low initial liquidity :  ', '6p6ozBUg2yPAnv71PpXeeXYSHuffsqr1NWuu9SbDyWzZ']
['liquidty removed', '5BqTCuMuJMtQNs972o6cYwhhLDRMQsUqZMRmnp3QW2mZ']
['liquidty removed', 'Eab3d4GuwXonqHqZQEk5iYFPxFvjpgjtiwbYPaT7Kk1k']
['token sniped by dev: ', '7QUqDzGMF77c3HvWKChWUjNRC49mz22K2ZEWkmwgaD61']
['removed token due to low token ratio added to the lp pool:  ', 'HfQuaLjMguh7vyZqqrWuVqpsjQd7tAPrzBWKqA3pDTH3']
['removed token due to low token ratio added to the lp pool:  ', 'JD6LnsthLPGe6WsoD8pQJi58kY97wVhtpN1kv6W9k3ux']
['removed token due to low initial liquidity :  ', 'GS66sCRdR3tnSYCnJy2AeRjHr3mwFxQ619hjRFBaxn2m']
['liquidty removed', 'CqLcdcFzT16EqLSCpjVpRYyubguAz8ufTgBqyJJW9wVx']
['liquidty removed', 'C3tg69TyCA1iP6LE7zkF3XfmhoVP1mwe5rjdu9bvEqS8']
["removed token since it's expiration time has passed ", '9caFQDAKBShTDDyNmQ1KAszLpefRoPMdC3qkRSJguQVC']
['removed token due to low token ratio added to the lp pool:  ', 'B6tW3XuBi6VDTmcixxLfCe33XLZEkwdiR5RZZaxKgQc6']
['removed token due to low token ratio added to the lp pool:  ', '6gTb1mB7ssvT8tMJr5RUdLnJKsJtt5WKuL5dYUvRRK2V']
['removed token due to low token ratio added to the lp pool:  ', 'FJ3Bxf4RzdL41fHHBRCrXJxYWeKVchZAWgPAHZfFrCQA']
['removed token due to low token ratio added to the lp pool:  ', 'DzMyzjvdjn4Aob9ekEiWRFpq4ZLWZ4PMoH9Vwp1ujnkw']
['liquidty removed', '93fkj2A39YGq5Thf7SZ8VgzzYhwUfgLae3ifcUz7TP7Q']
['removed token due to low initial liquidity :  ', '5vPNxAT1UFYDM2nfGoT8qXJN8zmCMrEahE1pZT5Hh8BF']
['liquidty removed', '52JEcfz2VVKZMt9oVjGhF3dX9TsUW69oah1a8PwuM9C1']
['removed token due to low token ratio added to the lp pool:  ', 'yatTom8i3EWHGKBQKj244kcQnPjBGzUBS98fvws5zz7']
['removed token due to low initial liquidity :  ', 'GJsVS25ra4D2ZLimHvo22gndAhvb2HyLPUwcS49t4k1U']
['liquidty removed', 'AUvyuAwkyDV9dEem6Gvj1PmhUGPuCf5dHLx7oCqAYQ6B']
['removed token due to low token ratio added to the lp pool:  ', 'ifSpTQmCCAG7JKh1K3YMhgUvi8g1aEVzrwKgRyA7V3f']
['removed token due to low initial liquidity :  ', 'DCNkuqD9dqDkPJkBEcAmw1t9R8rkpFNStkdqdtJMRG8J']
['liquidty removed', 'EiqKj7PWFWvGgp6Ad9U8qrX72da9wjhWR4cieJBJcQsX']
['liquidty removed', '2op6tmdasju8t29xBG9ypkzmktknTY7nALJ2ifcpwFqj']
['removed token due to low token ratio added to the lp pool:  ', '5TPYbmrCkDwpPNGzfc6k1oGfJXhGNg4VM4DERG7MqzQN']
['removed token due to low initial liquidity :  ', '9z8UBpLSuuVKkNTpMva2BE23BUM81dqXzWysYrb3ZQqt']
['removed token due to low token ratio added to the lp pool:  ', '626zMNaVjDggswvZwxRZDea7A2PMnJrVtx5rVYhPQAg1']
["removed token since it's expiration time has passed ", '3BKuhktyAGXYQjMZPjRJRyYTcsjQ2iGFWpWoopZmbnuU']
['removed token due to low token ratio added to the lp pool:  ', '98Kh9R2YjETmSLyesCoEpSHYaFsFsvwLW4QHHrG9qjhJ']
["removed token since it's expiration time has passed ", 'FyGVZxWgAj8e87E7CPbEVAHA8Hsh1QTrcTEz6agD35gM']
['removed token due to low token ratio added to the lp pool:  ', 'EWv8EXhsuFtuETcLf7PLZmGzwxhbGekzoDTR8z3wG1AK']
['removed token due to low token ratio added to the lp pool:  ', 'Y7qvtS1RCJ8q4Zc9yxgnCGuwQCrWHehDfGd59FEwdGA']
['removed token due to low token ratio added to the lp pool:  ', '6Ssph9PV6fWM1sknVTZQ7QboVgvcTkKvJ8QRHwWx1XGu']
['removed token due to low token ratio added to the lp pool:  ', 'EXK2hmxTQusrCE9QpAXJ6coHooYCewsZUhhbsUtW53No']
['liquidty removed', 'DKfnVZvhbhLtPrGYfZdYECPhQFg31N6AfM1Pb13j35vP']
['liquidty removed', '4qdG763MkYNZ87HWx72MiejMi29G64Zo4sPSXdV2hR5A']
['liquidty removed', 'D9Uwcn98X31V9k8ULSxDjrPaazngkEfVdF1forsDbNT']
['removed token due to low token ratio added to the lp pool:  ', 'DhpPVgE51MNjQ2zvBvK3SuE5e1aSf1HbzKjJNdQKjpqg']
['removed token due to low token ratio added to the lp pool:  ', 'A51s99MdoWGQacLzpnQprWT4xGMyUtBBpzXkxrcqF2cB']
['liquidty removed', 'HjePr4LsW6KCLVNv7WuQgWeDCfQHaQGpecW6EwgKjBjk']
['removed token due to low token ratio added to the lp pool:  ', '9WZ7VGuuHpBs7f1PYYj2q4QtKcvhgib1BA85hkxzF83o']
['removed token due to low token ratio added to the lp pool:  ', '22KQHze9X4bZCxfVC88hs7mafD5cvkRdeyzqhmL4fEci']
['removed token due to low token ratio added to the lp pool:  ', '4sRuSJ4zGXvTUXkNeVmR2DuNmsLw1f8zAwiscRoz2X5X']
["removed token since it's expiration time has passed ", '3n7PZnBj8aPGSpKm95R7HfpDyLvtLxesse5B2tRjYSpL']
["removed token since it's expiration time has passed ", '3skLXv93KxJLCLLX3qRaZ9afH2FYEXhxmR1X94mvxiYh']
['liquidty removed', '9C7QaeJNxKmEeWUg2kypTn9Luc4KDg4caekmUyGFA157']
['removed token due to low token ratio added to the lp pool:  ', 'CjkRebsHwGEoXKUGKzt2T1TG9uacBbqvjcJuvEgTuMJ9']
["removed token since it's expiration time has passed ", '8DL7W391qcgUbtieJ3dBW9n7TAZMA4b9SLSny5Pirof2']
['removed token due to low token ratio added to the lp pool:  ', '8BB1QpPBTPTEW5XCsW8yS1reSBzmHWF57avQsdfjZUNs']
['removed token due to low token ratio added to the lp pool:  ', '2kdKMZoUG8GT9Be4KLnqfuLDk8skD4k15h35nYBA4ykD']
['liquidty removed', '9wMonASKUKqmJEkjapxhiDJTGYKBogvHSUFDH48kg7os']
['liquidty removed', '37LLvuHuM77DnsGgpArJMRjrMg4D2K35Aze5Gdg89rmY']
['removed token due to low token ratio added to the lp pool:  ', 'J4tNpGdfaQRrRzFfiFoo2BL6LG9k5qDX6Pi6NT99md4b']
['removed token due to low token ratio added to the lp pool:  ', '2QyJohZ66AuBtay2oWHwGfUiKt4NUxrsNjMXV9tgLkkC']
['removed token due to low token ratio added to the lp pool:  ', 'C9C3NVPhdD8uHbzozGTMrQA2aqwqG7h59oDFjz7yVKe3']
['liquidty removed', 'Bx1SGPGzYMXyaiaLS5tD79XAKGhdNS4wqCtNRSUKnyM9']
['removed token due to low token ratio added to the lp pool:  ', 'Gy91kar9Yp2xrnMshg8YDi4tfcxGmvFaw7DNLhzz2F2u']
['Command failed 2 ', 'AxRLuxxaRQuhpJ3SbRdAHwoGTftZKiVG3bHtHccy255g']
['liquidty removed', 'DZSHLQsWL7QAWhECd5d1BxagGwqpUGAeuEqAX8kDVU5p']
["removed token since it's expiration time has passed ", '4B4HcapComQ81tdbvk1sKnr13eCF1dJsai8rNThAi865']
['removed token due to low token ratio added to the lp pool:  ', '8n6yCYsEruWwUNnxAd9WDWWpkfRxdK12k4vUesaG9oV']
['removed token due to low token ratio added to the lp pool:  ', '2UPgDaU5fSrasnB9mDAssfzBgBNHnEuFmJboh6TVTUMF']
['removed token due to low token ratio added to the lp pool:  ', '3ve1axWhBxgtPYuXV3qc3utLFituunPAYDXLmUfeQRRK']
['removed token due to low token ratio added to the lp pool:  ', 'CPAJ48SVouim9vKTctrViQnaPrmvppheVYeC7tKasbpc']
['liquidty removed', '2zybyam1hJAYSKPkCsMdafwPX22gmEL5DEwX9s3FVC8e']
['removed token due to low initial liquidity :  ', '3q65ifCnT43VnmcC3ByjpCoo8eyrmskBGbCuTKNPirEq']
['removed token due to low token ratio added to the lp pool:  ', '4szVBXCeJtLb1iXdQ7RLtetmLLDzJ5HfxuoADKvK7aVA']
['removed token due to low initial liquidity :  ', '3Jsmj96h48bQzuBmsFJFTyYt3XvYLweA8Y6tMgGB1GmA']
['removed token due to low initial liquidity :  ', '5bVqMTiGkPqrvSjUeFwjuwZve32qFJvNxxy84jVEQiaF']
['removed token due to low token ratio added to the lp pool:  ', '9fhoV9XDEFDsuMLbSqAs9adh2UDndWVpfenePmiQZUch']
['removed token due to low token ratio added to the lp pool:  ', '9g9bRKAc7YjQgRHck1L13MDLS75JjqxFah26KNt2yVep']
['removed token due to low token ratio added to the lp pool:  ', '6pKSF1jEiykqJeTm2cEcz2MA1WMMhGiKPpD9Agkfjo65']
['removed token due to low token ratio added to the lp pool:  ', 'AKwtd1wimi1BhAgH9cLubUPStDnjz8Yh9KhctkR6tfnK']
['liquidty removed', 'asdz5TAHiEoCqr8d6kU3FcohLcf4r9TQwZ7qoyfXirM']
['removed token due to low token ratio added to the lp pool:  ', '6uLQn5XjwLVSgSGhtRNQZMWnEeaZJ1vTZ7BMKj51VrLJ']
['removed token due to low token ratio added to the lp pool:  ', 'crYtZPCt9nkeLQDy72m6pijv8CyjxYFGhUvjvc6rpME']
['removed token due to low token ratio added to the lp pool:  ', '2RaXn4CS1RXbuhfhpKSVLM7ULkKC3QFWd8xUnVz5k174']
['removed token due to low token ratio added to the lp pool:  ', '7gQKe33G8vEZweiFtDMr2KWRsXF5MLdgM9V3gBg1B1RX']
['removed token due to low token ratio added to the lp pool:  ', '35dpCYLQUfJTkqgQvL1Moz2WdqGw2y3KjJa34MjsATzc']
["removed token since it's expiration time has passed ", '9RwvsntRUA8azcY2diKFKCAiDDEjVj4puopwx1jFJCVh']
['liquidty removed', 'HXCpJznCTw8Wd7X53r4CVePiHjwdmhy8TtivMoWH24fc']
['liquidty removed', 'HXCpJznCTw8Wd7X53r4CVePiHjwdmhy8TtivMoWH24fc']
['liquidty removed', 'L7KcZu3xpmGcH35vyywVJCRswLyKmmjkJGESv3C6CjS']
["removed token since it's expiration time has passed ", 'UjdLWBrTHEXd6aNi95hqrJFs2w5u8mGxkE18g9aewVN']
["removed token since it's expiration time has passed ", 'FSX4yirpYmNDVUiYTtdZ3cwoMW26WUJy3qCEFQAm5YiP']
["removed token since it's expiration time has passed ", '6reWQyNnYW3UUMDqWV6QtSjQSBrnbrazegfofPHPFPD5']
['removed token due to low token ratio added to the lp pool:  ', '88U5mdoJ9pbbzm8D2tMWC6LoGG9n642Vf9mJVdAs5XuQ']
['removed token due to low token ratio added to the lp pool:  ', '72Hrk8VgZXpJTK3Y8G4PcKQ8CWmNfZCXPBSmsnSEffYH']
['removed token due to low initial liquidity :  ', 'ET7mGV4vyYLyWxmezs5E9xD6NkEWSGuN3hUQNjU9ko99']
["removed token since it's expiration time has passed ", 'AS7EqYXj5ybtkm9dKzVGfE4eiseu3YETvD4iRNfbfvQV']
["removed token since it's expiration time has passed ", '2jNBQJu5YskNzygM633Wq8PWDYicycWTyijn4GzASo2j']
['removed token due to low token ratio added to the lp pool:  ', 'J9hBnna1TMySX9hA3FgiC5xYph5pYHmcLVq2Sp36hDkz']
['liquidty removed', 'DK9XKBgjsTxABFqeoMNQykxc2YLFL1CRifrkjJcYEg4F']
['removed token due to low token ratio added to the lp pool:  ', 'BEDDxctWpoY4LAvBK2Vcyk8YJP2XuRKAVXr1TH5Us69f']
['removed token due to low token ratio added to the lp pool:  ', '7yLFTsg7PNdVicFbpZK14bsy6aFPLKpdEBWDQGJVVeut']
["removed token since it's expiration time has passed ", '6iDvij2wtRnTc2n4QACEpfJxsnDiwW3obu6cgNKJd971']
['token sniped by dev: ', 'ESbo8MCBon1L9Kumc1yvC4zopWpaQUSRjTiGELhdnRwi']
['removed token due to low token ratio added to the lp pool:  ', '9EPZt9yMhWF8EVbebxVjHthcgmWKriq5y4VYZcNzbXQL']
['removed token due to low initial liquidity :  ', '2NAbrxogjQ8KTycqJBkugvsf5rtBxLuynVtK4dYRrZZn']
['liquidty removed', 'CvQtJLz5U88uutkYYf5wbghpVoESwn1xhGK8we6WcK4r']
['liquidty removed', 'Gg7yMsu9t2HV4DvZphYoNrYSHrW53kRCZjDUwsAFSULa']
["removed token since it's expiration time has passed ", 'C3a6bD2rCzi9fEM2hfi1D7zhNwBEaZkohnzGQpJXfW8p']
["removed token since it's expiration time has passed ", 'DEUg2vW5TJMUtHRR8tZWrWKBi3Vdtt5NBoTcJPyUyYi4']
["removed token since it's expiration time has passed ", 'HXWBhrLhwYenBN5DqsKbPkYKU4Y8GXNXJFFmqxkfGxzy']
['liquidty removed', 'HYQNNMS2czDaCfcBMza5ZnDGSaGwk2foEpBdDkeYnF3m']
["removed token since it's expiration time has passed ", '26hdxZ7dtDX5sKHcLQUnHQ5W1C41anT5LVDc24fV5XEP']
['liquidty removed', 'BanKnCbs9qRcuF7wDBbmmgp3xbRU888e3vUnvg37bhoa']
['removed token due to low token ratio added to the lp pool:  ', '2UNuS9UHJoStWshCLcb4dXB9NPKzXz3otGk8NLS368qV']
["removed token since it's expiration time has passed ", '5MXBtjTjziJvtN2jhCYEANvVKYDNd37Yda4tN4wPLKki']
['removed token due to low token ratio added to the lp pool:  ', 'Cfb163vVY4m7Hduaa2ueJRrsbyMBHc18LAbubzuUEVd6']
["removed token since it's expiration time has passed ", '8aKrigdMVbnHRcRPKF7V48XVDwEa48tcL8aBPj5whkp5']
["removed token since it's expiration time has passed ", 'C9a5t4EUxsXTgN1372oqqwKrAcg3ALqYgnx6qzpLAnob']
['liquidty removed', '48fKrKgX7E8uMMBr4FXP28tsegddiiw3wxMr1t3N2fqe']
['removed token due to low token ratio added to the lp pool:  ', 'HTAECjgTBAnruwER8tGdiNAjvnjMTZKB9nXsJLiP7Gxn']
["removed token since it's expiration time has passed ", 'EPipuwHWtTz4aGbLHtmPmmnxYvjH2jmiKo6fuAScpuPe']
["removed token since it's expiration time has passed ", '2xF4dobNrz2jqzTud82ipVamnZQADTnvfY9P8absvFbC']
["removed token since it's expiration time has passed ", '6txbZWiZ24NtK55Me6E8DXNNDYpoBD8RnbgkTmdf3cE6']
['liquidty removed', 'VhEwmMhH4BLofumRGfcJ8xu3y5X6ZfvHzUzz6q45jrG']
["removed token since it's expiration time has passed ", 'AWuwk5oHGeCMMu1HLonA1x7BXFxoQ48qPw1ZxTrZGkxY']
["removed token since it's expiration time has passed ", '3s2A8yvVktE4DoVKZGL8G7GKhL2DHukBEcrdzPh8QHQS']
["removed token since it's expiration time has passed ", '76KYUwapMjreon2PmCdmH5TciAjpX3EiRCoHhxS9Brbp']
['removed token due to low token ratio added to the lp pool:  ', 'GW5ZZNFNovFrXEkLeBepUg732Ahh8m9ynMQ3AjygK7aM']
["removed token since it's expiration time has passed ", '8iBMBnMdE7KfZ2krtxZNT2x2pAMfp8EQ24sSF3asRNmi']
['removed token due to low token ratio added to the lp pool:  ', '4E4QaYrteJWoRvhdMbZd2a6uLpDfn7iSzPtVoaVx866h']
["removed token since it's expiration time has passed ", '9tMqymyzmmp3ktKWDkUuSfs1BsxdgjrTGyDwEo9tNh2E']
['removed token due to low token ratio added to the lp pool:  ', 'FH245MpNJdpXtSouKB8i3Htq46cFuarnqYGMmt2WA251']
["removed token since it's expiration time has passed ", 'F1mqZbEC1MDTofYW5m2HdcvQChRkM8GX4KZqNWLhKdV3']
['removed token due to low token ratio added to the lp pool:  ', 'BubxG7wMt1gpigTqgnU55tsszb814mddvpfhzQyYNMfb']
['removed token due to low token ratio added to the lp pool:  ', '8pBkrudMECVLdD2nV2F5t7F61bdhyJpN98skFHL4p5uS']
['removed token due to low token ratio added to the lp pool:  ', '22MHmpChB3YLvbdb192LeQA9hvqomDHKradZ77KXMM7T']
['liquidty removed', '2ukp7xHo4EZj3eFn2w828jrZpsW9Y4VUR8ZKP1e2Y7nQ']
["removed token since it's expiration time has passed ", '4a7vVfYme545itft2VLkgCzfkybfwxmrz3K9acRDVCiW']
['removed token due to low initial liquidity :  ', '4ansXbCF9rq4CVLQ6FvzqE8u9o2PiEy8A95q2bHi6zGQ']
["removed token since it's expiration time has passed ", 'DkVVuPvmZYFYtWW24A65uEXbZtpMLgTB4qT9BYuNsU5r']
['removed token due to low initial liquidity :  ', '4ansXbCF9rq4CVLQ6FvzqE8u9o2PiEy8A95q2bHi6zGQ']
['liquidty removed', 'feg1kti5ct3q3a1ZMsv1SCSidbCxq2789GKW8hVQV8w']
['removed token due to low token ratio added to the lp pool:  ', 'CjtjMeHHaY8Pqd1kjDCzoeDG1mC8g4Qyv5GozFaXNxkZ']
['removed token due to low token ratio added to the lp pool:  ', 'FAsjj6buA8rh8khv1TrHdEqPgcbE2Z8yKdR3WdUc8dGv']
['removed token due to low token ratio added to the lp pool:  ', 'UnGzYYY1NPLbgsPATDAsyRhMCrpVYrmhX1ZhV5Vwayc']
['removed token due to low token ratio added to the lp pool:  ', 'Ee5UmrFVGMdjNSuHriiJvwav3WDj4hfor4mLw2H65Zop']
['liquidty removed', 'D8GrZxNPPHqvud8pAuQdi6WZp4AqLwstxGRxQ9khEyyH']
['removed token due to low token ratio added to the lp pool:  ', '2KubCeY4Mxbc79TvwNzP1cTvMJ4MAZmzjqcz9T6qKC6G']
['removed token due to low token ratio added to the lp pool:  ', '4cETGaWNF91JZAJvFBfY6kg8ARvYdMYNqVV1T48bBCSG']
['removed token due to low token ratio added to the lp pool:  ', 'BEcpPwXpgCU8QJwC8hRAYQGF2PQQNw3RyYg3PJA4VcGn']
['removed token due to low token ratio added to the lp pool:  ', '5Z9tFpvP1mceoEHihZ5XS8rFo6LbAEA9ANYqsNGGKwK4']
['removed token due to low token ratio added to the lp pool:  ', 'Bz21MfLsuGVfiktAn9UdBeW7LHS182eByjEzbhpHPbtN']
['removed token due to low token ratio added to the lp pool:  ', 'FVKL3XrfEBwriFHvMQqfuVeLie1FHeJXCfe7znBSedmx']
['removed token due to low token ratio added to the lp pool:  ', 'DevH6SBFjVQDRTghBdVFJVQBJMastJAJTEzXimD8rpct']
['removed token due to low token ratio added to the lp pool:  ', '8MurowSF9a6CqmN2EncWSuNZ5XKCRg1jEXszp1oWxUPV']
['removed token due to low token ratio added to the lp pool:  ', 'FMWN3ke5xXhpCVNJfvyfw8c1RQu925VDT5brQ3VW1jKG']
['removed token due to low token ratio added to the lp pool:  ', '3jFSz4urcH2MuTFYTZH3cz7HYFVyZNrogjdLy2Bz97SD']
['removed token due to low token ratio added to the lp pool:  ', 'wzSLeYSq3Jfsp28binNb48m3G4Fn9VcM2HcaStPnizc']
['liquidty removed', 'Eyz2kwF9KKYFs3w4Wr9VMrMKuro9oyE7HCQiny8n3fSo']
['removed token due to low token ratio added to the lp pool:  ', '748Z5Ao2VxdASz6gRSj2LRJEPiU6TCYyqmMZSqeJHGj7']
['removed token due to low token ratio added to the lp pool:  ', 'BTiVMX8NEoWsBweGmXHdoRjGMr6feZVSKt9GehskZUB8']
["removed token since it's expiration time has passed ", 'SH5h48cvoPFWN8f3ApHWqiXXUbHXQqZsTJSjrFCNaRb']
['removed token due to low token ratio added to the lp pool:  ', 'BgJ3wJkwwH5AoUKoke35HaLEvT4nL4xGSN7VRBqhh8dc']
["removed token since it's expiration time has passed ", 'Gd6YmLxMB3fjzXUdPtugJbrRSYoMQ3EsjvBVvrndTuds']
['removed token due to low initial liquidity :  ', '7My8dtGuK5x4LturhGkMfU1azGGPSmh71AHsFCGASEFC']
['removed token due to low token ratio added to the lp pool:  ', '32ZQ7U6eUUkriDj62252pw2ZAQaw8F7rU27BSYNf1mJE']
["removed token since it's expiration time has passed ", '8EYmAb4zpiQ9LTKH1SwtPmnvJ7Zw5FqtrNwTrwS2nzAL']
["removed token since it's expiration time has passed ", '6WpFWMAqKSP9cymyWzdhRgqZWTmkVEiMmnXQtys6h8fN']
["removed token since it's expiration time has passed ", 'F9AEtrnvYVAbybLs2pAg4E6Hg9DyxaULpZ3qwjrerbKG']
["removed token since it's expiration time has passed ", 'FGjZVKtgMCcbFBp1U8LPtsvCVfqrbaCxkqAHVX1wFGSn']
['removed token due to low token ratio added to the lp pool:  ', '3hr3Zpt8Dpn3Rtbrq4ixVuzSH7eeeJLHknzqRJZfcd7M']
['removed token due to low initial liquidity :  ', 'Afho3UrPzopFyWgUncNQabFuyBf7FAHjNbDrenbBJaLm']
['Command failed 2 ', '27oyrVajpT5kmBAxjLGWdRTUTnPsoRxvUe4hRTGEJhDs']
['removed token due to low token ratio added to the lp pool:  ', 'DTdZ8o3XmPALWHxXWiPXYNNdHPPGhVvGeZDMHyZ6Sf6w']
['removed token due to low token ratio added to the lp pool:  ', 'CJUCeN86N4L8WePQbcnvZHHwvAbWDX97kAZczoJ9ZCms']
['error fetching burn tx...most likely removed liquidty ', '2jb9PnuVaTik1BC3UYyAwUXuQjwNdBC3Z5hSCiZnPKZp']
['removed token due to low token ratio added to the lp pool:  ', '9FBWcU1qtZ7ay8pXmT1eFGwSXWNi63sroY8ddXM2X2v6']
['removed token due to low token ratio added to the lp pool:  ', '2dPv3nEBbgaWHB4XXhK2CAtsD5gxtMTUTZTQTWA6dRtb']
['removed token due to low token ratio added to the lp pool:  ', '5aY9gcSkHi4KP4DBsprWGbjRujMwPLK2dBjrMQ3bwyVD']
['removed token due to very low amount of  tokens sent to lp pool ', '45maEa4x6JB83GZQCyd8ePfAyubDHHvMMj1s8iSC2Sdt']
['removed token due to low token ratio added to the lp pool:  ', 'cEkDFhc8f8UyZYVDHhLJAHJi8YYT6bU9rKwExipER8y']
['removed token due to low initial liquidity :  ', 'FxzkUcmzAhMBtF14E2eaJS2Em13ZniQd1TB6n3FiPyBQ']
['removed token due to low token ratio added to the lp pool:  ', '9WWLViyWv7MtYDgPRtUk9kAGGfKnGxgMppEDKnK1kbCX']
['removed token due to low token ratio added to the lp pool:  ', 'HUosyuycHXqkrmEDVTFJJoa8QiWRRNruY8bnfHAAXPwX']
['liquidty removed', '6tn73qQ5kQxkr24w9uXP2M5g8EThwXjvqEwctn8k6ZmF']
['liquidty removed', 'XvCuasJuoqAomXGBM2GWVAXhwvjAgJukaW2pFECPmC6']
['liquidty removed', '3tzgLDnWf6qCcSt4qhNT9pRA7BuEmCr1xneu9nJ5qVLz']
['removed token due to low token ratio added to the lp pool:  ', '4doHFURLPdgjHvigLEHYLHtHnVkUezbhftE1cbWjGjz2']
['removed token due to low token ratio added to the lp pool:  ', 'GMSHnqL2CiKZoEvcmgFyKVGa9pePMVFjob5FXRr3NNT7']
['removed token due to low token ratio added to the lp pool:  ', '76HzGP39N57c5ySXu3nEvvr8X8rihmBWQmkAoRJCJ3WX']
['removed token due to low token ratio added to the lp pool:  ', '9xqQm52LxiATArhFJv7boZh6HkHNCRD7P9xmDDyxJB5M']
['removed token due to low initial liquidity :  ', 'uzFpePnsRC2mFd8fhBVxT4DkCQUeY5mqdjRapApquVn']
['removed token due to low token ratio added to the lp pool:  ', 'GyTTahfMwfsa5Fcjwt5SUHFde1Y8q8Qsu8RWyYqqZQBg']
['removed token due to low token ratio added to the lp pool:  ', '5rCo8YdBRPM2vLgStic5Pizd2g51GNJ22ikdCRWR3Wnj']
['removed token due to low token ratio added to the lp pool:  ', '9bib1LTNGCrYXucG1tHECkgGP1QX2Ly9eqo1tjdBEsYn']
['removed token due to low token ratio added to the lp pool:  ', '6BVCZaKHLgzDcwwpdZeYDZg2ij3VRYkKh7fL94sSw2Ai']
['removed token due to low token ratio added to the lp pool:  ', '2sYBbx4CCDYTcHV5V5cdQGdLDr1RzQjb58uYPvJpdb9U']
['liquidty removed', 'DZPqQFXSx2u8p3uVBEyx4Wp4d5H47D7iozHmS8aC2UpF']
['removed token due to low token ratio added to the lp pool:  ', '7GyPkcWvmpYwftar4y5cBdvWpZeWzfN7juY23jedHg3o']
['removed token due to low token ratio added to the lp pool:  ', 'BW3TE5umGAjAbZLtCK6HGRSNVNYfP4VGdZBj8XAtzFoN']
['removed token due to low token ratio added to the lp pool:  ', 'GgMD1o8c1DypzFyxjHB7gBQTcwNR37UpCFRdDC2RHqXS']
['removed token due to low token ratio added to the lp pool:  ', 'B6uPPN7rU9DBEvAdA9CsyaFwf2uWEeB8XqM4qdoALdpA']
['removed token due to low token ratio added to the lp pool:  ', '3tvTjjJBSrcUYX7JKWCaqJNB9Fb1MJY4ZsQ4gyHDHC8t']
['liquidty removed', '87jaQbLpK7Yq6Xgv4zGFj12JVbuCMJAkp6pMfSmCE6qE']
['removed token due to low token ratio added to the lp pool:  ', 'HeSLLULyr7s38NjH8aPKgLArKygFE9t9g61UBJ6GNpQd']
['liquidty removed', 'CU8DQdgvWRMpZHLVBSWczQsxu6zHsCAY8RNTADcAPWE8']
['removed token due to low token ratio added to the lp pool:  ', '6V9hEJrigoHHCM7WDsDKtzUwmb6oPF3yqb6Y3QXD2Bdb']
['liquidty removed', 'DuqPXD5E28K6vDqP3ZiFdbmkk3uY1mqUcJ3BhA14tick']
['removed token due to low token ratio added to the lp pool:  ', '45HUNkKoWReMio2zuLFGBLE3KJ4b5Xa3TWJ2Dei2cwME']
['liquidty removed', '9DFdbRuVLZDzZCVKXRjj51cxpyaC5YPgAqSRQZJ3SeKr']
['removed token due to low token ratio added to the lp pool:  ', '92FxM5MoR4Eosnv6rpt9P4vDSa2hKJBst5ZGVbBZsyKf']
['liquidty removed', '3CuxTKikMmBPGBYMRRbtZq3qc3xtCwdvkAkHJqrFfoC8']
["removed token since it's expiration time has passed ", 'EdBAriwkLFdBX4qn9t69uCvMCQEeeYSFzRrfrqpS4xUa']
['Command failed 2 ', '5ygYCW2x1yiS3YEG5H1mqPQ9de5uDdtojcZCsTRgKafv']
["removed token since it's expiration time has passed ", 'GFMJfEbh9f6xdr3pWat1JegcHCJhjVZTuVFjbbjCxAFk']
['removed token due to low token ratio added to the lp pool:  ', 'PELcJ1fvQ4kFCbTUGQFgLCCfuGwL8BhVsv1ZJr7H7XK']
['removed token due to low token ratio added to the lp pool:  ', '9ecnBfe3NNLU3fuCu6W9MeDQ7ETahqdPRA1BzkroHvFW']
['removed token due to low token ratio added to the lp pool:  ', '61afeU4CmNgrCfDecD8yD6z6WngBpcXjVpC6QTgf1Z4o']
['Command failed 2 ', 'EaPR2f9soDbTDKihqpfq4uCudU2iF6xwjyxbLrERUdY6']
['removed token due to low token ratio added to the lp pool:  ', '5RCMsMmDVvwYivvNfNfFFM1mzoseSCXnkccc4r9Q9JmM']
['removed token due to low token ratio added to the lp pool:  ', 'miaBeLvj5iBAfpuWw4aEPajtyTFgnxTRTUwUDZ4aNcC']
['removed token due to low token ratio added to the lp pool:  ', 'BypJ7wJz6NrmDujL2BqbkeM2gQkxhC2mhEG9y8fcUCah']
['removed token due to low token ratio added to the lp pool:  ', 'EdnjpgBSADL2rVYkxnmyVJ6rbSGfSSasax8QafaofuVR']
['removed token due to low token ratio added to the lp pool:  ', '561zAAic5UiMqK27SZC4GMZEc77DXgsCGcWPNvb2p3bk']
['removed token due to low initial liquidity :  ', 'HUPXnRJwqVW6zPPBheqN4TziGbctQ7Uuz3xgXeLAP5gw']
['removed token due to low token ratio added to the lp pool:  ', 'BgHjzf3HJXmxU9LK3GVu3nPrDHtELCZoTseSJtFT2YQW']
['liquidty removed', 'ExXrFkSbHzduVNGFupgNn9nLaD7etHgEek8n2U4PFz8V']
['removed token due to low token ratio added to the lp pool:  ', '45RsvZZi8s2RJBpmgJJSanJ6gnNVVu59Z1xDDvycttme']
['removed token due to low initial liquidity :  ', 'GdCTprpeue8ea5wateNJMY9ANc7KPR7W4RYpzuAq2tJi']
['removed token due to low token ratio added to the lp pool:  ', 'G5vVGrCpt9mxNAQpCDGqcg4qs4SbKfMQ3s51CpR5eSZ8']
['removed token due to low token ratio added to the lp pool:  ', '5SukbXC3u8CXCgz64HXuL2ExL5LhAePsufzzETqStvXM']
['removed token due to low initial liquidity :  ', '4pUptCAbZGNy3Nz4rh2LeEvxfrvczRV6xue3W2bTMMfd']
['removed token due to low initial liquidity :  ', '454PJPRV24TZo6RUcPXTCfkhJrWNHKuuhRZJExkxyUgq']
["removed token since it's expiration time has passed ", 'H55oLnvkqp4LzUQJHGTrEpJLfp8LCRhq6gNxzyv2nC76']
['Command failed 2 ', '8nmNyA2mtyZWhmS91UyBwFTQr8Pi96bufyM5pri5GAV7']
['Command failed 2 ', '8nmNyA2mtyZWhmS91UyBwFTQr8Pi96bufyM5pri5GAV7']
["removed token since it's expiration time has passed ", 'AAwex2bjriCqa3xqHmKKcT7fbtK9YkvdfLGU1zS7R4Ms']
['liquidty removed', 'E3PUMLf5vHpNRET3oZndtN8QZ22T87VcJJojUH5HGRWR']
['removed token due to very low amount of  tokens sent to lp pool ', '7bESSBwfzLqVXPhcakWcSTrjxpny9TxpDfsCND2e7jz2']
['removed token due to low initial liquidity :  ', 'HFhbuRst9djD6cW2neaVTCswim5vLEPKZ61saniiHqSo']
['removed token due to low token ratio added to the lp pool:  ', 'CLCoa9XMGSqhh6Ao39nGeV6NxhgvayqKWf6xNQFoRuRP']
['removed token due to low token ratio added to the lp pool:  ', 'DSjjsKN7jWx3uefZ6GGx2RKGxrMJ5hA5KJw67vgLe8uX']
['removed token due to very low amount of  tokens sent to lp pool ', 'GgV4zg1rNAY3jUXeYiDSCMzUjgouVKdGNjith8SLFAeR']
['removed token due to low token ratio added to the lp pool:  ', '5tF3eQxT23vLRDrxETttYEuGsN5V7PdwogxAACybyBVY']
['removed token due to low initial liquidity :  ', '6C7fBDHSAQMPmG2aRHLuWirVLgDnkpgHc1QzUXwavhZ1']
['removed token due to low initial liquidity :  ', '6GBhi36euJFdr8RQKcSJnSBTzwMMFJ8qNAfSjTJQYojh']
['removed token due to low token ratio added to the lp pool:  ', '7nqB7XapQtQYsCssLgqY5uSb84rqzYHtiPqJVcgcMNx5']
['removed token due to low initial liquidity :  ', '5UYyFcqZ6w1zvkJAiPsqaPEam2q5GUHZtM5A3L6NARnB']
['removed token due to low token ratio added to the lp pool:  ', 'AjYDaLfJjKECrTFHPnnwNJ3AtXkew2gxpQbo8Gg1iTT5']
['removed token due to low token ratio added to the lp pool:  ', 'Cm7MGkzTWth1h7itC6i33Nvys5PUzvnhjagTjkk7h7TD']
['removed token due to low token ratio added to the lp pool:  ', '2aDHUTjtxpdynoEsV98QpiQmMz1BzBxgTa6XgSNoFJK4']
['liquidty removed', 'Bp3AUCyb4p5v2ejXHVkLUbyYA5QPJfkf8AXrBR2AzbdR']
['removed token due to low token ratio added to the lp pool:  ', 'B4M3oGYbY7N1bdsMNMPfFaapQWmFBkWG6R2kDfaEMipV']
['liquidty removed', 'H5kMgh6tyfRMxERtB94r1jQT6FsTwGYjLTvAAMDXKoHV']
['removed token due to low token ratio added to the lp pool:  ', '5iAhMr9HYkFxPCdQWoUDSFCmuSFuLztyoT6nnNubLSXL']
['removed token due to low token ratio added to the lp pool:  ', 'FkhC2EpkZWBKyewjhRsWChVjKJASNwCb7VDkfm78WYtR']
['liquidty removed', 'EkUWN5i6AjokATqMTGkZdoRk9z7knHWVvhaBZGN98sq9']
['removed token due to low token ratio added to the lp pool:  ', '2tJGbHdbHbUDp4YK84yRpMQkj8Kb1GfH2DpSAZ9mG9c5']
['liquidty removed', '3ewUxidPTEEycandUG6uHtUwLetYkXHZ32vcUMTFXFnt']
['removed token due to low token ratio added to the lp pool:  ', '4ktY7fyzyBCyJ3FQPmS9aiX2Hf7ScCBwJVCjfjid8UMi']
['removed token due to low token ratio added to the lp pool:  ', 'Frswu7YdYJDTQSH2fmFZL8oUQAWrvqb9181fiwDACLtv']
["removed token since it's expiration time has passed ", 'JC6Fy1YoH4i1qYkoaKVrWzDC8sCeCuAhsdSDpyykyKP7']
['liquidty removed', '7zL63ScSVombydt28PkvgvaEmPABvyqe1MDCqXduhNxX']
["removed token since it's expiration time has passed ", 'DRxKk1ZKQjBQ6gvbUL8NCx9wQj3FE5ytPJMhKsahHsve']
['removed token due to low initial liquidity :  ', '6BEdeFzxFX3aqBf9MKrYtfU7TsFW5QGavJ1ixcAAKHoj']
['liquidty removed', 'EpDo8Y2nkzvc5aoVPnjWmG2KvWnUR7FTqc3HwR8uitUt']
["removed token since it's expiration time has passed ", 'Y79pdisYiQJ5wQz8Zznfy2928M74NZ5zRZCwUyCtzH2']
["removed token since it's expiration time has passed ", 'DJEVZUa1V4yUcKoNW4nvzmP2bGyUpK2fyMVjVKnrtqoY']
["removed token since it's expiration time has passed ", 'AVzyZ1kfvdZxTrvzkUSbbJEXkD4sSxiizaWQbwp9x6wU']
['liquidty removed', 'GmqZh6p5qLwVxcGnbCxBrP6g62DLvZtcBuqvF5uVPVyB']
['liquidty removed', 'GASpgEjCsKLK8sQ4JHucgntvsiygirk6bW9HFJkvM1qo']
['liquidty removed', 'BfBZcKDckuGJnwpESg14racB4rHDenoDiKGgo9eQdSMT']
["removed token since it's expiration time has passed ", 'FH1KNycnVexsZjLUWo9qrJZ8yGd192rpFBaBqdYCtxC9']
["removed token since it's expiration time has passed ", '72N66XtYz2UyCAiANEbGQcriiQn1yoXGMuPPjP4LLz1F']
["removed token since it's expiration time has passed ", '6BR7PcBF2NHz7ZizoodDvJHLnrhFgSgbnCpVdZS7F66j']
['removed token due to very low amount of  tokens sent to lp pool ', 'CGEzvMVAqK1nAvLMUYU1TMi1W9mt6nRiZXduUjfHFgLN']
['removed token due to low initial liquidity :  ', 'EW3bzGBuv4AhiDbq62jeLJtpq8288nQZUECHP8Lr9cer']
['Unable to send: ', 'H3sg4cDDchFfix2NBYA8adwZD8PMC1UzKKCHSdfExkr']
['Unable to send: ', 'H3sg4cDDchFfix2NBYA8adwZD8PMC1UzKKCHSdfExkr']
['Unable to send: ', 'H3sg4cDDchFfix2NBYA8adwZD8PMC1UzKKCHSdfExkr']
['Unable to send: ', 'H3sg4cDDchFfix2NBYA8adwZD8PMC1UzKKCHSdfExkr']
['Unable to send: ', 'H3sg4cDDchFfix2NBYA8adwZD8PMC1UzKKCHSdfExkr']
['Unable to send: ', 'H3sg4cDDchFfix2NBYA8adwZD8PMC1UzKKCHSdfExkr']
['Unable to send: ', 'H3sg4cDDchFfix2NBYA8adwZD8PMC1UzKKCHSdfExkr']
['Unable to send: ', 'H3sg4cDDchFfix2NBYA8adwZD8PMC1UzKKCHSdfExkr']
['Unable to send: ', 'H3sg4cDDchFfix2NBYA8adwZD8PMC1UzKKCHSdfExkr']
['Unable to send: ', 'H3sg4cDDchFfix2NBYA8adwZD8PMC1UzKKCHSdfExkr']
['Unable to send: ', 'H3sg4cDDchFfix2NBYA8adwZD8PMC1UzKKCHSdfExkr']
['Unable to send: ', 'H3sg4cDDchFfix2NBYA8adwZD8PMC1UzKKCHSdfExkr']
['Unable to send: ', 'H3sg4cDDchFfix2NBYA8adwZD8PMC1UzKKCHSdfExkr']
['Unable to send: ', 'H3sg4cDDchFfix2NBYA8adwZD8PMC1UzKKCHSdfExkr']
['Unable to send: ', 'H3sg4cDDchFfix2NBYA8adwZD8PMC1UzKKCHSdfExkr']
['Unable to send: ', 'H3sg4cDDchFfix2NBYA8adwZD8PMC1UzKKCHSdfExkr']
['Unable to send: ', 'H3sg4cDDchFfix2NBYA8adwZD8PMC1UzKKCHSdfExkr']
['Unable to send: ', 'H3sg4cDDchFfix2NBYA8adwZD8PMC1UzKKCHSdfExkr']
['Unable to send: ', 'H3sg4cDDchFfix2NBYA8adwZD8PMC1UzKKCHSdfExkr']
['Unable to send: ', 'H3sg4cDDchFfix2NBYA8adwZD8PMC1UzKKCHSdfExkr']
['Unable to send: ', 'H3sg4cDDchFfix2NBYA8adwZD8PMC1UzKKCHSdfExkr']
['Unable to send: ', 'H3sg4cDDchFfix2NBYA8adwZD8PMC1UzKKCHSdfExkr']
['Unable to send: ', 'H3sg4cDDchFfix2NBYA8adwZD8PMC1UzKKCHSdfExkr']
['Unable to send: ', 'H3sg4cDDchFfix2NBYA8adwZD8PMC1UzKKCHSdfExkr']
['Unable to send: ', 'H3sg4cDDchFfix2NBYA8adwZD8PMC1UzKKCHSdfExkr']
['Unable to send: ', 'H3sg4cDDchFfix2NBYA8adwZD8PMC1UzKKCHSdfExkr']
['Unable to send: ', 'H3sg4cDDchFfix2NBYA8adwZD8PMC1UzKKCHSdfExkr']
['Unable to send: ', 'H3sg4cDDchFfix2NBYA8adwZD8PMC1UzKKCHSdfExkr']
['Unable to send: ', 'H3sg4cDDchFfix2NBYA8adwZD8PMC1UzKKCHSdfExkr']
['Unable to send: ', 'H3sg4cDDchFfix2NBYA8adwZD8PMC1UzKKCHSdfExkr']
['Unable to send: ', 'H3sg4cDDchFfix2NBYA8adwZD8PMC1UzKKCHSdfExkr']
['Unable to send: ', 'H3sg4cDDchFfix2NBYA8adwZD8PMC1UzKKCHSdfExkr']
['Unable to send: ', 'H3sg4cDDchFfix2NBYA8adwZD8PMC1UzKKCHSdfExkr']
['Unable to send: ', 'H3sg4cDDchFfix2NBYA8adwZD8PMC1UzKKCHSdfExkr']
['Unable to send: ', 'H3sg4cDDchFfix2NBYA8adwZD8PMC1UzKKCHSdfExkr']
['Unable to send: ', 'H3sg4cDDchFfix2NBYA8adwZD8PMC1UzKKCHSdfExkr']
['Unable to send: ', 'H3sg4cDDchFfix2NBYA8adwZD8PMC1UzKKCHSdfExkr']
['Unable to send: ', 'H3sg4cDDchFfix2NBYA8adwZD8PMC1UzKKCHSdfExkr']
['Unable to send: ', 'H3sg4cDDchFfix2NBYA8adwZD8PMC1UzKKCHSdfExkr']
['Unable to send: ', 'H3sg4cDDchFfix2NBYA8adwZD8PMC1UzKKCHSdfExkr']
['Unable to send: ', 'H3sg4cDDchFfix2NBYA8adwZD8PMC1UzKKCHSdfExkr']
['Unable to send: ', 'H3sg4cDDchFfix2NBYA8adwZD8PMC1UzKKCHSdfExkr']
['Unable to send: ', 'H3sg4cDDchFfix2NBYA8adwZD8PMC1UzKKCHSdfExkr']
['Unable to send: ', 'H3sg4cDDchFfix2NBYA8adwZD8PMC1UzKKCHSdfExkr']
['Unable to send: ', 'H3sg4cDDchFfix2NBYA8adwZD8PMC1UzKKCHSdfExkr']
['Unable to send: ', 'H3sg4cDDchFfix2NBYA8adwZD8PMC1UzKKCHSdfExkr']
['Unable to send: ', 'H3sg4cDDchFfix2NBYA8adwZD8PMC1UzKKCHSdfExkr']
['Unable to send: ', 'H3sg4cDDchFfix2NBYA8adwZD8PMC1UzKKCHSdfExkr']
['Unable to send: ', 'H3sg4cDDchFfix2NBYA8adwZD8PMC1UzKKCHSdfExkr']
['Unable to send: ', 'H3sg4cDDchFfix2NBYA8adwZD8PMC1UzKKCHSdfExkr']
['Unable to send: ', 'H3sg4cDDchFfix2NBYA8adwZD8PMC1UzKKCHSdfExkr']
['Unable to send: ', 'H3sg4cDDchFfix2NBYA8adwZD8PMC1UzKKCHSdfExkr']
['Unable to send: ', 'H3sg4cDDchFfix2NBYA8adwZD8PMC1UzKKCHSdfExkr']
['Unable to send: ', 'H3sg4cDDchFfix2NBYA8adwZD8PMC1UzKKCHSdfExkr']
['Unable to send: ', 'H3sg4cDDchFfix2NBYA8adwZD8PMC1UzKKCHSdfExkr']
['Unable to send: ', 'H3sg4cDDchFfix2NBYA8adwZD8PMC1UzKKCHSdfExkr']
['Unable to send: ', 'H3sg4cDDchFfix2NBYA8adwZD8PMC1UzKKCHSdfExkr']
['Unable to send: ', 'H3sg4cDDchFfix2NBYA8adwZD8PMC1UzKKCHSdfExkr']
['Unable to send: ', 'H3sg4cDDchFfix2NBYA8adwZD8PMC1UzKKCHSdfExkr']
['Unable to send: ', 'H3sg4cDDchFfix2NBYA8adwZD8PMC1UzKKCHSdfExkr']
['Unable to send: ', 'H3sg4cDDchFfix2NBYA8adwZD8PMC1UzKKCHSdfExkr']
['Unable to send: ', 'H3sg4cDDchFfix2NBYA8adwZD8PMC1UzKKCHSdfExkr']
['Unable to send: ', 'H3sg4cDDchFfix2NBYA8adwZD8PMC1UzKKCHSdfExkr']
['Unable to send: ', 'H3sg4cDDchFfix2NBYA8adwZD8PMC1UzKKCHSdfExkr']
['Unable to send: ', 'H3sg4cDDchFfix2NBYA8adwZD8PMC1UzKKCHSdfExkr']
['Unable to send: ', 'H3sg4cDDchFfix2NBYA8adwZD8PMC1UzKKCHSdfExkr']
['Unable to send: ', 'H3sg4cDDchFfix2NBYA8adwZD8PMC1UzKKCHSdfExkr']
['Unable to send: ', 'H3sg4cDDchFfix2NBYA8adwZD8PMC1UzKKCHSdfExkr']
['Unable to send: ', 'H3sg4cDDchFfix2NBYA8adwZD8PMC1UzKKCHSdfExkr']
['Unable to send: ', 'H3sg4cDDchFfix2NBYA8adwZD8PMC1UzKKCHSdfExkr']
['Unable to send: ', 'H3sg4cDDchFfix2NBYA8adwZD8PMC1UzKKCHSdfExkr']
['Unable to send: ', 'H3sg4cDDchFfix2NBYA8adwZD8PMC1UzKKCHSdfExkr']
['Unable to send: ', 'H3sg4cDDchFfix2NBYA8adwZD8PMC1UzKKCHSdfExkr']
['Unable to send: ', 'H3sg4cDDchFfix2NBYA8adwZD8PMC1UzKKCHSdfExkr']
['Unable to send: ', 'H3sg4cDDchFfix2NBYA8adwZD8PMC1UzKKCHSdfExkr']
['Unable to send: ', 'H3sg4cDDchFfix2NBYA8adwZD8PMC1UzKKCHSdfExkr']
['Unable to send: ', 'H3sg4cDDchFfix2NBYA8adwZD8PMC1UzKKCHSdfExkr']
['Unable to send: ', 'H3sg4cDDchFfix2NBYA8adwZD8PMC1UzKKCHSdfExkr']
['Unable to send: ', 'H3sg4cDDchFfix2NBYA8adwZD8PMC1UzKKCHSdfExkr']
['Unable to send: ', 'H3sg4cDDchFfix2NBYA8adwZD8PMC1UzKKCHSdfExkr']
['Unable to send: ', 'H3sg4cDDchFfix2NBYA8adwZD8PMC1UzKKCHSdfExkr']
['Unable to send: ', 'H3sg4cDDchFfix2NBYA8adwZD8PMC1UzKKCHSdfExkr']
['Unable to send: ', 'H3sg4cDDchFfix2NBYA8adwZD8PMC1UzKKCHSdfExkr']
['Unable to send: ', 'H3sg4cDDchFfix2NBYA8adwZD8PMC1UzKKCHSdfExkr']
['Unable to send: ', 'H3sg4cDDchFfix2NBYA8adwZD8PMC1UzKKCHSdfExkr']
['Unable to send: ', 'H3sg4cDDchFfix2NBYA8adwZD8PMC1UzKKCHSdfExkr']
['Unable to send: ', 'H3sg4cDDchFfix2NBYA8adwZD8PMC1UzKKCHSdfExkr']
['Unable to send: ', 'H3sg4cDDchFfix2NBYA8adwZD8PMC1UzKKCHSdfExkr']
['Unable to send: ', 'H3sg4cDDchFfix2NBYA8adwZD8PMC1UzKKCHSdfExkr']
['Unable to send: ', 'H3sg4cDDchFfix2NBYA8adwZD8PMC1UzKKCHSdfExkr']
['Unable to send: ', 'H3sg4cDDchFfix2NBYA8adwZD8PMC1UzKKCHSdfExkr']
['Unable to send: ', 'H3sg4cDDchFfix2NBYA8adwZD8PMC1UzKKCHSdfExkr']
['Unable to send: ', 'H3sg4cDDchFfix2NBYA8adwZD8PMC1UzKKCHSdfExkr']
['Unable to send: ', 'H3sg4cDDchFfix2NBYA8adwZD8PMC1UzKKCHSdfExkr']
['Unable to send: ', 'H3sg4cDDchFfix2NBYA8adwZD8PMC1UzKKCHSdfExkr']
['Unable to send: ', 'H3sg4cDDchFfix2NBYA8adwZD8PMC1UzKKCHSdfExkr']
['Unable to send: ', 'H3sg4cDDchFfix2NBYA8adwZD8PMC1UzKKCHSdfExkr']
['Unable to send: ', 'H3sg4cDDchFfix2NBYA8adwZD8PMC1UzKKCHSdfExkr']
['Unable to send: ', 'H3sg4cDDchFfix2NBYA8adwZD8PMC1UzKKCHSdfExkr']
['Unable to send: ', 'H3sg4cDDchFfix2NBYA8adwZD8PMC1UzKKCHSdfExkr']
['Unable to send: ', 'H3sg4cDDchFfix2NBYA8adwZD8PMC1UzKKCHSdfExkr']
['Unable to send: ', 'H3sg4cDDchFfix2NBYA8adwZD8PMC1UzKKCHSdfExkr']
['Unable to send: ', 'H3sg4cDDchFfix2NBYA8adwZD8PMC1UzKKCHSdfExkr']
['Unable to send: ', 'H3sg4cDDchFfix2NBYA8adwZD8PMC1UzKKCHSdfExkr']
['Unable to send: ', 'H3sg4cDDchFfix2NBYA8adwZD8PMC1UzKKCHSdfExkr']
['Unable to send: ', 'H3sg4cDDchFfix2NBYA8adwZD8PMC1UzKKCHSdfExkr']
['Unable to send: ', 'H3sg4cDDchFfix2NBYA8adwZD8PMC1UzKKCHSdfExkr']
['Unable to send: ', 'H3sg4cDDchFfix2NBYA8adwZD8PMC1UzKKCHSdfExkr']
['Unable to send: ', 'H3sg4cDDchFfix2NBYA8adwZD8PMC1UzKKCHSdfExkr']
['Unable to send: ', 'H3sg4cDDchFfix2NBYA8adwZD8PMC1UzKKCHSdfExkr']
['Unable to send: ', 'H3sg4cDDchFfix2NBYA8adwZD8PMC1UzKKCHSdfExkr']
['Unable to send: ', 'H3sg4cDDchFfix2NBYA8adwZD8PMC1UzKKCHSdfExkr']
['Unable to send: ', 'H3sg4cDDchFfix2NBYA8adwZD8PMC1UzKKCHSdfExkr']
['Unable to send: ', 'H3sg4cDDchFfix2NBYA8adwZD8PMC1UzKKCHSdfExkr']
['Unable to send: ', 'H3sg4cDDchFfix2NBYA8adwZD8PMC1UzKKCHSdfExkr']
['Unable to send: ', 'H3sg4cDDchFfix2NBYA8adwZD8PMC1UzKKCHSdfExkr']
['Unable to send: ', 'H3sg4cDDchFfix2NBYA8adwZD8PMC1UzKKCHSdfExkr']
['Unable to send: ', 'H3sg4cDDchFfix2NBYA8adwZD8PMC1UzKKCHSdfExkr']
['Unable to send: ', 'H3sg4cDDchFfix2NBYA8adwZD8PMC1UzKKCHSdfExkr']
['Unable to send: ', 'H3sg4cDDchFfix2NBYA8adwZD8PMC1UzKKCHSdfExkr']
['Unable to send: ', 'H3sg4cDDchFfix2NBYA8adwZD8PMC1UzKKCHSdfExkr']
['Unable to send: ', 'H3sg4cDDchFfix2NBYA8adwZD8PMC1UzKKCHSdfExkr']
['Unable to send: ', 'H3sg4cDDchFfix2NBYA8adwZD8PMC1UzKKCHSdfExkr']
['Unable to send: ', 'H3sg4cDDchFfix2NBYA8adwZD8PMC1UzKKCHSdfExkr']
['Unable to send: ', 'H3sg4cDDchFfix2NBYA8adwZD8PMC1UzKKCHSdfExkr']
['Unable to send: ', 'H3sg4cDDchFfix2NBYA8adwZD8PMC1UzKKCHSdfExkr']
['Unable to send: ', 'H3sg4cDDchFfix2NBYA8adwZD8PMC1UzKKCHSdfExkr']
['Unable to send: ', 'H3sg4cDDchFfix2NBYA8adwZD8PMC1UzKKCHSdfExkr']
['Unable to send: ', 'H3sg4cDDchFfix2NBYA8adwZD8PMC1UzKKCHSdfExkr']
['Unable to send: ', 'H3sg4cDDchFfix2NBYA8adwZD8PMC1UzKKCHSdfExkr']
['Unable to send: ', 'H3sg4cDDchFfix2NBYA8adwZD8PMC1UzKKCHSdfExkr']
['Unable to send: ', 'H3sg4cDDchFfix2NBYA8adwZD8PMC1UzKKCHSdfExkr']
['Unable to send: ', 'H3sg4cDDchFfix2NBYA8adwZD8PMC1UzKKCHSdfExkr']
['Unable to send: ', 'H3sg4cDDchFfix2NBYA8adwZD8PMC1UzKKCHSdfExkr']
['Unable to send: ', 'H3sg4cDDchFfix2NBYA8adwZD8PMC1UzKKCHSdfExkr']
['Unable to send: ', 'H3sg4cDDchFfix2NBYA8adwZD8PMC1UzKKCHSdfExkr']
['Unable to send: ', 'H3sg4cDDchFfix2NBYA8adwZD8PMC1UzKKCHSdfExkr']
['Unable to send: ', 'H3sg4cDDchFfix2NBYA8adwZD8PMC1UzKKCHSdfExkr']
['Unable to send: ', 'H3sg4cDDchFfix2NBYA8adwZD8PMC1UzKKCHSdfExkr']
['Unable to send: ', 'H3sg4cDDchFfix2NBYA8adwZD8PMC1UzKKCHSdfExkr']
['Unable to send: ', 'H3sg4cDDchFfix2NBYA8adwZD8PMC1UzKKCHSdfExkr']
['Unable to send: ', 'H3sg4cDDchFfix2NBYA8adwZD8PMC1UzKKCHSdfExkr']
['Unable to send: ', 'H3sg4cDDchFfix2NBYA8adwZD8PMC1UzKKCHSdfExkr']
['Unable to send: ', 'H3sg4cDDchFfix2NBYA8adwZD8PMC1UzKKCHSdfExkr']
['Unable to send: ', 'H3sg4cDDchFfix2NBYA8adwZD8PMC1UzKKCHSdfExkr']
['Unable to send: ', 'H3sg4cDDchFfix2NBYA8adwZD8PMC1UzKKCHSdfExkr']
['Unable to send: ', 'H3sg4cDDchFfix2NBYA8adwZD8PMC1UzKKCHSdfExkr']
['Unable to send: ', 'H3sg4cDDchFfix2NBYA8adwZD8PMC1UzKKCHSdfExkr']
['Unable to send: ', 'H3sg4cDDchFfix2NBYA8adwZD8PMC1UzKKCHSdfExkr']
['Unable to send: ', 'H3sg4cDDchFfix2NBYA8adwZD8PMC1UzKKCHSdfExkr']
['Unable to send: ', 'H3sg4cDDchFfix2NBYA8adwZD8PMC1UzKKCHSdfExkr']
['Unable to send: ', 'H3sg4cDDchFfix2NBYA8adwZD8PMC1UzKKCHSdfExkr']
['Unable to send: ', 'H3sg4cDDchFfix2NBYA8adwZD8PMC1UzKKCHSdfExkr']
['Unable to send: ', 'H3sg4cDDchFfix2NBYA8adwZD8PMC1UzKKCHSdfExkr']
['Unable to send: ', 'H3sg4cDDchFfix2NBYA8adwZD8PMC1UzKKCHSdfExkr']
['Unable to send: ', 'H3sg4cDDchFfix2NBYA8adwZD8PMC1UzKKCHSdfExkr']
['Unable to send: ', 'H3sg4cDDchFfix2NBYA8adwZD8PMC1UzKKCHSdfExkr']
['Unable to send: ', 'H3sg4cDDchFfix2NBYA8adwZD8PMC1UzKKCHSdfExkr']
['Unable to send: ', 'H3sg4cDDchFfix2NBYA8adwZD8PMC1UzKKCHSdfExkr']
['Unable to send: ', 'H3sg4cDDchFfix2NBYA8adwZD8PMC1UzKKCHSdfExkr']
['Unable to send: ', 'H3sg4cDDchFfix2NBYA8adwZD8PMC1UzKKCHSdfExkr']
['Unable to send: ', 'H3sg4cDDchFfix2NBYA8adwZD8PMC1UzKKCHSdfExkr']
['Unable to send: ', 'H3sg4cDDchFfix2NBYA8adwZD8PMC1UzKKCHSdfExkr']
['Unable to send: ', 'H3sg4cDDchFfix2NBYA8adwZD8PMC1UzKKCHSdfExkr']
['Unable to send: ', 'H3sg4cDDchFfix2NBYA8adwZD8PMC1UzKKCHSdfExkr']
['Unable to send: ', 'H3sg4cDDchFfix2NBYA8adwZD8PMC1UzKKCHSdfExkr']
['Unable to send: ', 'H3sg4cDDchFfix2NBYA8adwZD8PMC1UzKKCHSdfExkr']
['Unable to send: ', 'H3sg4cDDchFfix2NBYA8adwZD8PMC1UzKKCHSdfExkr']
['Unable to send: ', 'H3sg4cDDchFfix2NBYA8adwZD8PMC1UzKKCHSdfExkr']
['Unable to send: ', 'H3sg4cDDchFfix2NBYA8adwZD8PMC1UzKKCHSdfExkr']
['Unable to send: ', 'H3sg4cDDchFfix2NBYA8adwZD8PMC1UzKKCHSdfExkr']
['Unable to send: ', 'H3sg4cDDchFfix2NBYA8adwZD8PMC1UzKKCHSdfExkr']
['Unable to send: ', 'H3sg4cDDchFfix2NBYA8adwZD8PMC1UzKKCHSdfExkr']
['Unable to send: ', 'H3sg4cDDchFfix2NBYA8adwZD8PMC1UzKKCHSdfExkr']
['Unable to send: ', 'H3sg4cDDchFfix2NBYA8adwZD8PMC1UzKKCHSdfExkr']
['Unable to send: ', 'H3sg4cDDchFfix2NBYA8adwZD8PMC1UzKKCHSdfExkr']
['Unable to send: ', 'H3sg4cDDchFfix2NBYA8adwZD8PMC1UzKKCHSdfExkr']
['Unable to send: ', 'H3sg4cDDchFfix2NBYA8adwZD8PMC1UzKKCHSdfExkr']
['Unable to send: ', 'H3sg4cDDchFfix2NBYA8adwZD8PMC1UzKKCHSdfExkr']
['Unable to send: ', 'H3sg4cDDchFfix2NBYA8adwZD8PMC1UzKKCHSdfExkr']
['Unable to send: ', 'H3sg4cDDchFfix2NBYA8adwZD8PMC1UzKKCHSdfExkr']
['Unable to send: ', 'H3sg4cDDchFfix2NBYA8adwZD8PMC1UzKKCHSdfExkr']
['Unable to send: ', 'H3sg4cDDchFfix2NBYA8adwZD8PMC1UzKKCHSdfExkr']
['Unable to send: ', 'H3sg4cDDchFfix2NBYA8adwZD8PMC1UzKKCHSdfExkr']
['Unable to send: ', 'H3sg4cDDchFfix2NBYA8adwZD8PMC1UzKKCHSdfExkr']
['Unable to send: ', 'H3sg4cDDchFfix2NBYA8adwZD8PMC1UzKKCHSdfExkr']
['Unable to send: ', 'H3sg4cDDchFfix2NBYA8adwZD8PMC1UzKKCHSdfExkr']
['Unable to send: ', 'H3sg4cDDchFfix2NBYA8adwZD8PMC1UzKKCHSdfExkr']
['Unable to send: ', 'H3sg4cDDchFfix2NBYA8adwZD8PMC1UzKKCHSdfExkr']
['Unable to send: ', 'H3sg4cDDchFfix2NBYA8adwZD8PMC1UzKKCHSdfExkr']
['Unable to send: ', 'H3sg4cDDchFfix2NBYA8adwZD8PMC1UzKKCHSdfExkr']
['Unable to send: ', 'H3sg4cDDchFfix2NBYA8adwZD8PMC1UzKKCHSdfExkr']
['Unable to send: ', 'H3sg4cDDchFfix2NBYA8adwZD8PMC1UzKKCHSdfExkr']
['Unable to send: ', 'H3sg4cDDchFfix2NBYA8adwZD8PMC1UzKKCHSdfExkr']
['Unable to send: ', 'H3sg4cDDchFfix2NBYA8adwZD8PMC1UzKKCHSdfExkr']
['Unable to send: ', 'H3sg4cDDchFfix2NBYA8adwZD8PMC1UzKKCHSdfExkr']
['Unable to send: ', 'H3sg4cDDchFfix2NBYA8adwZD8PMC1UzKKCHSdfExkr']
['Unable to send: ', 'H3sg4cDDchFfix2NBYA8adwZD8PMC1UzKKCHSdfExkr']
['Unable to send: ', 'H3sg4cDDchFfix2NBYA8adwZD8PMC1UzKKCHSdfExkr']
['Unable to send: ', 'H3sg4cDDchFfix2NBYA8adwZD8PMC1UzKKCHSdfExkr']
['Unable to send: ', 'H3sg4cDDchFfix2NBYA8adwZD8PMC1UzKKCHSdfExkr']
['Unable to send: ', 'H3sg4cDDchFfix2NBYA8adwZD8PMC1UzKKCHSdfExkr']
['Unable to send: ', 'H3sg4cDDchFfix2NBYA8adwZD8PMC1UzKKCHSdfExkr']
['Unable to send: ', 'H3sg4cDDchFfix2NBYA8adwZD8PMC1UzKKCHSdfExkr']
['Unable to send: ', 'H3sg4cDDchFfix2NBYA8adwZD8PMC1UzKKCHSdfExkr']
['Unable to send: ', 'H3sg4cDDchFfix2NBYA8adwZD8PMC1UzKKCHSdfExkr']
['Unable to send: ', 'H3sg4cDDchFfix2NBYA8adwZD8PMC1UzKKCHSdfExkr']
['Unable to send: ', 'H3sg4cDDchFfix2NBYA8adwZD8PMC1UzKKCHSdfExkr']
['Unable to send: ', 'H3sg4cDDchFfix2NBYA8adwZD8PMC1UzKKCHSdfExkr']
['Unable to send: ', 'H3sg4cDDchFfix2NBYA8adwZD8PMC1UzKKCHSdfExkr']
['Unable to send: ', 'H3sg4cDDchFfix2NBYA8adwZD8PMC1UzKKCHSdfExkr']
['Unable to send: ', 'H3sg4cDDchFfix2NBYA8adwZD8PMC1UzKKCHSdfExkr']
['Unable to send: ', 'H3sg4cDDchFfix2NBYA8adwZD8PMC1UzKKCHSdfExkr']
['Unable to send: ', 'H3sg4cDDchFfix2NBYA8adwZD8PMC1UzKKCHSdfExkr']
['Unable to send: ', 'H3sg4cDDchFfix2NBYA8adwZD8PMC1UzKKCHSdfExkr']
['Unable to send: ', 'H3sg4cDDchFfix2NBYA8adwZD8PMC1UzKKCHSdfExkr']
['Unable to send: ', 'H3sg4cDDchFfix2NBYA8adwZD8PMC1UzKKCHSdfExkr']
['Unable to send: ', 'H3sg4cDDchFfix2NBYA8adwZD8PMC1UzKKCHSdfExkr']
['Unable to send: ', 'H3sg4cDDchFfix2NBYA8adwZD8PMC1UzKKCHSdfExkr']
['Unable to send: ', 'H3sg4cDDchFfix2NBYA8adwZD8PMC1UzKKCHSdfExkr']
['Unable to send: ', 'H3sg4cDDchFfix2NBYA8adwZD8PMC1UzKKCHSdfExkr']
['Unable to send: ', 'H3sg4cDDchFfix2NBYA8adwZD8PMC1UzKKCHSdfExkr']
['Unable to send: ', 'H3sg4cDDchFfix2NBYA8adwZD8PMC1UzKKCHSdfExkr']
['Unable to send: ', 'H3sg4cDDchFfix2NBYA8adwZD8PMC1UzKKCHSdfExkr']
['Unable to send: ', 'H3sg4cDDchFfix2NBYA8adwZD8PMC1UzKKCHSdfExkr']
['Unable to send: ', 'H3sg4cDDchFfix2NBYA8adwZD8PMC1UzKKCHSdfExkr']
['Unable to send: ', 'H3sg4cDDchFfix2NBYA8adwZD8PMC1UzKKCHSdfExkr']
['Unable to send: ', 'H3sg4cDDchFfix2NBYA8adwZD8PMC1UzKKCHSdfExkr']
['Unable to send: ', 'H3sg4cDDchFfix2NBYA8adwZD8PMC1UzKKCHSdfExkr']
['Unable to send: ', 'H3sg4cDDchFfix2NBYA8adwZD8PMC1UzKKCHSdfExkr']
['Unable to send: ', 'H3sg4cDDchFfix2NBYA8adwZD8PMC1UzKKCHSdfExkr']
['Unable to send: ', 'H3sg4cDDchFfix2NBYA8adwZD8PMC1UzKKCHSdfExkr']
['Unable to send: ', 'H3sg4cDDchFfix2NBYA8adwZD8PMC1UzKKCHSdfExkr']
['Unable to send: ', 'H3sg4cDDchFfix2NBYA8adwZD8PMC1UzKKCHSdfExkr']
['Unable to send: ', 'H3sg4cDDchFfix2NBYA8adwZD8PMC1UzKKCHSdfExkr']
['Unable to send: ', 'H3sg4cDDchFfix2NBYA8adwZD8PMC1UzKKCHSdfExkr']
['Unable to send: ', 'H3sg4cDDchFfix2NBYA8adwZD8PMC1UzKKCHSdfExkr']
['Unable to send: ', 'H3sg4cDDchFfix2NBYA8adwZD8PMC1UzKKCHSdfExkr']
['Unable to send: ', 'H3sg4cDDchFfix2NBYA8adwZD8PMC1UzKKCHSdfExkr']
['Unable to send: ', 'H3sg4cDDchFfix2NBYA8adwZD8PMC1UzKKCHSdfExkr']
['Unable to send: ', 'H3sg4cDDchFfix2NBYA8adwZD8PMC1UzKKCHSdfExkr']
['Unable to send: ', 'H3sg4cDDchFfix2NBYA8adwZD8PMC1UzKKCHSdfExkr']
['Unable to send: ', 'H3sg4cDDchFfix2NBYA8adwZD8PMC1UzKKCHSdfExkr']
['Unable to send: ', 'H3sg4cDDchFfix2NBYA8adwZD8PMC1UzKKCHSdfExkr']
['Unable to send: ', 'H3sg4cDDchFfix2NBYA8adwZD8PMC1UzKKCHSdfExkr']
['Unable to send: ', 'H3sg4cDDchFfix2NBYA8adwZD8PMC1UzKKCHSdfExkr']
['Unable to send: ', 'H3sg4cDDchFfix2NBYA8adwZD8PMC1UzKKCHSdfExkr']
['Unable to send: ', 'H3sg4cDDchFfix2NBYA8adwZD8PMC1UzKKCHSdfExkr']
['Unable to send: ', 'H3sg4cDDchFfix2NBYA8adwZD8PMC1UzKKCHSdfExkr']
['Unable to send: ', 'H3sg4cDDchFfix2NBYA8adwZD8PMC1UzKKCHSdfExkr']
['Unable to send: ', 'H3sg4cDDchFfix2NBYA8adwZD8PMC1UzKKCHSdfExkr']
['Unable to send: ', 'H3sg4cDDchFfix2NBYA8adwZD8PMC1UzKKCHSdfExkr']
['Unable to send: ', 'H3sg4cDDchFfix2NBYA8adwZD8PMC1UzKKCHSdfExkr']
['Unable to send: ', 'H3sg4cDDchFfix2NBYA8adwZD8PMC1UzKKCHSdfExkr']
['Unable to send: ', 'H3sg4cDDchFfix2NBYA8adwZD8PMC1UzKKCHSdfExkr']
['Unable to send: ', 'H3sg4cDDchFfix2NBYA8adwZD8PMC1UzKKCHSdfExkr']
['Unable to send: ', 'H3sg4cDDchFfix2NBYA8adwZD8PMC1UzKKCHSdfExkr']
['Unable to send: ', 'H3sg4cDDchFfix2NBYA8adwZD8PMC1UzKKCHSdfExkr']
['Unable to send: ', 'H3sg4cDDchFfix2NBYA8adwZD8PMC1UzKKCHSdfExkr']
['Unable to send: ', 'H3sg4cDDchFfix2NBYA8adwZD8PMC1UzKKCHSdfExkr']
['Unable to send: ', 'H3sg4cDDchFfix2NBYA8adwZD8PMC1UzKKCHSdfExkr']
['Unable to send: ', 'H3sg4cDDchFfix2NBYA8adwZD8PMC1UzKKCHSdfExkr']
['Unable to send: ', 'H3sg4cDDchFfix2NBYA8adwZD8PMC1UzKKCHSdfExkr']
['Unable to send: ', 'H3sg4cDDchFfix2NBYA8adwZD8PMC1UzKKCHSdfExkr']
['Unable to send: ', 'H3sg4cDDchFfix2NBYA8adwZD8PMC1UzKKCHSdfExkr']
['Unable to send: ', 'H3sg4cDDchFfix2NBYA8adwZD8PMC1UzKKCHSdfExkr']
['Unable to send: ', 'H3sg4cDDchFfix2NBYA8adwZD8PMC1UzKKCHSdfExkr']
['Unable to send: ', 'H3sg4cDDchFfix2NBYA8adwZD8PMC1UzKKCHSdfExkr']
['Unable to send: ', 'H3sg4cDDchFfix2NBYA8adwZD8PMC1UzKKCHSdfExkr']
['Unable to send: ', 'H3sg4cDDchFfix2NBYA8adwZD8PMC1UzKKCHSdfExkr']
['Unable to send: ', 'H3sg4cDDchFfix2NBYA8adwZD8PMC1UzKKCHSdfExkr']
['Unable to send: ', 'H3sg4cDDchFfix2NBYA8adwZD8PMC1UzKKCHSdfExkr']
['Unable to send: ', 'H3sg4cDDchFfix2NBYA8adwZD8PMC1UzKKCHSdfExkr']
['Unable to send: ', 'H3sg4cDDchFfix2NBYA8adwZD8PMC1UzKKCHSdfExkr']
['Unable to send: ', 'H3sg4cDDchFfix2NBYA8adwZD8PMC1UzKKCHSdfExkr']
['Unable to send: ', 'H3sg4cDDchFfix2NBYA8adwZD8PMC1UzKKCHSdfExkr']
['Unable to send: ', 'H3sg4cDDchFfix2NBYA8adwZD8PMC1UzKKCHSdfExkr']
['Unable to send: ', 'H3sg4cDDchFfix2NBYA8adwZD8PMC1UzKKCHSdfExkr']
['Unable to send: ', 'H3sg4cDDchFfix2NBYA8adwZD8PMC1UzKKCHSdfExkr']
['Unable to send: ', 'H3sg4cDDchFfix2NBYA8adwZD8PMC1UzKKCHSdfExkr']
['Unable to send: ', 'H3sg4cDDchFfix2NBYA8adwZD8PMC1UzKKCHSdfExkr']
['Unable to send: ', 'H3sg4cDDchFfix2NBYA8adwZD8PMC1UzKKCHSdfExkr']
['Unable to send: ', 'H3sg4cDDchFfix2NBYA8adwZD8PMC1UzKKCHSdfExkr']
['Unable to send: ', 'H3sg4cDDchFfix2NBYA8adwZD8PMC1UzKKCHSdfExkr']
['Unable to send: ', 'H3sg4cDDchFfix2NBYA8adwZD8PMC1UzKKCHSdfExkr']
['Unable to send: ', 'H3sg4cDDchFfix2NBYA8adwZD8PMC1UzKKCHSdfExkr']
['Unable to send: ', 'H3sg4cDDchFfix2NBYA8adwZD8PMC1UzKKCHSdfExkr']
['Unable to send: ', 'H3sg4cDDchFfix2NBYA8adwZD8PMC1UzKKCHSdfExkr']
['Unable to send: ', 'H3sg4cDDchFfix2NBYA8adwZD8PMC1UzKKCHSdfExkr']
['Unable to send: ', 'H3sg4cDDchFfix2NBYA8adwZD8PMC1UzKKCHSdfExkr']
['Unable to send: ', 'H3sg4cDDchFfix2NBYA8adwZD8PMC1UzKKCHSdfExkr']
['Unable to send: ', 'H3sg4cDDchFfix2NBYA8adwZD8PMC1UzKKCHSdfExkr']
['Unable to send: ', 'H3sg4cDDchFfix2NBYA8adwZD8PMC1UzKKCHSdfExkr']
['Unable to send: ', 'H3sg4cDDchFfix2NBYA8adwZD8PMC1UzKKCHSdfExkr']
['Unable to send: ', 'H3sg4cDDchFfix2NBYA8adwZD8PMC1UzKKCHSdfExkr']
['Unable to send: ', 'H3sg4cDDchFfix2NBYA8adwZD8PMC1UzKKCHSdfExkr']
['Unable to send: ', 'H3sg4cDDchFfix2NBYA8adwZD8PMC1UzKKCHSdfExkr']
['Unable to send: ', 'H3sg4cDDchFfix2NBYA8adwZD8PMC1UzKKCHSdfExkr']
['Unable to send: ', 'H3sg4cDDchFfix2NBYA8adwZD8PMC1UzKKCHSdfExkr']
['Unable to send: ', 'H3sg4cDDchFfix2NBYA8adwZD8PMC1UzKKCHSdfExkr']
['Unable to send: ', 'H3sg4cDDchFfix2NBYA8adwZD8PMC1UzKKCHSdfExkr']
['Unable to send: ', 'H3sg4cDDchFfix2NBYA8adwZD8PMC1UzKKCHSdfExkr']
['Unable to send: ', 'H3sg4cDDchFfix2NBYA8adwZD8PMC1UzKKCHSdfExkr']
['Unable to send: ', 'H3sg4cDDchFfix2NBYA8adwZD8PMC1UzKKCHSdfExkr']
['Unable to send: ', 'H3sg4cDDchFfix2NBYA8adwZD8PMC1UzKKCHSdfExkr']
['Unable to send: ', 'H3sg4cDDchFfix2NBYA8adwZD8PMC1UzKKCHSdfExkr']
['Unable to send: ', 'H3sg4cDDchFfix2NBYA8adwZD8PMC1UzKKCHSdfExkr']
['Unable to send: ', 'H3sg4cDDchFfix2NBYA8adwZD8PMC1UzKKCHSdfExkr']
['Unable to send: ', 'H3sg4cDDchFfix2NBYA8adwZD8PMC1UzKKCHSdfExkr']
['Unable to send: ', 'H3sg4cDDchFfix2NBYA8adwZD8PMC1UzKKCHSdfExkr']
['Unable to send: ', 'H3sg4cDDchFfix2NBYA8adwZD8PMC1UzKKCHSdfExkr']
['Unable to send: ', 'H3sg4cDDchFfix2NBYA8adwZD8PMC1UzKKCHSdfExkr']
['Unable to send: ', 'H3sg4cDDchFfix2NBYA8adwZD8PMC1UzKKCHSdfExkr']
['Unable to send: ', 'H3sg4cDDchFfix2NBYA8adwZD8PMC1UzKKCHSdfExkr']
['Unable to send: ', 'H3sg4cDDchFfix2NBYA8adwZD8PMC1UzKKCHSdfExkr']
['Unable to send: ', 'H3sg4cDDchFfix2NBYA8adwZD8PMC1UzKKCHSdfExkr']
['Unable to send: ', 'H3sg4cDDchFfix2NBYA8adwZD8PMC1UzKKCHSdfExkr']
['Unable to send: ', 'H3sg4cDDchFfix2NBYA8adwZD8PMC1UzKKCHSdfExkr']
['Unable to send: ', 'H3sg4cDDchFfix2NBYA8adwZD8PMC1UzKKCHSdfExkr']
['Unable to send: ', 'H3sg4cDDchFfix2NBYA8adwZD8PMC1UzKKCHSdfExkr']
['Unable to send: ', 'H3sg4cDDchFfix2NBYA8adwZD8PMC1UzKKCHSdfExkr']
['Unable to send: ', 'H3sg4cDDchFfix2NBYA8adwZD8PMC1UzKKCHSdfExkr']
['Unable to send: ', 'H3sg4cDDchFfix2NBYA8adwZD8PMC1UzKKCHSdfExkr']
['Unable to send: ', 'H3sg4cDDchFfix2NBYA8adwZD8PMC1UzKKCHSdfExkr']
['Unable to send: ', 'H3sg4cDDchFfix2NBYA8adwZD8PMC1UzKKCHSdfExkr']
['Unable to send: ', 'H3sg4cDDchFfix2NBYA8adwZD8PMC1UzKKCHSdfExkr']
['Unable to send: ', 'H3sg4cDDchFfix2NBYA8adwZD8PMC1UzKKCHSdfExkr']
['Unable to send: ', 'H3sg4cDDchFfix2NBYA8adwZD8PMC1UzKKCHSdfExkr']
['Unable to send: ', 'H3sg4cDDchFfix2NBYA8adwZD8PMC1UzKKCHSdfExkr']
['Unable to send: ', 'H3sg4cDDchFfix2NBYA8adwZD8PMC1UzKKCHSdfExkr']
['Unable to send: ', 'H3sg4cDDchFfix2NBYA8adwZD8PMC1UzKKCHSdfExkr']
['Unable to send: ', 'H3sg4cDDchFfix2NBYA8adwZD8PMC1UzKKCHSdfExkr']
['Unable to send: ', 'H3sg4cDDchFfix2NBYA8adwZD8PMC1UzKKCHSdfExkr']
['Unable to send: ', 'H3sg4cDDchFfix2NBYA8adwZD8PMC1UzKKCHSdfExkr']
['Unable to send: ', 'H3sg4cDDchFfix2NBYA8adwZD8PMC1UzKKCHSdfExkr']
['Unable to send: ', 'H3sg4cDDchFfix2NBYA8adwZD8PMC1UzKKCHSdfExkr']
['Unable to send: ', 'H3sg4cDDchFfix2NBYA8adwZD8PMC1UzKKCHSdfExkr']
['Unable to send: ', 'H3sg4cDDchFfix2NBYA8adwZD8PMC1UzKKCHSdfExkr']
['Unable to send: ', 'H3sg4cDDchFfix2NBYA8adwZD8PMC1UzKKCHSdfExkr']
['Unable to send: ', 'H3sg4cDDchFfix2NBYA8adwZD8PMC1UzKKCHSdfExkr']
['Unable to send: ', 'H3sg4cDDchFfix2NBYA8adwZD8PMC1UzKKCHSdfExkr']
['Unable to send: ', 'H3sg4cDDchFfix2NBYA8adwZD8PMC1UzKKCHSdfExkr']
['Unable to send: ', 'H3sg4cDDchFfix2NBYA8adwZD8PMC1UzKKCHSdfExkr']
['Unable to send: ', 'H3sg4cDDchFfix2NBYA8adwZD8PMC1UzKKCHSdfExkr']
['Unable to send: ', 'H3sg4cDDchFfix2NBYA8adwZD8PMC1UzKKCHSdfExkr']
['Unable to send: ', 'H3sg4cDDchFfix2NBYA8adwZD8PMC1UzKKCHSdfExkr']
['Unable to send: ', 'H3sg4cDDchFfix2NBYA8adwZD8PMC1UzKKCHSdfExkr']
['Unable to send: ', 'H3sg4cDDchFfix2NBYA8adwZD8PMC1UzKKCHSdfExkr']
['Unable to send: ', 'H3sg4cDDchFfix2NBYA8adwZD8PMC1UzKKCHSdfExkr']
['Unable to send: ', 'H3sg4cDDchFfix2NBYA8adwZD8PMC1UzKKCHSdfExkr']
['Unable to send: ', 'H3sg4cDDchFfix2NBYA8adwZD8PMC1UzKKCHSdfExkr']
['Unable to send: ', 'H3sg4cDDchFfix2NBYA8adwZD8PMC1UzKKCHSdfExkr']
['Unable to send: ', 'H3sg4cDDchFfix2NBYA8adwZD8PMC1UzKKCHSdfExkr']
['Unable to send: ', 'H3sg4cDDchFfix2NBYA8adwZD8PMC1UzKKCHSdfExkr']
['Unable to send: ', 'H3sg4cDDchFfix2NBYA8adwZD8PMC1UzKKCHSdfExkr']
['Unable to send: ', 'H3sg4cDDchFfix2NBYA8adwZD8PMC1UzKKCHSdfExkr']
['Unable to send: ', 'H3sg4cDDchFfix2NBYA8adwZD8PMC1UzKKCHSdfExkr']
['Unable to send: ', 'H3sg4cDDchFfix2NBYA8adwZD8PMC1UzKKCHSdfExkr']
['Unable to send: ', 'H3sg4cDDchFfix2NBYA8adwZD8PMC1UzKKCHSdfExkr']
['Unable to send: ', 'H3sg4cDDchFfix2NBYA8adwZD8PMC1UzKKCHSdfExkr']
['Unable to send: ', 'H3sg4cDDchFfix2NBYA8adwZD8PMC1UzKKCHSdfExkr']
['Unable to send: ', 'H3sg4cDDchFfix2NBYA8adwZD8PMC1UzKKCHSdfExkr']
['Unable to send: ', 'H3sg4cDDchFfix2NBYA8adwZD8PMC1UzKKCHSdfExkr']
['Unable to send: ', 'H3sg4cDDchFfix2NBYA8adwZD8PMC1UzKKCHSdfExkr']
['Unable to send: ', 'H3sg4cDDchFfix2NBYA8adwZD8PMC1UzKKCHSdfExkr']
['Unable to send: ', 'H3sg4cDDchFfix2NBYA8adwZD8PMC1UzKKCHSdfExkr']
['Unable to send: ', 'H3sg4cDDchFfix2NBYA8adwZD8PMC1UzKKCHSdfExkr']
['Unable to send: ', 'H3sg4cDDchFfix2NBYA8adwZD8PMC1UzKKCHSdfExkr']
['Unable to send: ', 'H3sg4cDDchFfix2NBYA8adwZD8PMC1UzKKCHSdfExkr']
['Unable to send: ', 'H3sg4cDDchFfix2NBYA8adwZD8PMC1UzKKCHSdfExkr']
['Unable to send: ', 'H3sg4cDDchFfix2NBYA8adwZD8PMC1UzKKCHSdfExkr']
['Unable to send: ', 'H3sg4cDDchFfix2NBYA8adwZD8PMC1UzKKCHSdfExkr']
['Unable to send: ', 'H3sg4cDDchFfix2NBYA8adwZD8PMC1UzKKCHSdfExkr']
['Unable to send: ', 'H3sg4cDDchFfix2NBYA8adwZD8PMC1UzKKCHSdfExkr']
['Unable to send: ', 'H3sg4cDDchFfix2NBYA8adwZD8PMC1UzKKCHSdfExkr']
['Unable to send: ', 'H3sg4cDDchFfix2NBYA8adwZD8PMC1UzKKCHSdfExkr']
['Unable to send: ', 'H3sg4cDDchFfix2NBYA8adwZD8PMC1UzKKCHSdfExkr']
['Unable to send: ', 'H3sg4cDDchFfix2NBYA8adwZD8PMC1UzKKCHSdfExkr']
['Unable to send: ', 'H3sg4cDDchFfix2NBYA8adwZD8PMC1UzKKCHSdfExkr']
['Unable to send: ', 'H3sg4cDDchFfix2NBYA8adwZD8PMC1UzKKCHSdfExkr']
['Unable to send: ', 'H3sg4cDDchFfix2NBYA8adwZD8PMC1UzKKCHSdfExkr']
['Unable to send: ', 'H3sg4cDDchFfix2NBYA8adwZD8PMC1UzKKCHSdfExkr']
['Unable to send: ', 'H3sg4cDDchFfix2NBYA8adwZD8PMC1UzKKCHSdfExkr']
['Unable to send: ', 'H3sg4cDDchFfix2NBYA8adwZD8PMC1UzKKCHSdfExkr']
['Unable to send: ', 'H3sg4cDDchFfix2NBYA8adwZD8PMC1UzKKCHSdfExkr']
['Unable to send: ', 'H3sg4cDDchFfix2NBYA8adwZD8PMC1UzKKCHSdfExkr']
['Unable to send: ', 'H3sg4cDDchFfix2NBYA8adwZD8PMC1UzKKCHSdfExkr']
['Unable to send: ', 'H3sg4cDDchFfix2NBYA8adwZD8PMC1UzKKCHSdfExkr']
['Unable to send: ', 'H3sg4cDDchFfix2NBYA8adwZD8PMC1UzKKCHSdfExkr']
['Unable to send: ', 'H3sg4cDDchFfix2NBYA8adwZD8PMC1UzKKCHSdfExkr']
['Unable to send: ', 'H3sg4cDDchFfix2NBYA8adwZD8PMC1UzKKCHSdfExkr']
['Unable to send: ', 'H3sg4cDDchFfix2NBYA8adwZD8PMC1UzKKCHSdfExkr']
['Unable to send: ', 'H3sg4cDDchFfix2NBYA8adwZD8PMC1UzKKCHSdfExkr']
['Unable to send: ', 'H3sg4cDDchFfix2NBYA8adwZD8PMC1UzKKCHSdfExkr']
['Unable to send: ', 'H3sg4cDDchFfix2NBYA8adwZD8PMC1UzKKCHSdfExkr']
['Unable to send: ', 'H3sg4cDDchFfix2NBYA8adwZD8PMC1UzKKCHSdfExkr']
['Unable to send: ', 'H3sg4cDDchFfix2NBYA8adwZD8PMC1UzKKCHSdfExkr']
['Unable to send: ', 'H3sg4cDDchFfix2NBYA8adwZD8PMC1UzKKCHSdfExkr']
['Unable to send: ', 'H3sg4cDDchFfix2NBYA8adwZD8PMC1UzKKCHSdfExkr']
['Unable to send: ', 'H3sg4cDDchFfix2NBYA8adwZD8PMC1UzKKCHSdfExkr']
['Unable to send: ', 'H3sg4cDDchFfix2NBYA8adwZD8PMC1UzKKCHSdfExkr']
['Unable to send: ', 'H3sg4cDDchFfix2NBYA8adwZD8PMC1UzKKCHSdfExkr']
['Unable to send: ', 'H3sg4cDDchFfix2NBYA8adwZD8PMC1UzKKCHSdfExkr']
['Unable to send: ', 'H3sg4cDDchFfix2NBYA8adwZD8PMC1UzKKCHSdfExkr']
['Unable to send: ', 'H3sg4cDDchFfix2NBYA8adwZD8PMC1UzKKCHSdfExkr']
['Unable to send: ', 'H3sg4cDDchFfix2NBYA8adwZD8PMC1UzKKCHSdfExkr']
['Unable to send: ', 'H3sg4cDDchFfix2NBYA8adwZD8PMC1UzKKCHSdfExkr']
['Unable to send: ', 'H3sg4cDDchFfix2NBYA8adwZD8PMC1UzKKCHSdfExkr']
['Unable to send: ', 'H3sg4cDDchFfix2NBYA8adwZD8PMC1UzKKCHSdfExkr']
['Unable to send: ', 'H3sg4cDDchFfix2NBYA8adwZD8PMC1UzKKCHSdfExkr']
['Unable to send: ', 'H3sg4cDDchFfix2NBYA8adwZD8PMC1UzKKCHSdfExkr']
['Unable to send: ', 'H3sg4cDDchFfix2NBYA8adwZD8PMC1UzKKCHSdfExkr']
['Unable to send: ', 'H3sg4cDDchFfix2NBYA8adwZD8PMC1UzKKCHSdfExkr']
['Unable to send: ', 'H3sg4cDDchFfix2NBYA8adwZD8PMC1UzKKCHSdfExkr']
['Unable to send: ', 'H3sg4cDDchFfix2NBYA8adwZD8PMC1UzKKCHSdfExkr']
['Unable to send: ', 'H3sg4cDDchFfix2NBYA8adwZD8PMC1UzKKCHSdfExkr']
['Unable to send: ', 'H3sg4cDDchFfix2NBYA8adwZD8PMC1UzKKCHSdfExkr']
['Unable to send: ', 'H3sg4cDDchFfix2NBYA8adwZD8PMC1UzKKCHSdfExkr']
['Unable to send: ', 'H3sg4cDDchFfix2NBYA8adwZD8PMC1UzKKCHSdfExkr']
['Unable to send: ', 'H3sg4cDDchFfix2NBYA8adwZD8PMC1UzKKCHSdfExkr']
['Unable to send: ', 'H3sg4cDDchFfix2NBYA8adwZD8PMC1UzKKCHSdfExkr']
['Unable to send: ', 'H3sg4cDDchFfix2NBYA8adwZD8PMC1UzKKCHSdfExkr']
['Unable to send: ', 'H3sg4cDDchFfix2NBYA8adwZD8PMC1UzKKCHSdfExkr']
['Unable to send: ', 'H3sg4cDDchFfix2NBYA8adwZD8PMC1UzKKCHSdfExkr']
['Unable to send: ', 'H3sg4cDDchFfix2NBYA8adwZD8PMC1UzKKCHSdfExkr']
['Unable to send: ', 'H3sg4cDDchFfix2NBYA8adwZD8PMC1UzKKCHSdfExkr']
['Unable to send: ', 'H3sg4cDDchFfix2NBYA8adwZD8PMC1UzKKCHSdfExkr']
['Unable to send: ', 'H3sg4cDDchFfix2NBYA8adwZD8PMC1UzKKCHSdfExkr']
['Unable to send: ', 'H3sg4cDDchFfix2NBYA8adwZD8PMC1UzKKCHSdfExkr']
['Unable to send: ', 'H3sg4cDDchFfix2NBYA8adwZD8PMC1UzKKCHSdfExkr']
['Unable to send: ', 'H3sg4cDDchFfix2NBYA8adwZD8PMC1UzKKCHSdfExkr']
['Unable to send: ', 'H3sg4cDDchFfix2NBYA8adwZD8PMC1UzKKCHSdfExkr']
['Unable to send: ', 'H3sg4cDDchFfix2NBYA8adwZD8PMC1UzKKCHSdfExkr']
['Unable to send: ', 'H3sg4cDDchFfix2NBYA8adwZD8PMC1UzKKCHSdfExkr']
['Unable to send: ', 'H3sg4cDDchFfix2NBYA8adwZD8PMC1UzKKCHSdfExkr']
['Unable to send: ', 'H3sg4cDDchFfix2NBYA8adwZD8PMC1UzKKCHSdfExkr']
['Unable to send: ', '4wphzcX4ZP2aTb1o5jkbYdNWieT6K6XT6Enk2j1j2XRh']
['Unable to send: ', '4wphzcX4ZP2aTb1o5jkbYdNWieT6K6XT6Enk2j1j2XRh']
['Unable to send: ', '4wphzcX4ZP2aTb1o5jkbYdNWieT6K6XT6Enk2j1j2XRh']
['Unable to send: ', '4wphzcX4ZP2aTb1o5jkbYdNWieT6K6XT6Enk2j1j2XRh']
['Unable to send: ', '4wphzcX4ZP2aTb1o5jkbYdNWieT6K6XT6Enk2j1j2XRh']
['Unable to send: ', '4wphzcX4ZP2aTb1o5jkbYdNWieT6K6XT6Enk2j1j2XRh']
['Unable to send: ', '4wphzcX4ZP2aTb1o5jkbYdNWieT6K6XT6Enk2j1j2XRh']
['Unable to send: ', '4wphzcX4ZP2aTb1o5jkbYdNWieT6K6XT6Enk2j1j2XRh']
['Unable to send: ', '4wphzcX4ZP2aTb1o5jkbYdNWieT6K6XT6Enk2j1j2XRh']
['Unable to send: ', '4wphzcX4ZP2aTb1o5jkbYdNWieT6K6XT6Enk2j1j2XRh']
['Unable to send: ', '4wphzcX4ZP2aTb1o5jkbYdNWieT6K6XT6Enk2j1j2XRh']
['Unable to send: ', '4wphzcX4ZP2aTb1o5jkbYdNWieT6K6XT6Enk2j1j2XRh']
['Unable to send: ', '4wphzcX4ZP2aTb1o5jkbYdNWieT6K6XT6Enk2j1j2XRh']
['Unable to send: ', '4wphzcX4ZP2aTb1o5jkbYdNWieT6K6XT6Enk2j1j2XRh']
['Unable to send: ', '4wphzcX4ZP2aTb1o5jkbYdNWieT6K6XT6Enk2j1j2XRh']
['Unable to send: ', '4wphzcX4ZP2aTb1o5jkbYdNWieT6K6XT6Enk2j1j2XRh']
['Unable to send: ', '4wphzcX4ZP2aTb1o5jkbYdNWieT6K6XT6Enk2j1j2XRh']
['Unable to send: ', '4wphzcX4ZP2aTb1o5jkbYdNWieT6K6XT6Enk2j1j2XRh']
['Unable to send: ', '4wphzcX4ZP2aTb1o5jkbYdNWieT6K6XT6Enk2j1j2XRh']
['Unable to send: ', '4wphzcX4ZP2aTb1o5jkbYdNWieT6K6XT6Enk2j1j2XRh']
['Unable to send: ', '4wphzcX4ZP2aTb1o5jkbYdNWieT6K6XT6Enk2j1j2XRh']
['Unable to send: ', '4wphzcX4ZP2aTb1o5jkbYdNWieT6K6XT6Enk2j1j2XRh']
['Unable to send: ', '4wphzcX4ZP2aTb1o5jkbYdNWieT6K6XT6Enk2j1j2XRh']
['Unable to send: ', '4wphzcX4ZP2aTb1o5jkbYdNWieT6K6XT6Enk2j1j2XRh']
['Unable to send: ', '4wphzcX4ZP2aTb1o5jkbYdNWieT6K6XT6Enk2j1j2XRh']
['Unable to send: ', '4wphzcX4ZP2aTb1o5jkbYdNWieT6K6XT6Enk2j1j2XRh']
['Unable to send: ', '4wphzcX4ZP2aTb1o5jkbYdNWieT6K6XT6Enk2j1j2XRh']
['Unable to send: ', '4wphzcX4ZP2aTb1o5jkbYdNWieT6K6XT6Enk2j1j2XRh']
['Unable to send: ', '4wphzcX4ZP2aTb1o5jkbYdNWieT6K6XT6Enk2j1j2XRh']
['Unable to send: ', '4wphzcX4ZP2aTb1o5jkbYdNWieT6K6XT6Enk2j1j2XRh']
['Unable to send: ', '4wphzcX4ZP2aTb1o5jkbYdNWieT6K6XT6Enk2j1j2XRh']
['Unable to send: ', '4wphzcX4ZP2aTb1o5jkbYdNWieT6K6XT6Enk2j1j2XRh']
['Unable to send: ', '4wphzcX4ZP2aTb1o5jkbYdNWieT6K6XT6Enk2j1j2XRh']
['Unable to send: ', '4wphzcX4ZP2aTb1o5jkbYdNWieT6K6XT6Enk2j1j2XRh']
['Unable to send: ', '4wphzcX4ZP2aTb1o5jkbYdNWieT6K6XT6Enk2j1j2XRh']
['Unable to send: ', '4wphzcX4ZP2aTb1o5jkbYdNWieT6K6XT6Enk2j1j2XRh']
['Unable to send: ', '4wphzcX4ZP2aTb1o5jkbYdNWieT6K6XT6Enk2j1j2XRh']
['Unable to send: ', '4wphzcX4ZP2aTb1o5jkbYdNWieT6K6XT6Enk2j1j2XRh']
['Unable to send: ', '4wphzcX4ZP2aTb1o5jkbYdNWieT6K6XT6Enk2j1j2XRh']
['Unable to send: ', '4wphzcX4ZP2aTb1o5jkbYdNWieT6K6XT6Enk2j1j2XRh']
['Unable to send: ', '4wphzcX4ZP2aTb1o5jkbYdNWieT6K6XT6Enk2j1j2XRh']
['Unable to send: ', '4wphzcX4ZP2aTb1o5jkbYdNWieT6K6XT6Enk2j1j2XRh']
['Unable to send: ', '4wphzcX4ZP2aTb1o5jkbYdNWieT6K6XT6Enk2j1j2XRh']
['Unable to send: ', '4wphzcX4ZP2aTb1o5jkbYdNWieT6K6XT6Enk2j1j2XRh']
['Unable to send: ', '4wphzcX4ZP2aTb1o5jkbYdNWieT6K6XT6Enk2j1j2XRh']
['Unable to send: ', '4wphzcX4ZP2aTb1o5jkbYdNWieT6K6XT6Enk2j1j2XRh']
['Unable to send: ', '4wphzcX4ZP2aTb1o5jkbYdNWieT6K6XT6Enk2j1j2XRh']
['Unable to send: ', '4wphzcX4ZP2aTb1o5jkbYdNWieT6K6XT6Enk2j1j2XRh']
['Unable to send: ', '4wphzcX4ZP2aTb1o5jkbYdNWieT6K6XT6Enk2j1j2XRh']
['Unable to send: ', '4wphzcX4ZP2aTb1o5jkbYdNWieT6K6XT6Enk2j1j2XRh']
['Unable to send: ', '4wphzcX4ZP2aTb1o5jkbYdNWieT6K6XT6Enk2j1j2XRh']
['Unable to send: ', '4wphzcX4ZP2aTb1o5jkbYdNWieT6K6XT6Enk2j1j2XRh']
['Unable to send: ', '4wphzcX4ZP2aTb1o5jkbYdNWieT6K6XT6Enk2j1j2XRh']
['Unable to send: ', '4wphzcX4ZP2aTb1o5jkbYdNWieT6K6XT6Enk2j1j2XRh']
['Unable to send: ', '4wphzcX4ZP2aTb1o5jkbYdNWieT6K6XT6Enk2j1j2XRh']
['Unable to send: ', '4wphzcX4ZP2aTb1o5jkbYdNWieT6K6XT6Enk2j1j2XRh']
['Unable to send: ', '4wphzcX4ZP2aTb1o5jkbYdNWieT6K6XT6Enk2j1j2XRh']
['Unable to send: ', '4wphzcX4ZP2aTb1o5jkbYdNWieT6K6XT6Enk2j1j2XRh']
['Unable to send: ', '4wphzcX4ZP2aTb1o5jkbYdNWieT6K6XT6Enk2j1j2XRh']
['Unable to send: ', '4wphzcX4ZP2aTb1o5jkbYdNWieT6K6XT6Enk2j1j2XRh']
['Unable to send: ', '4wphzcX4ZP2aTb1o5jkbYdNWieT6K6XT6Enk2j1j2XRh']
['Unable to send: ', '4wphzcX4ZP2aTb1o5jkbYdNWieT6K6XT6Enk2j1j2XRh']
['Unable to send: ', '4wphzcX4ZP2aTb1o5jkbYdNWieT6K6XT6Enk2j1j2XRh']
['Unable to send: ', '4wphzcX4ZP2aTb1o5jkbYdNWieT6K6XT6Enk2j1j2XRh']
['Unable to send: ', '4wphzcX4ZP2aTb1o5jkbYdNWieT6K6XT6Enk2j1j2XRh']
['Unable to send: ', '4wphzcX4ZP2aTb1o5jkbYdNWieT6K6XT6Enk2j1j2XRh']
['Unable to send: ', '4wphzcX4ZP2aTb1o5jkbYdNWieT6K6XT6Enk2j1j2XRh']
['Unable to send: ', '4wphzcX4ZP2aTb1o5jkbYdNWieT6K6XT6Enk2j1j2XRh']
['Unable to send: ', '4wphzcX4ZP2aTb1o5jkbYdNWieT6K6XT6Enk2j1j2XRh']
['Unable to send: ', '4wphzcX4ZP2aTb1o5jkbYdNWieT6K6XT6Enk2j1j2XRh']
['Unable to send: ', '4wphzcX4ZP2aTb1o5jkbYdNWieT6K6XT6Enk2j1j2XRh']
['Unable to send: ', '4wphzcX4ZP2aTb1o5jkbYdNWieT6K6XT6Enk2j1j2XRh']
['Unable to send: ', '4wphzcX4ZP2aTb1o5jkbYdNWieT6K6XT6Enk2j1j2XRh']
['Unable to send: ', '4wphzcX4ZP2aTb1o5jkbYdNWieT6K6XT6Enk2j1j2XRh']
['Unable to send: ', '4wphzcX4ZP2aTb1o5jkbYdNWieT6K6XT6Enk2j1j2XRh']
['Unable to send: ', '4wphzcX4ZP2aTb1o5jkbYdNWieT6K6XT6Enk2j1j2XRh']
['Unable to send: ', '4wphzcX4ZP2aTb1o5jkbYdNWieT6K6XT6Enk2j1j2XRh']
['Unable to send: ', '4wphzcX4ZP2aTb1o5jkbYdNWieT6K6XT6Enk2j1j2XRh']
['Unable to send: ', '4wphzcX4ZP2aTb1o5jkbYdNWieT6K6XT6Enk2j1j2XRh']
['Unable to send: ', '4wphzcX4ZP2aTb1o5jkbYdNWieT6K6XT6Enk2j1j2XRh']
['Unable to send: ', '4wphzcX4ZP2aTb1o5jkbYdNWieT6K6XT6Enk2j1j2XRh']
['Unable to send: ', '4wphzcX4ZP2aTb1o5jkbYdNWieT6K6XT6Enk2j1j2XRh']
['Unable to send: ', '4wphzcX4ZP2aTb1o5jkbYdNWieT6K6XT6Enk2j1j2XRh']
['Unable to send: ', '4wphzcX4ZP2aTb1o5jkbYdNWieT6K6XT6Enk2j1j2XRh']
['removed token due to low token ratio added to the lp pool:  ', 'AaUtSzM5Thp3hMZZFtNjnWVX9WPu9AWQRKfbZdSDYeF7']
['removed token due to low token ratio added to the lp pool:  ', 'cqZA59JY3psGoMYfAx9DMhFCD647jJyKwjCzUHAbPDR']
['error fetching burn tx...most likely removed liquidty ', 'DYm63yZarPGM5m6iEPgRwvSicg4vF2hQ2JvW5XJ52Y6u']
['removed token due to low token ratio added to the lp pool:  ', '8UeC9iE2FaUs1rhh8efGzKVgRkh1k7w4BpHwaYKiMwM1']
['removed token due to low token ratio added to the lp pool:  ', '3a19r5YcqbGRWqDciDgZoD9aA76w39EWhRWgPW33Armc']
['liquidty removed', '8TstBVww8C1gjs8PcUJsKXHZ9TN1XefSoMuSovx1yVw8']
["removed token since it's expiration time has passed ", 'FDyqFWVzYHf2gkfje8oPn1Kne7fREYG2DtbUr8FCDSf5']
["removed token since it's expiration time has passed ", 'EW3bhyEUE7tJwA8ZPaYCLpvSmAYdMoUNVHbprMF4LUGk']
["removed token since it's expiration time has passed ", 'Cm6k3mXTQUGZQQRZxMyzY8L9vknKC7TB242rgn7Xsx1w']
['liquidty removed', '3sDWXiUG9YRJZngpgk7RfLsqbBUBbWaSPVeotsQNEiMd']
['liquidty removed', 'Bir8ZuYrXeRmzE6ua18GNjNLGwpHnNsMKGakbhbWjuSW']
['liquidty removed', 'GE4w5uQxV9CFiEThssVy5Lb6pDvMbQ1NVULrDQJTTE8r']
['liquidty removed', '6Dv7bVaCwz67NHTQvMNCWeKqfJzubRyLh462Bs57AJjA']
['removed token due to low token ratio added to the lp pool:  ', 'HtNnG16hqTJ3grgSYUtYn1W2Dx3fEDHzczzmPP63mzm6']
['liquidty removed', 'DVDCqYgQFqhS9MYYDPbJZjxb8MRR5qfRhtbGauCBqa8A']
['removed token due to low token ratio added to the lp pool:  ', 'Es9vMqcboLdoGKHbdiQC6WqrVq3HesivB57vito4KhHk']
['removed token due to low token ratio added to the lp pool:  ', 'Gw6o8Kqp5yw9mMGLyvaS73kuZ5dzdcHPq12NGu4Kp5SA']
['removed token due to low token ratio added to the lp pool:  ', 'Ete1DYmQsqrp7FHy4gZWzL6FDCmTKLuoKSJSHxZwffPA']
['liquidty removed', '3n6DqpgCRWv9CuRLyxzvYwXsDJkq4BJixA7SbtDJhEdD']
['removed token due to low token ratio added to the lp pool:  ', 'DQrqqL7kim1ZTZCgK7SFVhVWxtCiLB2qJaXBMRSDNhtC']
['removed token due to low token ratio added to the lp pool:  ', '3szQbjYA9W1kHTzvAf3P7v2bbR25x8FZjkHbpPLk2xZk']
['removed token due to low initial liquidity :  ', '4Scdym5Uh3bhRyMqupxN7e2SqbnBDoPtEeP9gwANb8BK']
['liquidty removed', '9JDjFvz5ecJ5HhLhvbQ57hasZP9bBL2YtV6UdDC2xRBf']
['removed token due to low token ratio added to the lp pool:  ', '7aomBtG6MkyCJQUK73nZ7E7Fr3oZj6AUR5Z92Str5jY2']
['removed token due to low initial liquidity :  ', '75EJ7NT7b983XL3C23x51nw7LVbnGdJviTCoUFSFGBb6']
['removed token due to low token ratio added to the lp pool:  ', '7cb9jtCzqEboVLqPrjcAB5U9Asug29LT6TV7U7t1kgve']
['removed token due to low token ratio added to the lp pool:  ', '7unYePWUHcpB28cnS65TpqT2qqmZaftRz9QABkdR8yN7']
['removed token due to very low amount of  tokens sent to lp pool ', 'AD29dfGKTgESCX2CUX2zsVG2HzVGcz5fEkJGqfHtzpDQ']
['removed token due to low token ratio added to the lp pool:  ', '9mu9cHqH2grMCDu2wXTKnDgKUDcPB8BZNPjogEiVetd2']
['removed token due to low initial liquidity :  ', 'HPyhmZYNxYu3JcLvajTonSGCGN4JHpFPpSRUSYcViAid']
['removed token due to low token ratio added to the lp pool:  ', 'GumGvx9SAGXq3Zqo3xa5jNZGFGV8veksv4MAptoHnbML']
['liquidty removed', 'CaPsyLJKY4wG9WpGU3Utmxj5a1mrKmVHeurEjkQnUh7g']
['liquidty removed', '9pcJq2nkGitqZmgPkFUV64CvGpYNrhimUGceoUvZaZHE']
['liquidty removed', '7Xrz4uH5Yc7PaYVkakpBnemPnvRmip5rVQK9WY9aZNWp']
['liquidty removed', 'F9gxfMkC8PodVZrgD8SkpkL8xY8eUm6UZQqpaNFnj5Sn']
['token sniped by dev: ', '4MU8NWnyNqBdDyfrQapzH1XXzSjVLfKUcDNJbdW3vc1R']
['removed token due to low token ratio added to the lp pool:  ', 'FYZAjVnr8mGc82hYT4584PWcyDjhGhyhs3eEdQcQ1i8F']
['liquidty removed', '88ChvanaAFXvH9EKSFdLRDV89fW8tDP8kK5hKHTWqURW']
['liquidty removed', '4B3DBhW3CsFM1i2PDR2oV42UPvLHyU5P8KmdpeAtDDKw']
['liquidty removed', 'EqR86E5v3mQAyLbVbkBMna7f8iG6ucd6P571WLPmFf6B']
['removed token due to low initial liquidity :  ', '8nBqU2e21VNEM4UqUcEWLyLfEXDKeHYqeNr13q621yD8']
['removed token due to low initial liquidity :  ', '7Foid7FnxFWXEaPn9veohEuN2FB5gLSn9R7Esane5zwz']
["removed token since it's expiration time has passed ", '3mkc7UfnF4AKPXMh22gTeifmPNLezdS3Ayugr5kK1nR6']
['removed token due to low initial liquidity :  ', '26CvYayXuSuPTMrNDdQxwQcF3ngpZncE1PLTTuCP9oLa']
["removed token since it's expiration time has passed ", '3d8jYuWbeGJKuPviTaJYeTbwr3eaD8TiK1WwccbD7Aaa']
['removed token due to low initial liquidity :  ', 'Gh8KTU38QpLpC6yjjxbLPBTwRpcUDUEhMqtZHjfLyoKt']
['liquidty removed', '9yjdD5FWtd5uVYNjH1SYNhwLE9atmAsM4rXRVLU4PfmQ']
['token sniped by dev: ', 'FU57Rv6Hh93hCpGg8kxUaWwykDpAsFaFP5fR9WcJMuQ']
["removed token since it's expiration time has passed ", 'CsAHpJeWTHdSKkJwjqdJxASDH5aUPLs5QACqRw1wgQx5']
['removed token due to low token ratio added to the lp pool:  ', 'FcY2QM66Hd8LmHcMmKQVXCjCtUtniauSsS31AC4kVKr6']
["removed token since it's expiration time has passed ", '4QtXUJVPj3W8EnFN18cQjs5LpSbPT6DHj3eFAeqbyHHV']
['liquidty removed', 'FWYyYATU7yDfjL4kFxvbLCQKJEncBTJzGX9CkUQ8G2cH']
["removed token since it's expiration time has passed ", '8KWbsAMwFpyvHdZHFeeja5GPPfoYKYVpGvNbTcqXNNq9']
